Archive member included to satisfy reference by file (symbol)

/usr/lib/gcc/arm-none-eabi/13.2.1/../../../arm-none-eabi/lib/thumb/v7e-m+fp/hard/libc_nano.a(libc_a-init.o)
                              /usr/lib/gcc/arm-none-eabi/13.2.1/../../../arm-none-eabi/lib/thumb/v7e-m+fp/hard/crt0.o (__libc_init_array)
/usr/lib/gcc/arm-none-eabi/13.2.1/../../../arm-none-eabi/lib/thumb/v7e-m+fp/hard/libc_nano.a(libc_a-memset.o)
                              /usr/lib/gcc/arm-none-eabi/13.2.1/../../../arm-none-eabi/lib/thumb/v7e-m+fp/hard/crt0.o (memset)
/usr/lib/gcc/arm-none-eabi/13.2.1/../../../arm-none-eabi/lib/thumb/v7e-m+fp/hard/libc_nano.a(libc_a-nano-vfprintf_float.o)
                              (_printf_float)
/usr/lib/gcc/arm-none-eabi/13.2.1/../../../arm-none-eabi/lib/thumb/v7e-m+fp/hard/libc_nano.a(libc_a-dtoa.o)
                              /usr/lib/gcc/arm-none-eabi/13.2.1/../../../arm-none-eabi/lib/thumb/v7e-m+fp/hard/libc_nano.a(libc_a-nano-vfprintf_float.o) (_dtoa_r)
/usr/lib/gcc/arm-none-eabi/13.2.1/../../../arm-none-eabi/lib/thumb/v7e-m+fp/hard/libc_nano.a(libc_a-memcpy.o)
                              /usr/lib/gcc/arm-none-eabi/13.2.1/../../../arm-none-eabi/lib/thumb/v7e-m+fp/hard/libc_nano.a(libc_a-dtoa.o) (memcpy)
/usr/lib/gcc/arm-none-eabi/13.2.1/../../../arm-none-eabi/lib/thumb/v7e-m+fp/hard/libc_nano.a(libc_a-malloc.o)
                              /usr/lib/gcc/arm-none-eabi/13.2.1/../../../arm-none-eabi/lib/thumb/v7e-m+fp/hard/libc_nano.a(libc_a-dtoa.o) (malloc)
/usr/lib/gcc/arm-none-eabi/13.2.1/../../../arm-none-eabi/lib/thumb/v7e-m+fp/hard/libc_nano.a(libc_a-nano-vfprintf_i.o)
                              /usr/lib/gcc/arm-none-eabi/13.2.1/../../../arm-none-eabi/lib/thumb/v7e-m+fp/hard/libc_nano.a(libc_a-nano-vfprintf_float.o) (_printf_common)
/usr/lib/gcc/arm-none-eabi/13.2.1/../../../arm-none-eabi/lib/thumb/v7e-m+fp/hard/libc_nano.a(libc_a-exit.o)
                              /usr/lib/gcc/arm-none-eabi/13.2.1/../../../arm-none-eabi/lib/thumb/v7e-m+fp/hard/crt0.o (exit)
/usr/lib/gcc/arm-none-eabi/13.2.1/../../../arm-none-eabi/lib/thumb/v7e-m+fp/hard/libc_nano.a(libc_a-atexit.o)
                              /usr/lib/gcc/arm-none-eabi/13.2.1/../../../arm-none-eabi/lib/thumb/v7e-m+fp/hard/crt0.o (atexit)
/usr/lib/gcc/arm-none-eabi/13.2.1/../../../arm-none-eabi/lib/thumb/v7e-m+fp/hard/libc_nano.a(libc_a-fini.o)
                              /usr/lib/gcc/arm-none-eabi/13.2.1/../../../arm-none-eabi/lib/thumb/v7e-m+fp/hard/crt0.o (__libc_fini_array)
/usr/lib/gcc/arm-none-eabi/13.2.1/../../../arm-none-eabi/lib/thumb/v7e-m+fp/hard/libc_nano.a(libc_a-assert.o)
                              /usr/lib/gcc/arm-none-eabi/13.2.1/../../../arm-none-eabi/lib/thumb/v7e-m+fp/hard/libc_nano.a(libc_a-dtoa.o) (__assert_func)
/usr/lib/gcc/arm-none-eabi/13.2.1/../../../arm-none-eabi/lib/thumb/v7e-m+fp/hard/libc_nano.a(libc_a-mprec.o)
                              /usr/lib/gcc/arm-none-eabi/13.2.1/../../../arm-none-eabi/lib/thumb/v7e-m+fp/hard/libc_nano.a(libc_a-dtoa.o) (_Balloc)
/usr/lib/gcc/arm-none-eabi/13.2.1/../../../arm-none-eabi/lib/thumb/v7e-m+fp/hard/libc_nano.a(libc_a-impure.o)
                              /usr/lib/gcc/arm-none-eabi/13.2.1/../../../arm-none-eabi/lib/thumb/v7e-m+fp/hard/libc_nano.a(libc_a-malloc.o) (_impure_ptr)
/usr/lib/gcc/arm-none-eabi/13.2.1/../../../arm-none-eabi/lib/thumb/v7e-m+fp/hard/libc_nano.a(libc_a-localeconv.o)
                              /usr/lib/gcc/arm-none-eabi/13.2.1/../../../arm-none-eabi/lib/thumb/v7e-m+fp/hard/libc_nano.a(libc_a-nano-vfprintf_float.o) (_localeconv_r)
/usr/lib/gcc/arm-none-eabi/13.2.1/../../../arm-none-eabi/lib/thumb/v7e-m+fp/hard/libc_nano.a(libc_a-findfp.o)
                              /usr/lib/gcc/arm-none-eabi/13.2.1/../../../arm-none-eabi/lib/thumb/v7e-m+fp/hard/libc_nano.a(libc_a-exit.o) (__stdio_exit_handler)
/usr/lib/gcc/arm-none-eabi/13.2.1/../../../arm-none-eabi/lib/thumb/v7e-m+fp/hard/libc_nano.a(libc_a-abort.o)
                              /usr/lib/gcc/arm-none-eabi/13.2.1/../../../arm-none-eabi/lib/thumb/v7e-m+fp/hard/libc_nano.a(libc_a-assert.o) (abort)
/usr/lib/gcc/arm-none-eabi/13.2.1/../../../arm-none-eabi/lib/thumb/v7e-m+fp/hard/libc_nano.a(libc_a-strlen.o)
                              /usr/lib/gcc/arm-none-eabi/13.2.1/../../../arm-none-eabi/lib/thumb/v7e-m+fp/hard/libc_nano.a(libc_a-nano-vfprintf_float.o) (strlen)
/usr/lib/gcc/arm-none-eabi/13.2.1/../../../arm-none-eabi/lib/thumb/v7e-m+fp/hard/libc_nano.a(libc_a-fflush.o)
                              /usr/lib/gcc/arm-none-eabi/13.2.1/../../../arm-none-eabi/lib/thumb/v7e-m+fp/hard/libc_nano.a(libc_a-findfp.o) (_fflush_r)
/usr/lib/gcc/arm-none-eabi/13.2.1/../../../arm-none-eabi/lib/thumb/v7e-m+fp/hard/libc_nano.a(libc_a-callocr.o)
                              /usr/lib/gcc/arm-none-eabi/13.2.1/../../../arm-none-eabi/lib/thumb/v7e-m+fp/hard/libc_nano.a(libc_a-mprec.o) (_calloc_r)
[...]
Memory Configuration

Name             Origin             Length             Attributes
RAM              0x20000000         0x00008000         xrw
RAM2             0x10000000         0x00002000         xrw
FLASH            0x08000000         0x00020000         xr
*default*        0x00000000         0xffffffff

Linker script and memory map

LOAD /usr/lib/gcc/arm-none-eabi/13.2.1/thumb/v7e-m+fp/hard/crti.o
LOAD /usr/lib/gcc/arm-none-eabi/13.2.1/thumb/v7e-m+fp/hard/crtbegin.o
LOAD /usr/lib/gcc/arm-none-eabi/13.2.1/../../../arm-none-eabi/lib/thumb/v7e-m+fp/hard/crt0.o
START GROUP
LOAD /usr/lib/gcc/arm-none-eabi/13.2.1/../../../arm-none-eabi/lib/thumb/v7e-m+fp/hard/libc_nano.a
LOAD /usr/lib/gcc/arm-none-eabi/13.2.1/../../../arm-none-eabi/lib/thumb/v7e-m+fp/hard/libm.a
END GROUP
LOAD CMakeFiles/ESC.dir/debugf_vcp/debugf_vcp.c.obj
LOAD CMakeFiles/ESC.dir/Src/main.c.obj
LOAD CMakeFiles/ESC.dir/Src/gpio.c.obj
LOAD CMakeFiles/ESC.dir/Src/adc.c.obj
LOAD CMakeFiles/ESC.dir/Src/i2c.c.obj
LOAD CMakeFiles/ESC.dir/Src/tim.c.obj
LOAD CMakeFiles/ESC.dir/Src/usb_device.c.obj
LOAD CMakeFiles/ESC.dir/Src/usbd_conf.c.obj
LOAD CMakeFiles/ESC.dir/Src/usbd_desc.c.obj
LOAD CMakeFiles/ESC.dir/Src/usbd_cdc_if.c.obj
LOAD CMakeFiles/ESC.dir/Src/stm32l4xx_it.c.obj
LOAD CMakeFiles/ESC.dir/Src/stm32l4xx_hal_msp.c.obj
LOAD CMakeFiles/ESC.dir/Drivers/STM32L4xx_HAL_Driver/Src/stm32l4xx_hal_pcd.c.obj
LOAD CMakeFiles/ESC.dir/Drivers/STM32L4xx_HAL_Driver/Src/stm32l4xx_hal_pcd_ex.c.obj
LOAD CMakeFiles/ESC.dir/Drivers/STM32L4xx_HAL_Driver/Src/stm32l4xx_ll_usb.c.obj
LOAD CMakeFiles/ESC.dir/Drivers/STM32L4xx_HAL_Driver/Src/stm32l4xx_hal.c.obj
LOAD CMakeFiles/ESC.dir/Drivers/STM32L4xx_HAL_Driver/Src/stm32l4xx_hal_rcc.c.obj
LOAD CMakeFiles/ESC.dir/Drivers/STM32L4xx_HAL_Driver/Src/stm32l4xx_hal_rcc_ex.c.obj
LOAD CMakeFiles/ESC.dir/Drivers/STM32L4xx_HAL_Driver/Src/stm32l4xx_hal_flash.c.obj
LOAD CMakeFiles/ESC.dir/Drivers/STM32L4xx_HAL_Driver/Src/stm32l4xx_hal_flash_ex.c.obj
LOAD CMakeFiles/ESC.dir/Drivers/STM32L4xx_HAL_Driver/Src/stm32l4xx_hal_flash_ramfunc.c.obj
LOAD CMakeFiles/ESC.dir/Drivers/STM32L4xx_HAL_Driver/Src/stm32l4xx_hal_gpio.c.obj
LOAD CMakeFiles/ESC.dir/Drivers/STM32L4xx_HAL_Driver/Src/stm32l4xx_hal_i2c.c.obj
LOAD CMakeFiles/ESC.dir/Drivers/STM32L4xx_HAL_Driver/Src/stm32l4xx_hal_i2c_ex.c.obj
LOAD CMakeFiles/ESC.dir/Drivers/STM32L4xx_HAL_Driver/Src/stm32l4xx_hal_dma.c.obj
LOAD CMakeFiles/ESC.dir/Drivers/STM32L4xx_HAL_Driver/Src/stm32l4xx_hal_dma_ex.c.obj
LOAD CMakeFiles/ESC.dir/Drivers/STM32L4xx_HAL_Driver/Src/stm32l4xx_hal_pwr.c.obj
LOAD CMakeFiles/ESC.dir/Drivers/STM32L4xx_HAL_Driver/Src/stm32l4xx_hal_pwr_ex.c.obj
LOAD CMakeFiles/ESC.dir/Drivers/STM32L4xx_HAL_Driver/Src/stm32l4xx_hal_cortex.c.obj
LOAD CMakeFiles/ESC.dir/Drivers/STM32L4xx_HAL_Driver/Src/stm32l4xx_hal_exti.c.obj
LOAD CMakeFiles/ESC.dir/Drivers/STM32L4xx_HAL_Driver/Src/stm32l4xx_hal_adc.c.obj
LOAD CMakeFiles/ESC.dir/Drivers/STM32L4xx_HAL_Driver/Src/stm32l4xx_hal_adc_ex.c.obj
LOAD CMakeFiles/ESC.dir/Drivers/STM32L4xx_HAL_Driver/Src/stm32l4xx_hal_tim.c.obj
LOAD CMakeFiles/ESC.dir/Drivers/STM32L4xx_HAL_Driver/Src/stm32l4xx_hal_tim_ex.c.obj
LOAD CMakeFiles/ESC.dir/Src/system_stm32l4xx.c.obj
LOAD CMakeFiles/ESC.dir/Middlewares/ST/STM32_USB_Device_Library/Core/Src/usbd_core.c.obj
LOAD CMakeFiles/ESC.dir/Middlewares/ST/STM32_USB_Device_Library/Core/Src/usbd_ctlreq.c.obj
LOAD CMakeFiles/ESC.dir/Middlewares/ST/STM32_USB_Device_Library/Core/Src/usbd_ioreq.c.obj
LOAD CMakeFiles/ESC.dir/Middlewares/ST/STM32_USB_Device_Library/Class/CDC/Src/usbd_cdc.c.obj
LOAD CMakeFiles/ESC.dir/Src/sysmem.c.obj
LOAD CMakeFiles/ESC.dir/Src/syscalls.c.obj
LOAD CMakeFiles/ESC.dir/startup_stm32l412xx.s.obj
LOAD /usr/lib/gcc/arm-none-eabi/13.2.1/../../../arm-none-eabi/lib/thumb/v7e-m+fp/hard/libm.a
START GROUP
LOAD /usr/lib/gcc/arm-none-eabi/13.2.1/thumb/v7e-m+fp/hard/libgcc.a
LOAD /usr/lib/gcc/arm-none-eabi/13.2.1/../../../arm-none-eabi/lib/thumb/v7e-m+fp/hard/libg_nano.a
LOAD /usr/lib/gcc/arm-none-eabi/13.2.1/../../../arm-none-eabi/lib/thumb/v7e-m+fp/hard/libc_nano.a
END GROUP
START GROUP
LOAD /usr/lib/gcc/arm-none-eabi/13.2.1/thumb/v7e-m+fp/hard/libgcc.a
LOAD /usr/lib/gcc/arm-none-eabi/13.2.1/../../../arm-none-eabi/lib/thumb/v7e-m+fp/hard/libc_nano.a
END GROUP
LOAD /usr/lib/gcc/arm-none-eabi/13.2.1/thumb/v7e-m+fp/hard/crtend.o
LOAD /usr/lib/gcc/arm-none-eabi/13.2.1/thumb/v7e-m+fp/hard/crtn.o
                0x20008000                        _estack = (ORIGIN (RAM) + LENGTH (RAM))
                0x00000200                        _Min_Heap_Size = 0x200
                0x00000400                        _Min_Stack_Size = 0x400

.isr_vector     0x08000000      0x190
                0x08000000                        . = ALIGN (0x8)
 *(.isr_vector)
 .isr_vector    0x08000000      0x18c CMakeFiles/ESC.dir/startup_stm32l412xx.s.obj
                0x08000000                g_pfnVectors
                0x08000190                        . = ALIGN (0x8)
 *fill*         0x0800018c        0x4 

.text           0x080001c0     0xfd68
                0x080001c0                        . = ALIGN (0x8)
 *(.text)
 .text          0x080001c0       0x88 /usr/lib/gcc/arm-none-eabi/13.2.1/thumb/v7e-m+fp/hard/crtbegin.o
 .text          0x08000248       0x50 /usr/lib/gcc/arm-none-eabi/13.2.1/../../../arm-none-eabi/lib/thumb/v7e-m+fp/hard/libc_nano.a(libc_a-init.o)
                0x08000248                __libc_init_array
 .text          0x08000298       0xa4 /usr/lib/gcc/arm-none-eabi/13.2.1/../../../arm-none-eabi/lib/thumb/v7e-m+fp/hard/libc_nano.a(libc_a-memset.o)
                0x08000298                memset
 .text          0x0800033c      0x6b0 /usr/lib/gcc/arm-none-eabi/13.2.1/../../../arm-none-eabi/lib/thumb/v7e-m+fp/hard/libc_nano.a(libc_a-nano-vfprintf_float.o)
                0x0800033c                __cvt
                0x0800044c                __exponent
                0x080004d0                _printf_float
 *fill*         0x080009ec        0x4 
 .text          0x080009f0      0xfdc /usr/lib/gcc/arm-none-eabi/13.2.1/../../../arm-none-eabi/lib/thumb/v7e-m+fp/hard/libc_nano.a(libc_a-dtoa.o)
                0x08000b1c                _dtoa_r
 .text          0x080019cc      0x134 /usr/lib/gcc/arm-none-eabi/13.2.1/../../../arm-none-eabi/lib/thumb/v7e-m+fp/hard/libc_nano.a(libc_a-memcpy.o)
                0x080019cc                memcpy
 .text          0x08001b00       0x20 /usr/lib/gcc/arm-none-eabi/13.2.1/../../../arm-none-eabi/lib/thumb/v7e-m+fp/hard/libc_nano.a(libc_a-malloc.o)
                0x08001b00                malloc
                0x08001b10                free
 .text          0x08001b20      0x3a8 /usr/lib/gcc/arm-none-eabi/13.2.1/../../../arm-none-eabi/lib/thumb/v7e-m+fp/hard/libc_nano.a(libc_a-nano-vfprintf_i.o)
                0x08001b20                _printf_common
                0x08001c44                _printf_i
 .text          0x08001ec8       0x4c /usr/lib/gcc/arm-none-eabi/13.2.1/../../../arm-none-eabi/lib/thumb/v7e-m+fp/hard/libc_nano.a(libc_a-assert.o)
                0x08001ec8                __assert_func
                0x08001f08                __assert
 .text          0x08001f14      0xb10 /usr/lib/gcc/arm-none-eabi/13.2.1/../../../arm-none-eabi/lib/thumb/v7e-m+fp/hard/libc_nano.a(libc_a-mprec.o)
                0x08001f14                _Balloc
                0x08001f94                _Bfree
                0x08001fdc                __multadd
                0x08002078                __s2b
                0x0800212c                __hi0bits
                0x08002170                __lo0bits
                0x080021d0                __i2b
                0x080021fc                __multiply
                0x08002368                __pow5mult
                0x08002448                __lshift
                0x08002530                __mcmp
                0x08002574                __mdiff
                0x080026ec                __ulp
                0x08002750                __b2d
                0x0800280c                __d2b
                0x080028cc                __ratio
                0x0800292c                _mprec_log10
                0x0800296c                __copybits
                0x080029c8                __any_on
 .text          0x08002a24       0x14 /usr/lib/gcc/arm-none-eabi/13.2.1/../../../arm-none-eabi/lib/thumb/v7e-m+fp/hard/libc_nano.a(libc_a-localeconv.o)
                0x08002a24                __localeconv_l
                0x08002a28                _localeconv_r
                0x08002a30                localeconv
 .text          0x08002a38      0x224 /usr/lib/gcc/arm-none-eabi/13.2.1/../../../arm-none-eabi/lib/thumb/v7e-m+fp/hard/libc_nano.a(libc_a-findfp.o)
                0x08002b68                __sfp
                0x08002c0c                __sinit
                0x08002c2c                __sfp_lock_acquire
                0x08002c30                __sfp_lock_release
                0x08002c34                __fp_lock_all
                0x08002c48                __fp_unlock_all
 .text          0x08002c5c       0x10 /usr/lib/gcc/arm-none-eabi/13.2.1/../../../arm-none-eabi/lib/thumb/v7e-m+fp/hard/libc_nano.a(libc_a-abort.o)
                0x08002c5c                abort
 *fill*         0x08002c6c       0x14 
 .text          0x08002c80       0xd8 /usr/lib/gcc/arm-none-eabi/13.2.1/../../../arm-none-eabi/lib/thumb/v7e-m+fp/hard/libc_nano.a(libc_a-strlen.o)
                0x08002c80                strlen
 .text          0x08002d58      0x1a8 /usr/lib/gcc/arm-none-eabi/13.2.1/../../../arm-none-eabi/lib/thumb/v7e-m+fp/hard/libc_nano.a(libc_a-fflush.o)
                0x08002d58                __sflush_r
                0x08002e7c                _fflush_r
                0x08002eb4                fflush
 .text          0x08002f00       0x28 /usr/lib/gcc/arm-none-eabi/13.2.1/../../../arm-none-eabi/lib/thumb/v7e-m+fp/hard/libc_nano.a(libc_a-callocr.o)
                0x08002f00                _calloc_r
 .text          0x08002f28      0x148 /usr/lib/gcc/arm-none-eabi/13.2.1/../../../arm-none-eabi/lib/thumb/v7e-m+fp/hard/libc_nano.a(libc_a-mallocr.o)
                0x08002f70                _malloc_r
 .text          0x08003070       0xbc /usr/lib/gcc/arm-none-eabi/13.2.1/../../../arm-none-eabi/lib/thumb/v7e-m+fp/hard/libc_nano.a(libc_a-freer.o)
                0x08003070                _free_r
 .text          0x0800312c       0x44 /usr/lib/gcc/arm-none-eabi/13.2.1/../../../arm-none-eabi/lib/thumb/v7e-m+fp/hard/libc_nano.a(libc_a-fwalk.o)
                0x0800312c                _fwalk_sglue
 .text          0x08003170       0x30 /usr/lib/gcc/arm-none-eabi/13.2.1/../../../arm-none-eabi/lib/thumb/v7e-m+fp/hard/libc_nano.a(libc_a-wctomb_r.o)
                0x08003170                _wctomb_r
                0x08003184                __ascii_wctomb
 .text          0x080031a0       0xa0 /usr/lib/gcc/arm-none-eabi/13.2.1/../../../arm-none-eabi/lib/thumb/v7e-m+fp/hard/libc_nano.a(libc_a-memchr.o)
                0x080031a0                memchr
 .text          0x08003240       0x44 /usr/lib/gcc/arm-none-eabi/13.2.1/../../../arm-none-eabi/lib/thumb/v7e-m+fp/hard/libc_nano.a(libc_a-fprintf.o)
                0x08003240                _fprintf_r
                0x08003240                _fiprintf_r
                0x0800325c                fprintf
                0x0800325c                fiprintf
 .text          0x08003284        0x8 /usr/lib/gcc/arm-none-eabi/13.2.1/../../../arm-none-eabi/lib/thumb/v7e-m+fp/hard/libc_nano.a(libc_a-mlock.o)
                0x08003284                __malloc_lock
                0x08003288                __malloc_unlock
 .text          0x0800328c      0x314 /usr/lib/gcc/arm-none-eabi/13.2.1/../../../arm-none-eabi/lib/thumb/v7e-m+fp/hard/libc_nano.a(libc_a-nano-vfprintf.o)
                0x080032c8                __sfputs_r
                0x080032f8                __sprint_r
                0x08003318                _vfiprintf_r
                0x08003318                _vfprintf_r
                0x08003584                vfiprintf
                0x08003584                vfprintf
 .text          0x080035a0       0xa0 /usr/lib/gcc/arm-none-eabi/13.2.1/../../../arm-none-eabi/lib/thumb/v7e-m+fp/hard/libc_nano.a(libc_a-wbuf.o)
                0x080035a0                __swbuf_r
                0x08003628                __swbuf
 .text          0x08003640       0x24 /usr/lib/gcc/arm-none-eabi/13.2.1/../../../arm-none-eabi/lib/thumb/v7e-m+fp/hard/libc_nano.a(libc_a-sbrkr.o)
                0x08003640                _sbrk_r
 .text          0x08003664       0x94 /usr/lib/gcc/arm-none-eabi/13.2.1/../../../arm-none-eabi/lib/thumb/v7e-m+fp/hard/libc_nano.a(libc_a-stdio.o)
                0x08003664                __sread
                0x08003688                __seofread
                0x0800368c                __swrite
                0x080036cc                __sseek
                0x080036f0                __sclose
 .text          0x080036f8      0x300 /usr/lib/gcc/arm-none-eabi/13.2.1/../../../arm-none-eabi/lib/thumb/v7e-m+fp/hard/libc_nano.a(libc_a-fvwrite.o)
                0x080036f8                __sfvwrite_r
 .text          0x080039f8       0x40 /usr/lib/gcc/arm-none-eabi/13.2.1/../../../arm-none-eabi/lib/thumb/v7e-m+fp/hard/libc_nano.a(libc_a-mbtowc_r.o)
                0x080039f8                _mbtowc_r
                0x08003a0c                __ascii_mbtowc
 .text          0x08003a38      0x260 /usr/lib/gcc/arm-none-eabi/13.2.1/../../../arm-none-eabi/lib/thumb/v7e-m+fp/hard/libc_nano.a(libc_a-signal.o)
                0x08003a38                _init_signal_r
                0x08003a64                _signal_r
                0x08003ab0                _raise_r
                0x08003b00                __sigtramp_r
                0x08003b60                raise
                0x08003bb4                signal
                0x08003c00                _init_signal
                0x08003c34                __sigtramp
 .text          0x08003c98       0x24 /usr/lib/gcc/arm-none-eabi/13.2.1/../../../arm-none-eabi/lib/thumb/v7e-m+fp/hard/libc_nano.a(libc_a-closer.o)
                0x08003c98                _close_r
 .text          0x08003cbc      0x100 /usr/lib/gcc/arm-none-eabi/13.2.1/../../../arm-none-eabi/lib/thumb/v7e-m+fp/hard/libc_nano.a(libc_a-memmove.o)
                0x08003cbc                memmove
 .text          0x08003dbc       0xc4 /usr/lib/gcc/arm-none-eabi/13.2.1/../../../arm-none-eabi/lib/thumb/v7e-m+fp/hard/libc_nano.a(libc_a-wsetup.o)
                0x08003dbc                __swsetup_r
 .text          0x08003e80       0x2c /usr/lib/gcc/arm-none-eabi/13.2.1/../../../arm-none-eabi/lib/thumb/v7e-m+fp/hard/libc_nano.a(libc_a-readr.o)
                0x08003e80                _read_r
 .text          0x08003eac       0x64 /usr/lib/gcc/arm-none-eabi/13.2.1/../../../arm-none-eabi/lib/thumb/v7e-m+fp/hard/libc_nano.a(libc_a-reallocr.o)
                0x08003eac                _realloc_r
 .text          0x08003f10      0x114 /usr/lib/gcc/arm-none-eabi/13.2.1/../../../arm-none-eabi/lib/thumb/v7e-m+fp/hard/libc_nano.a(libc_a-makebuf.o)
                0x08003f10                __smakebuf_r
                0x08003fd4                __swhatbuf_r
 .text          0x08004024       0x2c /usr/lib/gcc/arm-none-eabi/13.2.1/../../../arm-none-eabi/lib/thumb/v7e-m+fp/hard/libc_nano.a(libc_a-lseekr.o)
                0x08004024                _lseek_r
 .text          0x08004050       0x2c /usr/lib/gcc/arm-none-eabi/13.2.1/../../../arm-none-eabi/lib/thumb/v7e-m+fp/hard/libc_nano.a(libc_a-writer.o)
                0x08004050                _write_r
 .text          0x0800407c       0x24 /usr/lib/gcc/arm-none-eabi/13.2.1/../../../arm-none-eabi/lib/thumb/v7e-m+fp/hard/libc_nano.a(libc_a-isattyr.o)
                0x0800407c                _isatty_r
 .text          0x080040a0       0x10 /usr/lib/gcc/arm-none-eabi/13.2.1/../../../arm-none-eabi/lib/thumb/v7e-m+fp/hard/libc_nano.a(libc_a-msizer.o)
                0x080040a0                _malloc_usable_size_r
 .text          0x080040b0       0x30 /usr/lib/gcc/arm-none-eabi/13.2.1/../../../arm-none-eabi/lib/thumb/v7e-m+fp/hard/libc_nano.a(libc_a-signalr.o)
                0x080040b0                _kill_r
                0x080040dc                _getpid_r
 .text          0x080040e0       0x2c /usr/lib/gcc/arm-none-eabi/13.2.1/../../../arm-none-eabi/lib/thumb/v7e-m+fp/hard/libc_nano.a(libc_a-fstatr.o)
                0x080040e0                _fstat_r
 .text          0x0800410c      0x378 /usr/lib/gcc/arm-none-eabi/13.2.1/thumb/v7e-m+fp/hard/libgcc.a(_arm_addsubdf3.o)
                0x0800410c                __aeabi_drsub
                0x08004114                __aeabi_dsub
                0x08004114                __subdf3
                0x08004118                __adddf3
                0x08004118                __aeabi_dadd
                0x08004390                __aeabi_ui2d
                0x08004390                __floatunsidf
                0x080043b0                __floatsidf
                0x080043b0                __aeabi_i2d
                0x080043d4                __extendsfdf2
                0x080043d4                __aeabi_f2d
                0x08004418                __aeabi_ul2d
                0x08004418                __floatundidf
                0x08004428                __floatdidf
                0x08004428                __aeabi_l2d
 .text          0x08004484      0x424 /usr/lib/gcc/arm-none-eabi/13.2.1/thumb/v7e-m+fp/hard/libgcc.a(_arm_muldivdf3.o)
                0x08004484                __aeabi_dmul
                0x08004484                __muldf3
                0x080046d8                __aeabi_ddiv
                0x080046d8                __divdf3
 .text          0x080048a8      0x110 /usr/lib/gcc/arm-none-eabi/13.2.1/thumb/v7e-m+fp/hard/libgcc.a(_arm_cmpdf2.o)
                0x080048a8                __gtdf2
                0x080048a8                __gedf2
                0x080048b0                __ltdf2
                0x080048b0                __ledf2
                0x080048b8                __cmpdf2
                0x080048b8                __eqdf2
                0x080048b8                __nedf2
                0x08004934                __aeabi_cdrcmple
                0x08004944                __aeabi_cdcmple
                0x08004944                __aeabi_cdcmpeq
                0x08004954                __aeabi_dcmpeq
                0x08004968                __aeabi_dcmplt
                0x0800497c                __aeabi_dcmple
                0x08004990                __aeabi_dcmpge
                0x080049a4                __aeabi_dcmpgt
 .text          0x080049b8       0x2c /usr/lib/gcc/arm-none-eabi/13.2.1/thumb/v7e-m+fp/hard/libgcc.a(_arm_unorddf2.o)
                0x080049b8                __aeabi_dcmpun
                0x080049b8                __unorddf2
 .text          0x080049e4       0x50 /usr/lib/gcc/arm-none-eabi/13.2.1/thumb/v7e-m+fp/hard/libgcc.a(_arm_fixdfsi.o)
                0x080049e4                __fixdfsi
                0x080049e4                __aeabi_d2iz
 .text          0x08004a34       0xec /usr/lib/gcc/arm-none-eabi/13.2.1/../../../arm-none-eabi/lib/thumb/v7e-m+fp/hard/libg_nano.a(libc_a-vsnprintf.o)
                0x08004a34                vsnprintf
                0x08004a34                vsniprintf
                0x08004aac                _vsnprintf_r
                0x08004aac                _vsniprintf_r
 .text          0x08004b20      0x400 /usr/lib/gcc/arm-none-eabi/13.2.1/../../../arm-none-eabi/lib/thumb/v7e-m+fp/hard/libg_nano.a(libc_a-nano-svfprintf.o)
                0x08004b20                __ssputs_r
                0x08004be0                __ssprint_r
                0x08004ce8                _svfprintf_r
                0x08004ce8                _svfiprintf_r
 .text          0x08004f20       0x18 /usr/lib/gcc/arm-none-eabi/13.2.1/../../../arm-none-eabi/lib/thumb/v7e-m+fp/hard/libg_nano.a(libc_a-putchar.o)
                0x08004f20                _putchar_r
                0x08004f28                putchar
 .text          0x08004f38        0xc /usr/lib/gcc/arm-none-eabi/13.2.1/../../../arm-none-eabi/lib/thumb/v7e-m+fp/hard/libg_nano.a(libc_a-errno.o)
                0x08004f38                __errno
 .text          0x08004f44       0xa4 /usr/lib/gcc/arm-none-eabi/13.2.1/../../../arm-none-eabi/lib/thumb/v7e-m+fp/hard/libg_nano.a(libc_a-putc.o)
                0x08004f44                _putc_r
                0x08004f90                putc
 .text          0x08004fe8       0x48 /usr/lib/gcc/arm-none-eabi/13.2.1/../../../arm-none-eabi/lib/thumb/v7e-m+fp/hard/libg_nano.a(libc_a-printf.o)
                0x08004fe8                _printf_r
                0x08004fe8                _iprintf_r
                0x08005008                printf
                0x08005008                iprintf
 *(.text*)
 .text.debugf   0x08005030       0x9a CMakeFiles/ESC.dir/debugf_vcp/debugf_vcp.c.obj
                0x08005030                debugf
 *fill*         0x080050ca        0x6 
 .text.main     0x080050d0      0x1a8 CMakeFiles/ESC.dir/Src/main.c.obj
                0x080050d0                main
 .text.SystemClock_Config
                0x08005278       0xaa CMakeFiles/ESC.dir/Src/main.c.obj
                0x08005278                SystemClock_Config
 *fill*         0x08005322        0x2 
 .text.read_ADC_Value
                0x08005324       0xe4 CMakeFiles/ESC.dir/Src/main.c.obj
                0x08005324                read_ADC_Value
 .text.Error_Handler
                0x08005408        0xc CMakeFiles/ESC.dir/Src/main.c.obj
                0x08005408                Error_Handler
 .text.MX_GPIO_Init
                0x08005414       0xdc CMakeFiles/ESC.dir/Src/gpio.c.obj
                0x08005414                MX_GPIO_Init
 .text.MX_ADC1_Init
                0x080054f0      0x1b8 CMakeFiles/ESC.dir/Src/adc.c.obj
                0x080054f0                MX_ADC1_Init
 .text.HAL_ADC_MspInit
                0x080056a8       0x7c CMakeFiles/ESC.dir/Src/adc.c.obj
                0x080056a8                HAL_ADC_MspInit
 .text.MX_I2C1_Init
                0x08005724       0x80 CMakeFiles/ESC.dir/Src/i2c.c.obj
                0x08005724                MX_I2C1_Init
 .text.HAL_I2C_MspInit
                0x080057a4       0xb4 CMakeFiles/ESC.dir/Src/i2c.c.obj
                0x080057a4                HAL_I2C_MspInit
 .text.MX_TIM1_Init
                0x08005858      0x158 CMakeFiles/ESC.dir/Src/tim.c.obj
                0x08005858                MX_TIM1_Init
 .text.HAL_TIM_Base_MspInit
                0x080059b0       0x40 CMakeFiles/ESC.dir/Src/tim.c.obj
                0x080059b0                HAL_TIM_Base_MspInit
 .text.HAL_TIM_MspPostInit
                0x080059f0       0x70 CMakeFiles/ESC.dir/Src/tim.c.obj
                0x080059f0                HAL_TIM_MspPostInit
 .text.MX_USB_DEVICE_Init
                0x08005a60       0x60 CMakeFiles/ESC.dir/Src/usb_device.c.obj
                0x08005a60                MX_USB_DEVICE_Init
 .text.HAL_PCD_MspInit
                0x08005ac0       0xc4 CMakeFiles/ESC.dir/Src/usbd_conf.c.obj
                0x08005ac0                HAL_PCD_MspInit
 .text.HAL_PCD_SetupStageCallback
                0x08005b84       0x24 CMakeFiles/ESC.dir/Src/usbd_conf.c.obj
                0x08005b84                HAL_PCD_SetupStageCallback
 .text.HAL_PCD_DataOutStageCallback
                0x08005ba8       0x36 CMakeFiles/ESC.dir/Src/usbd_conf.c.obj
                0x08005ba8                HAL_PCD_DataOutStageCallback
 .text.HAL_PCD_DataInStageCallback
                0x08005bde       0x34 CMakeFiles/ESC.dir/Src/usbd_conf.c.obj
                0x08005bde                HAL_PCD_DataInStageCallback
 .text.HAL_PCD_SOFCallback
                0x08005c12       0x1c CMakeFiles/ESC.dir/Src/usbd_conf.c.obj
                0x08005c12                HAL_PCD_SOFCallback
 .text.HAL_PCD_ResetCallback
                0x08005c2e       0x3c CMakeFiles/ESC.dir/Src/usbd_conf.c.obj
                0x08005c2e                HAL_PCD_ResetCallback
 *fill*         0x08005c6a        0x2 
 .text.HAL_PCD_SuspendCallback
                0x08005c6c       0x34 CMakeFiles/ESC.dir/Src/usbd_conf.c.obj
                0x08005c6c                HAL_PCD_SuspendCallback
 .text.HAL_PCD_ResumeCallback
                0x08005ca0       0x38 CMakeFiles/ESC.dir/Src/usbd_conf.c.obj
                0x08005ca0                HAL_PCD_ResumeCallback
 .text.USBD_LL_Init
                0x08005cd8       0xc4 CMakeFiles/ESC.dir/Src/usbd_conf.c.obj
                0x08005cd8                USBD_LL_Init
 .text.USBD_LL_Start
                0x08005d9c       0x64 CMakeFiles/ESC.dir/Src/usbd_conf.c.obj
                0x08005d9c                USBD_LL_Start
 .text.USBD_LL_OpenEP
                0x08005e00       0x7c CMakeFiles/ESC.dir/Src/usbd_conf.c.obj
                0x08005e00                USBD_LL_OpenEP
 .text.USBD_LL_CloseEP
                0x08005e7c       0x6c CMakeFiles/ESC.dir/Src/usbd_conf.c.obj
                0x08005e7c                USBD_LL_CloseEP
 .text.USBD_LL_StallEP
                0x08005ee8       0x6c CMakeFiles/ESC.dir/Src/usbd_conf.c.obj
                0x08005ee8                USBD_LL_StallEP
 .text.USBD_LL_ClearStallEP
                0x08005f54       0x6c CMakeFiles/ESC.dir/Src/usbd_conf.c.obj
                0x08005f54                USBD_LL_ClearStallEP
 .text.USBD_LL_IsStallEP
                0x08005fc0       0x58 CMakeFiles/ESC.dir/Src/usbd_conf.c.obj
                0x08005fc0                USBD_LL_IsStallEP
 .text.USBD_LL_SetUSBAddress
                0x08006018       0x6c CMakeFiles/ESC.dir/Src/usbd_conf.c.obj
                0x08006018                USBD_LL_SetUSBAddress
 .text.USBD_LL_Transmit
                0x08006084       0x70 CMakeFiles/ESC.dir/Src/usbd_conf.c.obj
                0x08006084                USBD_LL_Transmit
 .text.USBD_LL_PrepareReceive
                0x080060f4       0x70 CMakeFiles/ESC.dir/Src/usbd_conf.c.obj
                0x080060f4                USBD_LL_PrepareReceive
 .text.USBD_LL_GetRxDataSize
                0x08006164       0x26 CMakeFiles/ESC.dir/Src/usbd_conf.c.obj
                0x08006164                USBD_LL_GetRxDataSize
 *fill*         0x0800618a        0x2 
 .text.HAL_PCDEx_LPM_Callback
                0x0800618c       0x6c CMakeFiles/ESC.dir/Src/usbd_conf.c.obj
                0x0800618c                HAL_PCDEx_LPM_Callback
 .text.USBD_static_malloc
                0x080061f8       0x1c CMakeFiles/ESC.dir/Src/usbd_conf.c.obj
                0x080061f8                USBD_static_malloc
 .text.USBD_static_free
                0x08006214       0x14 CMakeFiles/ESC.dir/Src/usbd_conf.c.obj
                0x08006214                USBD_static_free
 .text.SystemClockConfig_Resume
                0x08006228        0xc CMakeFiles/ESC.dir/Src/usbd_conf.c.obj
 .text.USBD_FS_DeviceDescriptor
                0x08006234       0x24 CMakeFiles/ESC.dir/Src/usbd_desc.c.obj
                0x08006234                USBD_FS_DeviceDescriptor
 .text.USBD_FS_LangIDStrDescriptor
                0x08006258       0x24 CMakeFiles/ESC.dir/Src/usbd_desc.c.obj
                0x08006258                USBD_FS_LangIDStrDescriptor
 .text.USBD_FS_ProductStrDescriptor
                0x0800627c       0x3c CMakeFiles/ESC.dir/Src/usbd_desc.c.obj
                0x0800627c                USBD_FS_ProductStrDescriptor
 .text.USBD_FS_ManufacturerStrDescriptor
                0x080062b8       0x28 CMakeFiles/ESC.dir/Src/usbd_desc.c.obj
                0x080062b8                USBD_FS_ManufacturerStrDescriptor
 .text.USBD_FS_SerialStrDescriptor
                0x080062e0       0x24 CMakeFiles/ESC.dir/Src/usbd_desc.c.obj
                0x080062e0                USBD_FS_SerialStrDescriptor
 .text.USBD_FS_ConfigStrDescriptor
                0x08006304       0x3c CMakeFiles/ESC.dir/Src/usbd_desc.c.obj
                0x08006304                USBD_FS_ConfigStrDescriptor
 .text.USBD_FS_InterfaceStrDescriptor
                0x08006340       0x3c CMakeFiles/ESC.dir/Src/usbd_desc.c.obj
                0x08006340                USBD_FS_InterfaceStrDescriptor
 .text.USBD_FS_USR_BOSDescriptor
                0x0800637c       0x24 CMakeFiles/ESC.dir/Src/usbd_desc.c.obj
                0x0800637c                USBD_FS_USR_BOSDescriptor
 .text.Get_SerialNum
                0x080063a0       0x58 CMakeFiles/ESC.dir/Src/usbd_desc.c.obj
 .text.IntToUnicode
                0x080063f8       0x7e CMakeFiles/ESC.dir/Src/usbd_desc.c.obj
 *fill*         0x08006476        0x2 
 .text.CDC_Init_FS
                0x08006478       0x28 CMakeFiles/ESC.dir/Src/usbd_cdc_if.c.obj
 .text.CDC_DeInit_FS
                0x080064a0       0x10 CMakeFiles/ESC.dir/Src/usbd_cdc_if.c.obj
 .text.CDC_Control_FS
                0x080064b0       0xbc CMakeFiles/ESC.dir/Src/usbd_cdc_if.c.obj
 .text.CDC_Receive_FS
                0x0800656c       0x28 CMakeFiles/ESC.dir/Src/usbd_cdc_if.c.obj
 .text.CDC_Transmit_FS
                0x08006594       0x4c CMakeFiles/ESC.dir/Src/usbd_cdc_if.c.obj
                0x08006594                CDC_Transmit_FS
 .text.CDC_TransmitCplt_FS
                0x080065e0       0x22 CMakeFiles/ESC.dir/Src/usbd_cdc_if.c.obj
 .text.NMI_Handler
                0x08006602        0x8 CMakeFiles/ESC.dir/Src/stm32l4xx_it.c.obj
                0x08006602                NMI_Handler
 .text.HardFault_Handler
                0x0800660a        0x8 CMakeFiles/ESC.dir/Src/stm32l4xx_it.c.obj
                0x0800660a                HardFault_Handler
 .text.MemManage_Handler
                0x08006612        0x8 CMakeFiles/ESC.dir/Src/stm32l4xx_it.c.obj
                0x08006612                MemManage_Handler
 .text.BusFault_Handler
                0x0800661a        0x8 CMakeFiles/ESC.dir/Src/stm32l4xx_it.c.obj
                0x0800661a                BusFault_Handler
 .text.UsageFault_Handler
                0x08006622        0x8 CMakeFiles/ESC.dir/Src/stm32l4xx_it.c.obj
                0x08006622                UsageFault_Handler
 .text.SVC_Handler
                0x0800662a        0xe CMakeFiles/ESC.dir/Src/stm32l4xx_it.c.obj
                0x0800662a                SVC_Handler
 .text.DebugMon_Handler
                0x08006638        0xe CMakeFiles/ESC.dir/Src/stm32l4xx_it.c.obj
                0x08006638                DebugMon_Handler
 .text.PendSV_Handler
                0x08006646        0xe CMakeFiles/ESC.dir/Src/stm32l4xx_it.c.obj
                0x08006646                PendSV_Handler
 .text.SysTick_Handler
                0x08006654        0xc CMakeFiles/ESC.dir/Src/stm32l4xx_it.c.obj
                0x08006654                SysTick_Handler
 .text.USB_IRQHandler
                0x08006660       0x14 CMakeFiles/ESC.dir/Src/stm32l4xx_it.c.obj
                0x08006660                USB_IRQHandler
 .text.HAL_MspInit
                0x08006674       0x48 CMakeFiles/ESC.dir/Src/stm32l4xx_hal_msp.c.obj
                0x08006674                HAL_MspInit
 .text.HAL_PCD_Init
                0x080066bc      0x1fa CMakeFiles/ESC.dir/Drivers/STM32L4xx_HAL_Driver/Src/stm32l4xx_hal_pcd.c.obj
                0x080066bc                HAL_PCD_Init
 .text.HAL_PCD_Start
                0x080068b6       0x44 CMakeFiles/ESC.dir/Drivers/STM32L4xx_HAL_Driver/Src/stm32l4xx_hal_pcd.c.obj
                0x080068b6                HAL_PCD_Start
 .text.HAL_PCD_IRQHandler
                0x080068fa      0x24e CMakeFiles/ESC.dir/Drivers/STM32L4xx_HAL_Driver/Src/stm32l4xx_hal_pcd.c.obj
                0x080068fa                HAL_PCD_IRQHandler
 .text.HAL_PCD_SetAddress
                0x08006b48       0x48 CMakeFiles/ESC.dir/Drivers/STM32L4xx_HAL_Driver/Src/stm32l4xx_hal_pcd.c.obj
                0x08006b48                HAL_PCD_SetAddress
 .text.HAL_PCD_EP_Open
                0x08006b90       0xbe CMakeFiles/ESC.dir/Drivers/STM32L4xx_HAL_Driver/Src/stm32l4xx_hal_pcd.c.obj
                0x08006b90                HAL_PCD_EP_Open
 .text.HAL_PCD_EP_Close
                0x08006c4e       0x90 CMakeFiles/ESC.dir/Drivers/STM32L4xx_HAL_Driver/Src/stm32l4xx_hal_pcd.c.obj
                0x08006c4e                HAL_PCD_EP_Close
 .text.HAL_PCD_EP_Receive
                0x08006cde       0x62 CMakeFiles/ESC.dir/Drivers/STM32L4xx_HAL_Driver/Src/stm32l4xx_hal_pcd.c.obj
                0x08006cde                HAL_PCD_EP_Receive
 .text.HAL_PCD_EP_GetRxCount
                0x08006d40       0x30 CMakeFiles/ESC.dir/Drivers/STM32L4xx_HAL_Driver/Src/stm32l4xx_hal_pcd.c.obj
                0x08006d40                HAL_PCD_EP_GetRxCount
 .text.HAL_PCD_EP_Transmit
                0x08006d70       0x6e CMakeFiles/ESC.dir/Drivers/STM32L4xx_HAL_Driver/Src/stm32l4xx_hal_pcd.c.obj
                0x08006d70                HAL_PCD_EP_Transmit
 .text.HAL_PCD_EP_SetStall
                0x08006dde       0xc0 CMakeFiles/ESC.dir/Drivers/STM32L4xx_HAL_Driver/Src/stm32l4xx_hal_pcd.c.obj
                0x08006dde                HAL_PCD_EP_SetStall
 .text.HAL_PCD_EP_ClrStall
                0x08006e9e       0xa8 CMakeFiles/ESC.dir/Drivers/STM32L4xx_HAL_Driver/Src/stm32l4xx_hal_pcd.c.obj
                0x08006e9e                HAL_PCD_EP_ClrStall
 .text.PCD_EP_ISR_Handler
                0x08006f46      0x68e CMakeFiles/ESC.dir/Drivers/STM32L4xx_HAL_Driver/Src/stm32l4xx_hal_pcd.c.obj
 .text.HAL_PCD_EP_DB_Receive
                0x080075d4      0x212 CMakeFiles/ESC.dir/Drivers/STM32L4xx_HAL_Driver/Src/stm32l4xx_hal_pcd.c.obj
 .text.HAL_PCD_EP_DB_Transmit
                0x080077e6      0x878 CMakeFiles/ESC.dir/Drivers/STM32L4xx_HAL_Driver/Src/stm32l4xx_hal_pcd.c.obj
 .text.HAL_PCDEx_PMAConfig
                0x0800805e       0x86 CMakeFiles/ESC.dir/Drivers/STM32L4xx_HAL_Driver/Src/stm32l4xx_hal_pcd_ex.c.obj
                0x0800805e                HAL_PCDEx_PMAConfig
 .text.HAL_PCDEx_ActivateLPM
                0x080080e4       0x54 CMakeFiles/ESC.dir/Drivers/STM32L4xx_HAL_Driver/Src/stm32l4xx_hal_pcd_ex.c.obj
                0x080080e4                HAL_PCDEx_ActivateLPM
 .text.USB_CoreInit
                0x08008138       0x1c CMakeFiles/ESC.dir/Drivers/STM32L4xx_HAL_Driver/Src/stm32l4xx_ll_usb.c.obj
                0x08008138                USB_CoreInit
 .text.USB_EnableGlobalInt
                0x08008154       0x2e CMakeFiles/ESC.dir/Drivers/STM32L4xx_HAL_Driver/Src/stm32l4xx_ll_usb.c.obj
                0x08008154                USB_EnableGlobalInt
 .text.USB_DisableGlobalInt
                0x08008182       0x36 CMakeFiles/ESC.dir/Drivers/STM32L4xx_HAL_Driver/Src/stm32l4xx_ll_usb.c.obj
                0x08008182                USB_DisableGlobalInt
 .text.USB_SetCurrentMode
                0x080081b8       0x1a CMakeFiles/ESC.dir/Drivers/STM32L4xx_HAL_Driver/Src/stm32l4xx_ll_usb.c.obj
                0x080081b8                USB_SetCurrentMode
 .text.USB_DevInit
                0x080081d2       0x3c CMakeFiles/ESC.dir/Drivers/STM32L4xx_HAL_Driver/Src/stm32l4xx_ll_usb.c.obj
                0x080081d2                USB_DevInit
 *fill*         0x0800820e        0x2 
 .text.USB_ActivateEndpoint
                0x08008210      0x9d0 CMakeFiles/ESC.dir/Drivers/STM32L4xx_HAL_Driver/Src/stm32l4xx_ll_usb.c.obj
                0x08008210                USB_ActivateEndpoint
 .text.USB_DeactivateEndpoint
                0x08008be0      0x3da CMakeFiles/ESC.dir/Drivers/STM32L4xx_HAL_Driver/Src/stm32l4xx_ll_usb.c.obj
                0x08008be0                USB_DeactivateEndpoint
 .text.USB_EPStartXfer
                0x08008fba      0xb5e CMakeFiles/ESC.dir/Drivers/STM32L4xx_HAL_Driver/Src/stm32l4xx_ll_usb.c.obj
                0x08008fba                USB_EPStartXfer
 .text.USB_EPSetStall
                0x08009b18       0xa2 CMakeFiles/ESC.dir/Drivers/STM32L4xx_HAL_Driver/Src/stm32l4xx_ll_usb.c.obj
                0x08009b18                USB_EPSetStall
 .text.USB_EPClearStall
                0x08009bba      0x152 CMakeFiles/ESC.dir/Drivers/STM32L4xx_HAL_Driver/Src/stm32l4xx_ll_usb.c.obj
                0x08009bba                USB_EPClearStall
 .text.USB_SetDevAddress
                0x08009d0c       0x28 CMakeFiles/ESC.dir/Drivers/STM32L4xx_HAL_Driver/Src/stm32l4xx_ll_usb.c.obj
                0x08009d0c                USB_SetDevAddress
 .text.USB_DevConnect
                0x08009d34       0x2e CMakeFiles/ESC.dir/Drivers/STM32L4xx_HAL_Driver/Src/stm32l4xx_ll_usb.c.obj
                0x08009d34                USB_DevConnect
 .text.USB_DevDisconnect
                0x08009d62       0x2a CMakeFiles/ESC.dir/Drivers/STM32L4xx_HAL_Driver/Src/stm32l4xx_ll_usb.c.obj
                0x08009d62                USB_DevDisconnect
 .text.USB_ReadInterrupts
                0x08009d8c       0x20 CMakeFiles/ESC.dir/Drivers/STM32L4xx_HAL_Driver/Src/stm32l4xx_ll_usb.c.obj
                0x08009d8c                USB_ReadInterrupts
 .text.USB_EP0_OutStart
                0x08009dac       0x18 CMakeFiles/ESC.dir/Drivers/STM32L4xx_HAL_Driver/Src/stm32l4xx_ll_usb.c.obj
                0x08009dac                USB_EP0_OutStart
 .text.USB_WritePMA
                0x08009dc4       0x86 CMakeFiles/ESC.dir/Drivers/STM32L4xx_HAL_Driver/Src/stm32l4xx_ll_usb.c.obj
                0x08009dc4                USB_WritePMA
 .text.USB_ReadPMA
                0x08009e4a       0x98 CMakeFiles/ESC.dir/Drivers/STM32L4xx_HAL_Driver/Src/stm32l4xx_ll_usb.c.obj
                0x08009e4a                USB_ReadPMA
 .text.HAL_Init
                0x08009ee2       0x30 CMakeFiles/ESC.dir/Drivers/STM32L4xx_HAL_Driver/Src/stm32l4xx_hal.c.obj
                0x08009ee2                HAL_Init
 *fill*         0x08009f12        0x2 
 .text.HAL_InitTick
                0x08009f14       0x78 CMakeFiles/ESC.dir/Drivers/STM32L4xx_HAL_Driver/Src/stm32l4xx_hal.c.obj
                0x08009f14                HAL_InitTick
 .text.HAL_IncTick
                0x08009f8c       0x28 CMakeFiles/ESC.dir/Drivers/STM32L4xx_HAL_Driver/Src/stm32l4xx_hal.c.obj
                0x08009f8c                HAL_IncTick
 .text.HAL_GetTick
                0x08009fb4       0x18 CMakeFiles/ESC.dir/Drivers/STM32L4xx_HAL_Driver/Src/stm32l4xx_hal.c.obj
                0x08009fb4                HAL_GetTick
 .text.HAL_Delay
                0x08009fcc       0x48 CMakeFiles/ESC.dir/Drivers/STM32L4xx_HAL_Driver/Src/stm32l4xx_hal.c.obj
                0x08009fcc                HAL_Delay
 .text.HAL_RCC_OscConfig
                0x0800a014      0x8c4 CMakeFiles/ESC.dir/Drivers/STM32L4xx_HAL_Driver/Src/stm32l4xx_hal_rcc.c.obj
                0x0800a014                HAL_RCC_OscConfig
 .text.HAL_RCC_ClockConfig
                0x0800a8d8      0x200 CMakeFiles/ESC.dir/Drivers/STM32L4xx_HAL_Driver/Src/stm32l4xx_hal_rcc.c.obj
                0x0800a8d8                HAL_RCC_ClockConfig
 .text.HAL_RCC_GetSysClockFreq
                0x0800aad8      0x118 CMakeFiles/ESC.dir/Drivers/STM32L4xx_HAL_Driver/Src/stm32l4xx_hal_rcc.c.obj
                0x0800aad8                HAL_RCC_GetSysClockFreq
 .text.RCC_SetFlashLatencyFromMSIRange
                0x0800abf0       0xc0 CMakeFiles/ESC.dir/Drivers/STM32L4xx_HAL_Driver/Src/stm32l4xx_hal_rcc.c.obj
 .text.HAL_RCCEx_PeriphCLKConfig
                0x0800acb0      0x30c CMakeFiles/ESC.dir/Drivers/STM32L4xx_HAL_Driver/Src/stm32l4xx_hal_rcc_ex.c.obj
                0x0800acb0                HAL_RCCEx_PeriphCLKConfig
 .text.HAL_GPIO_Init
                0x0800afbc      0x2e4 CMakeFiles/ESC.dir/Drivers/STM32L4xx_HAL_Driver/Src/stm32l4xx_hal_gpio.c.obj
                0x0800afbc                HAL_GPIO_Init
 .text.HAL_GPIO_WritePin
                0x0800b2a0       0x30 CMakeFiles/ESC.dir/Drivers/STM32L4xx_HAL_Driver/Src/stm32l4xx_hal_gpio.c.obj
                0x0800b2a0                HAL_GPIO_WritePin
 .text.HAL_GPIO_TogglePin
                0x0800b2d0       0x34 CMakeFiles/ESC.dir/Drivers/STM32L4xx_HAL_Driver/Src/stm32l4xx_hal_gpio.c.obj
                0x0800b2d0                HAL_GPIO_TogglePin
 .text.HAL_I2C_Init
                0x0800b304      0x136 CMakeFiles/ESC.dir/Drivers/STM32L4xx_HAL_Driver/Src/stm32l4xx_hal_i2c.c.obj
                0x0800b304                HAL_I2C_Init
 .text.HAL_I2CEx_ConfigAnalogFilter
                0x0800b43a       0x96 CMakeFiles/ESC.dir/Drivers/STM32L4xx_HAL_Driver/Src/stm32l4xx_hal_i2c_ex.c.obj
                0x0800b43a                HAL_I2CEx_ConfigAnalogFilter
 .text.HAL_I2CEx_ConfigDigitalFilter
                0x0800b4d0       0x98 CMakeFiles/ESC.dir/Drivers/STM32L4xx_HAL_Driver/Src/stm32l4xx_hal_i2c_ex.c.obj
                0x0800b4d0                HAL_I2CEx_ConfigDigitalFilter
 .text.HAL_PWREx_GetVoltageRange
                0x0800b568       0x1c CMakeFiles/ESC.dir/Drivers/STM32L4xx_HAL_Driver/Src/stm32l4xx_hal_pwr_ex.c.obj
                0x0800b568                HAL_PWREx_GetVoltageRange
 .text.HAL_PWREx_ControlVoltageScaling
                0x0800b584       0xac CMakeFiles/ESC.dir/Drivers/STM32L4xx_HAL_Driver/Src/stm32l4xx_hal_pwr_ex.c.obj
                0x0800b584                HAL_PWREx_ControlVoltageScaling
 .text.HAL_PWREx_EnableVddUSB
                0x0800b630       0x20 CMakeFiles/ESC.dir/Drivers/STM32L4xx_HAL_Driver/Src/stm32l4xx_hal_pwr_ex.c.obj
                0x0800b630                HAL_PWREx_EnableVddUSB
 .text.__NVIC_SetPriorityGrouping
                0x0800b650       0x48 CMakeFiles/ESC.dir/Drivers/STM32L4xx_HAL_Driver/Src/stm32l4xx_hal_cortex.c.obj
 .text.__NVIC_GetPriorityGrouping
                0x0800b698       0x1c CMakeFiles/ESC.dir/Drivers/STM32L4xx_HAL_Driver/Src/stm32l4xx_hal_cortex.c.obj
 .text.__NVIC_EnableIRQ
                0x0800b6b4       0x3c CMakeFiles/ESC.dir/Drivers/STM32L4xx_HAL_Driver/Src/stm32l4xx_hal_cortex.c.obj
 .text.__NVIC_SetPriority
                0x0800b6f0       0x54 CMakeFiles/ESC.dir/Drivers/STM32L4xx_HAL_Driver/Src/stm32l4xx_hal_cortex.c.obj
 .text.NVIC_EncodePriority
                0x0800b744       0x66 CMakeFiles/ESC.dir/Drivers/STM32L4xx_HAL_Driver/Src/stm32l4xx_hal_cortex.c.obj
 *fill*         0x0800b7aa        0x2 
 .text.SysTick_Config
                0x0800b7ac       0x44 CMakeFiles/ESC.dir/Drivers/STM32L4xx_HAL_Driver/Src/stm32l4xx_hal_cortex.c.obj
 .text.HAL_NVIC_SetPriorityGrouping
                0x0800b7f0       0x16 CMakeFiles/ESC.dir/Drivers/STM32L4xx_HAL_Driver/Src/stm32l4xx_hal_cortex.c.obj
                0x0800b7f0                HAL_NVIC_SetPriorityGrouping
 .text.HAL_NVIC_SetPriority
                0x0800b806       0x38 CMakeFiles/ESC.dir/Drivers/STM32L4xx_HAL_Driver/Src/stm32l4xx_hal_cortex.c.obj
                0x0800b806                HAL_NVIC_SetPriority
 .text.HAL_NVIC_EnableIRQ
                0x0800b83e       0x1c CMakeFiles/ESC.dir/Drivers/STM32L4xx_HAL_Driver/Src/stm32l4xx_hal_cortex.c.obj
                0x0800b83e                HAL_NVIC_EnableIRQ
 .text.HAL_SYSTICK_Config
                0x0800b85a       0x18 CMakeFiles/ESC.dir/Drivers/STM32L4xx_HAL_Driver/Src/stm32l4xx_hal_cortex.c.obj
                0x0800b85a                HAL_SYSTICK_Config
 .text.LL_ADC_SetCommonClock
                0x0800b872       0x26 CMakeFiles/ESC.dir/Drivers/STM32L4xx_HAL_Driver/Src/stm32l4xx_hal_adc.c.obj
 .text.LL_ADC_SetCommonPathInternalCh
                0x0800b898       0x26 CMakeFiles/ESC.dir/Drivers/STM32L4xx_HAL_Driver/Src/stm32l4xx_hal_adc.c.obj
 .text.LL_ADC_GetCommonPathInternalCh
                0x0800b8be       0x1c CMakeFiles/ESC.dir/Drivers/STM32L4xx_HAL_Driver/Src/stm32l4xx_hal_adc.c.obj
 *fill*         0x0800b8da        0x2 
 .text.LL_ADC_SetOffset
                0x0800b8dc       0x48 CMakeFiles/ESC.dir/Drivers/STM32L4xx_HAL_Driver/Src/stm32l4xx_hal_adc.c.obj
 .text.LL_ADC_GetOffsetChannel
                0x0800b924       0x2c CMakeFiles/ESC.dir/Drivers/STM32L4xx_HAL_Driver/Src/stm32l4xx_hal_adc.c.obj
 .text.LL_ADC_SetOffsetState
                0x0800b950       0x36 CMakeFiles/ESC.dir/Drivers/STM32L4xx_HAL_Driver/Src/stm32l4xx_hal_adc.c.obj
 .text.LL_ADC_SetSamplingTimeCommonConfig
                0x0800b986       0x26 CMakeFiles/ESC.dir/Drivers/STM32L4xx_HAL_Driver/Src/stm32l4xx_hal_adc.c.obj
 .text.LL_ADC_REG_IsTriggerSourceSWStart
                0x0800b9ac       0x26 CMakeFiles/ESC.dir/Drivers/STM32L4xx_HAL_Driver/Src/stm32l4xx_hal_adc.c.obj
 .text.LL_ADC_REG_SetSequencerRanks
                0x0800b9d2       0x58 CMakeFiles/ESC.dir/Drivers/STM32L4xx_HAL_Driver/Src/stm32l4xx_hal_adc.c.obj
 .text.LL_ADC_SetChannelSamplingTime
                0x0800ba2a       0x56 CMakeFiles/ESC.dir/Drivers/STM32L4xx_HAL_Driver/Src/stm32l4xx_hal_adc.c.obj
 .text.LL_ADC_SetChannelSingleDiff
                0x0800ba80       0x48 CMakeFiles/ESC.dir/Drivers/STM32L4xx_HAL_Driver/Src/stm32l4xx_hal_adc.c.obj
 .text.LL_ADC_GetMultimode
                0x0800bac8       0x1c CMakeFiles/ESC.dir/Drivers/STM32L4xx_HAL_Driver/Src/stm32l4xx_hal_adc.c.obj
 .text.LL_ADC_GetMultiDMATransfer
                0x0800bae4       0x1c CMakeFiles/ESC.dir/Drivers/STM32L4xx_HAL_Driver/Src/stm32l4xx_hal_adc.c.obj
 .text.LL_ADC_DisableDeepPowerDown
                0x0800bb00       0x24 CMakeFiles/ESC.dir/Drivers/STM32L4xx_HAL_Driver/Src/stm32l4xx_hal_adc.c.obj
 .text.LL_ADC_IsDeepPowerDownEnabled
                0x0800bb24       0x28 CMakeFiles/ESC.dir/Drivers/STM32L4xx_HAL_Driver/Src/stm32l4xx_hal_adc.c.obj
 .text.LL_ADC_EnableInternalRegulator
                0x0800bb4c       0x28 CMakeFiles/ESC.dir/Drivers/STM32L4xx_HAL_Driver/Src/stm32l4xx_hal_adc.c.obj
 .text.LL_ADC_IsInternalRegulatorEnabled
                0x0800bb74       0x28 CMakeFiles/ESC.dir/Drivers/STM32L4xx_HAL_Driver/Src/stm32l4xx_hal_adc.c.obj
 .text.LL_ADC_Enable
                0x0800bb9c       0x28 CMakeFiles/ESC.dir/Drivers/STM32L4xx_HAL_Driver/Src/stm32l4xx_hal_adc.c.obj
 .text.LL_ADC_Disable
                0x0800bbc4       0x28 CMakeFiles/ESC.dir/Drivers/STM32L4xx_HAL_Driver/Src/stm32l4xx_hal_adc.c.obj
 .text.LL_ADC_IsEnabled
                0x0800bbec       0x26 CMakeFiles/ESC.dir/Drivers/STM32L4xx_HAL_Driver/Src/stm32l4xx_hal_adc.c.obj
 .text.LL_ADC_IsDisableOngoing
                0x0800bc12       0x26 CMakeFiles/ESC.dir/Drivers/STM32L4xx_HAL_Driver/Src/stm32l4xx_hal_adc.c.obj
 .text.LL_ADC_REG_StartConversion
                0x0800bc38       0x28 CMakeFiles/ESC.dir/Drivers/STM32L4xx_HAL_Driver/Src/stm32l4xx_hal_adc.c.obj
 .text.LL_ADC_REG_StopConversion
                0x0800bc60       0x28 CMakeFiles/ESC.dir/Drivers/STM32L4xx_HAL_Driver/Src/stm32l4xx_hal_adc.c.obj
 .text.LL_ADC_REG_IsConversionOngoing
                0x0800bc88       0x26 CMakeFiles/ESC.dir/Drivers/STM32L4xx_HAL_Driver/Src/stm32l4xx_hal_adc.c.obj
 .text.LL_ADC_INJ_StopConversion
                0x0800bcae       0x28 CMakeFiles/ESC.dir/Drivers/STM32L4xx_HAL_Driver/Src/stm32l4xx_hal_adc.c.obj
 .text.LL_ADC_INJ_IsConversionOngoing
                0x0800bcd6       0x26 CMakeFiles/ESC.dir/Drivers/STM32L4xx_HAL_Driver/Src/stm32l4xx_hal_adc.c.obj
 .text.HAL_ADC_Init
                0x0800bcfc      0x294 CMakeFiles/ESC.dir/Drivers/STM32L4xx_HAL_Driver/Src/stm32l4xx_hal_adc.c.obj
                0x0800bcfc                HAL_ADC_Init
 .text.HAL_ADC_Start
                0x0800bf90      0x174 CMakeFiles/ESC.dir/Drivers/STM32L4xx_HAL_Driver/Src/stm32l4xx_hal_adc.c.obj
                0x0800bf90                HAL_ADC_Start
 .text.HAL_ADC_Stop
                0x0800c104       0x66 CMakeFiles/ESC.dir/Drivers/STM32L4xx_HAL_Driver/Src/stm32l4xx_hal_adc.c.obj
                0x0800c104                HAL_ADC_Stop
 *fill*         0x0800c16a        0x2 
 .text.HAL_ADC_PollForConversion
                0x0800c16c      0x1b0 CMakeFiles/ESC.dir/Drivers/STM32L4xx_HAL_Driver/Src/stm32l4xx_hal_adc.c.obj
                0x0800c16c                HAL_ADC_PollForConversion
 .text.HAL_ADC_GetValue
                0x0800c31c       0x1a CMakeFiles/ESC.dir/Drivers/STM32L4xx_HAL_Driver/Src/stm32l4xx_hal_adc.c.obj
                0x0800c31c                HAL_ADC_GetValue
 *fill*         0x0800c336        0x2 
 .text.HAL_ADC_ConfigChannel
                0x0800c338      0x7f8 CMakeFiles/ESC.dir/Drivers/STM32L4xx_HAL_Driver/Src/stm32l4xx_hal_adc.c.obj
                0x0800c338                HAL_ADC_ConfigChannel
 .text.ADC_ConversionStop
                0x0800cb30      0x178 CMakeFiles/ESC.dir/Drivers/STM32L4xx_HAL_Driver/Src/stm32l4xx_hal_adc.c.obj
                0x0800cb30                ADC_ConversionStop
 .text.ADC_Enable
                0x0800cca8      0x10c CMakeFiles/ESC.dir/Drivers/STM32L4xx_HAL_Driver/Src/stm32l4xx_hal_adc.c.obj
                0x0800cca8                ADC_Enable
 .text.ADC_Disable
                0x0800cdb4       0xbe CMakeFiles/ESC.dir/Drivers/STM32L4xx_HAL_Driver/Src/stm32l4xx_hal_adc.c.obj
                0x0800cdb4                ADC_Disable
 .text.LL_ADC_IsEnabled
                0x0800ce72       0x26 CMakeFiles/ESC.dir/Drivers/STM32L4xx_HAL_Driver/Src/stm32l4xx_hal_adc_ex.c.obj
 .text.LL_ADC_REG_IsConversionOngoing
                0x0800ce98       0x26 CMakeFiles/ESC.dir/Drivers/STM32L4xx_HAL_Driver/Src/stm32l4xx_hal_adc_ex.c.obj
 *fill*         0x0800cebe        0x2 
 .text.HAL_ADCEx_MultiModeConfigChannel
                0x0800cec0      0x148 CMakeFiles/ESC.dir/Drivers/STM32L4xx_HAL_Driver/Src/stm32l4xx_hal_adc_ex.c.obj
                0x0800cec0                HAL_ADCEx_MultiModeConfigChannel
 .text.HAL_TIM_Base_Init
                0x0800d008       0xae CMakeFiles/ESC.dir/Drivers/STM32L4xx_HAL_Driver/Src/stm32l4xx_hal_tim.c.obj
                0x0800d008                HAL_TIM_Base_Init
 .text.HAL_TIM_PWM_Init
                0x0800d0b6       0xae CMakeFiles/ESC.dir/Drivers/STM32L4xx_HAL_Driver/Src/stm32l4xx_hal_tim.c.obj
                0x0800d0b6                HAL_TIM_PWM_Init
 .text.HAL_TIM_PWM_MspInit
                0x0800d164       0x14 CMakeFiles/ESC.dir/Drivers/STM32L4xx_HAL_Driver/Src/stm32l4xx_hal_tim.c.obj
                0x0800d164                HAL_TIM_PWM_MspInit
 .text.HAL_TIM_PWM_ConfigChannel
                0x0800d178      0x228 CMakeFiles/ESC.dir/Drivers/STM32L4xx_HAL_Driver/Src/stm32l4xx_hal_tim.c.obj
                0x0800d178                HAL_TIM_PWM_ConfigChannel
 .text.HAL_TIM_ConfigClockSource
                0x0800d3a0      0x192 CMakeFiles/ESC.dir/Drivers/STM32L4xx_HAL_Driver/Src/stm32l4xx_hal_tim.c.obj
                0x0800d3a0                HAL_TIM_ConfigClockSource
 *fill*         0x0800d532        0x2 
 .text.TIM_Base_SetConfig
                0x0800d534       0xe0 CMakeFiles/ESC.dir/Drivers/STM32L4xx_HAL_Driver/Src/stm32l4xx_hal_tim.c.obj
                0x0800d534                TIM_Base_SetConfig
 .text.TIM_OC1_SetConfig
                0x0800d614       0xf8 CMakeFiles/ESC.dir/Drivers/STM32L4xx_HAL_Driver/Src/stm32l4xx_hal_tim.c.obj
 .text.TIM_OC2_SetConfig
                0x0800d70c       0xf4 CMakeFiles/ESC.dir/Drivers/STM32L4xx_HAL_Driver/Src/stm32l4xx_hal_tim.c.obj
                0x0800d70c                TIM_OC2_SetConfig
 .text.TIM_OC3_SetConfig
                0x0800d800       0xf0 CMakeFiles/ESC.dir/Drivers/STM32L4xx_HAL_Driver/Src/stm32l4xx_hal_tim.c.obj
 .text.TIM_OC4_SetConfig
                0x0800d8f0       0xbc CMakeFiles/ESC.dir/Drivers/STM32L4xx_HAL_Driver/Src/stm32l4xx_hal_tim.c.obj
 .text.TIM_OC5_SetConfig
                0x0800d9ac       0xb0 CMakeFiles/ESC.dir/Drivers/STM32L4xx_HAL_Driver/Src/stm32l4xx_hal_tim.c.obj
 .text.TIM_OC6_SetConfig
                0x0800da5c       0xb4 CMakeFiles/ESC.dir/Drivers/STM32L4xx_HAL_Driver/Src/stm32l4xx_hal_tim.c.obj
 .text.TIM_TI1_ConfigInputStage
                0x0800db10       0x5e CMakeFiles/ESC.dir/Drivers/STM32L4xx_HAL_Driver/Src/stm32l4xx_hal_tim.c.obj
 .text.TIM_TI2_ConfigInputStage
                0x0800db6e       0x60 CMakeFiles/ESC.dir/Drivers/STM32L4xx_HAL_Driver/Src/stm32l4xx_hal_tim.c.obj
 .text.TIM_ITRx_SetConfig
                0x0800dbce       0x36 CMakeFiles/ESC.dir/Drivers/STM32L4xx_HAL_Driver/Src/stm32l4xx_hal_tim.c.obj
 .text.TIM_ETR_SetConfig
                0x0800dc04       0x40 CMakeFiles/ESC.dir/Drivers/STM32L4xx_HAL_Driver/Src/stm32l4xx_hal_tim.c.obj
                0x0800dc04                TIM_ETR_SetConfig
 .text.HAL_TIMEx_MasterConfigSynchronization
                0x0800dc44       0xcc CMakeFiles/ESC.dir/Drivers/STM32L4xx_HAL_Driver/Src/stm32l4xx_hal_tim_ex.c.obj
                0x0800dc44                HAL_TIMEx_MasterConfigSynchronization
 .text.HAL_TIMEx_ConfigBreakDeadTime
                0x0800dd10       0xf0 CMakeFiles/ESC.dir/Drivers/STM32L4xx_HAL_Driver/Src/stm32l4xx_hal_tim_ex.c.obj
                0x0800dd10                HAL_TIMEx_ConfigBreakDeadTime
 .text.SystemInit
                0x0800de00       0x24 CMakeFiles/ESC.dir/Src/system_stm32l4xx.c.obj
                0x0800de00                SystemInit
 .text.USBD_Init
                0x0800de24       0x7c CMakeFiles/ESC.dir/Middlewares/ST/STM32_USB_Device_Library/Core/Src/usbd_core.c.obj
                0x0800de24                USBD_Init
 .text.USBD_RegisterClass
                0x0800dea0       0x88 CMakeFiles/ESC.dir/Middlewares/ST/STM32_USB_Device_Library/Core/Src/usbd_core.c.obj
                0x0800dea0                USBD_RegisterClass
 .text.USBD_Start
                0x0800df28       0x18 CMakeFiles/ESC.dir/Middlewares/ST/STM32_USB_Device_Library/Core/Src/usbd_core.c.obj
                0x0800df28                USBD_Start
 .text.USBD_RunTestMode
                0x0800df40       0x16 CMakeFiles/ESC.dir/Middlewares/ST/STM32_USB_Device_Library/Core/Src/usbd_core.c.obj
                0x0800df40                USBD_RunTestMode
 .text.USBD_SetClassConfig
                0x0800df56       0x38 CMakeFiles/ESC.dir/Middlewares/ST/STM32_USB_Device_Library/Core/Src/usbd_core.c.obj
                0x0800df56                USBD_SetClassConfig
 .text.USBD_ClrClassConfig
                0x0800df8e       0x34 CMakeFiles/ESC.dir/Middlewares/ST/STM32_USB_Device_Library/Core/Src/usbd_core.c.obj
                0x0800df8e                USBD_ClrClassConfig
 .text.USBD_LL_SetupStage
                0x0800dfc2       0xaa CMakeFiles/ESC.dir/Middlewares/ST/STM32_USB_Device_Library/Core/Src/usbd_core.c.obj
                0x0800dfc2                USBD_LL_SetupStage
 .text.USBD_LL_DataOutStage
                0x0800e06c      0x166 CMakeFiles/ESC.dir/Middlewares/ST/STM32_USB_Device_Library/Core/Src/usbd_core.c.obj
                0x0800e06c                USBD_LL_DataOutStage
 .text.USBD_LL_DataInStage
                0x0800e1d2      0x164 CMakeFiles/ESC.dir/Middlewares/ST/STM32_USB_Device_Library/Core/Src/usbd_core.c.obj
                0x0800e1d2                USBD_LL_DataInStage
 .text.USBD_LL_Reset
                0x0800e336       0xa4 CMakeFiles/ESC.dir/Middlewares/ST/STM32_USB_Device_Library/Core/Src/usbd_core.c.obj
                0x0800e336                USBD_LL_Reset
 .text.USBD_LL_SetSpeed
                0x0800e3da       0x20 CMakeFiles/ESC.dir/Middlewares/ST/STM32_USB_Device_Library/Core/Src/usbd_core.c.obj
                0x0800e3da                USBD_LL_SetSpeed
 .text.USBD_LL_Suspend
                0x0800e3fa       0x38 CMakeFiles/ESC.dir/Middlewares/ST/STM32_USB_Device_Library/Core/Src/usbd_core.c.obj
                0x0800e3fa                USBD_LL_Suspend
 .text.USBD_LL_Resume
                0x0800e432       0x30 CMakeFiles/ESC.dir/Middlewares/ST/STM32_USB_Device_Library/Core/Src/usbd_core.c.obj
                0x0800e432                USBD_LL_Resume
 .text.USBD_LL_SOF
                0x0800e462       0x40 CMakeFiles/ESC.dir/Middlewares/ST/STM32_USB_Device_Library/Core/Src/usbd_core.c.obj
                0x0800e462                USBD_LL_SOF
 .text.USBD_CoreFindIF
                0x0800e4a2       0x1a CMakeFiles/ESC.dir/Middlewares/ST/STM32_USB_Device_Library/Core/Src/usbd_core.c.obj
                0x0800e4a2                USBD_CoreFindIF
 .text.USBD_CoreFindEP
                0x0800e4bc       0x1a CMakeFiles/ESC.dir/Middlewares/ST/STM32_USB_Device_Library/Core/Src/usbd_core.c.obj
                0x0800e4bc                USBD_CoreFindEP
 .text.USBD_GetEpDesc
                0x0800e4d6       0x70 CMakeFiles/ESC.dir/Middlewares/ST/STM32_USB_Device_Library/Core/Src/usbd_core.c.obj
                0x0800e4d6                USBD_GetEpDesc
 .text.USBD_GetNextDesc
                0x0800e546       0x38 CMakeFiles/ESC.dir/Middlewares/ST/STM32_USB_Device_Library/Core/Src/usbd_core.c.obj
                0x0800e546                USBD_GetNextDesc
 .text.SWAPBYTE
                0x0800e57e       0x3e CMakeFiles/ESC.dir/Middlewares/ST/STM32_USB_Device_Library/Core/Src/usbd_ctlreq.c.obj
 .text.USBD_StdDevReq
                0x0800e5bc       0xe4 CMakeFiles/ESC.dir/Middlewares/ST/STM32_USB_Device_Library/Core/Src/usbd_ctlreq.c.obj
                0x0800e5bc                USBD_StdDevReq
 .text.USBD_StdItfReq
                0x0800e6a0       0xd8 CMakeFiles/ESC.dir/Middlewares/ST/STM32_USB_Device_Library/Core/Src/usbd_ctlreq.c.obj
                0x0800e6a0                USBD_StdItfReq
 .text.USBD_StdEPReq
                0x0800e778      0x33a CMakeFiles/ESC.dir/Middlewares/ST/STM32_USB_Device_Library/Core/Src/usbd_ctlreq.c.obj
                0x0800e778                USBD_StdEPReq
 *fill*         0x0800eab2        0x2 
 .text.USBD_GetDescriptor
                0x0800eab4      0x328 CMakeFiles/ESC.dir/Middlewares/ST/STM32_USB_Device_Library/Core/Src/usbd_ctlreq.c.obj
 .text.USBD_SetAddress
                0x0800eddc       0x88 CMakeFiles/ESC.dir/Middlewares/ST/STM32_USB_Device_Library/Core/Src/usbd_ctlreq.c.obj
 .text.USBD_SetConfig
                0x0800ee64      0x154 CMakeFiles/ESC.dir/Middlewares/ST/STM32_USB_Device_Library/Core/Src/usbd_ctlreq.c.obj
 .text.USBD_GetConfig
                0x0800efb8       0x6c CMakeFiles/ESC.dir/Middlewares/ST/STM32_USB_Device_Library/Core/Src/usbd_ctlreq.c.obj
 .text.USBD_GetStatus
                0x0800f024       0x68 CMakeFiles/ESC.dir/Middlewares/ST/STM32_USB_Device_Library/Core/Src/usbd_ctlreq.c.obj
 .text.USBD_SetFeature
                0x0800f08c       0x52 CMakeFiles/ESC.dir/Middlewares/ST/STM32_USB_Device_Library/Core/Src/usbd_ctlreq.c.obj
 .text.USBD_ClrFeature
                0x0800f0de       0x44 CMakeFiles/ESC.dir/Middlewares/ST/STM32_USB_Device_Library/Core/Src/usbd_ctlreq.c.obj
 .text.USBD_ParseSetupRequest
                0x0800f122       0x74 CMakeFiles/ESC.dir/Middlewares/ST/STM32_USB_Device_Library/Core/Src/usbd_ctlreq.c.obj
                0x0800f122                USBD_ParseSetupRequest
 .text.USBD_CtlError
                0x0800f196       0x22 CMakeFiles/ESC.dir/Middlewares/ST/STM32_USB_Device_Library/Core/Src/usbd_ctlreq.c.obj
                0x0800f196                USBD_CtlError
 .text.USBD_GetString
                0x0800f1b8       0xa4 CMakeFiles/ESC.dir/Middlewares/ST/STM32_USB_Device_Library/Core/Src/usbd_ctlreq.c.obj
                0x0800f1b8                USBD_GetString
 .text.USBD_GetLen
                0x0800f25c       0x34 CMakeFiles/ESC.dir/Middlewares/ST/STM32_USB_Device_Library/Core/Src/usbd_ctlreq.c.obj
 .text.USBD_CtlSendData
                0x0800f290       0x36 CMakeFiles/ESC.dir/Middlewares/ST/STM32_USB_Device_Library/Core/Src/usbd_ioreq.c.obj
                0x0800f290                USBD_CtlSendData
 .text.USBD_CtlContinueSendData
                0x0800f2c6       0x22 CMakeFiles/ESC.dir/Middlewares/ST/STM32_USB_Device_Library/Core/Src/usbd_ioreq.c.obj
                0x0800f2c6                USBD_CtlContinueSendData
 .text.USBD_CtlPrepareRx
                0x0800f2e8       0x3a CMakeFiles/ESC.dir/Middlewares/ST/STM32_USB_Device_Library/Core/Src/usbd_ioreq.c.obj
                0x0800f2e8                USBD_CtlPrepareRx
 .text.USBD_CtlContinueRx
                0x0800f322       0x22 CMakeFiles/ESC.dir/Middlewares/ST/STM32_USB_Device_Library/Core/Src/usbd_ioreq.c.obj
                0x0800f322                USBD_CtlContinueRx
 .text.USBD_CtlSendStatus
                0x0800f344       0x26 CMakeFiles/ESC.dir/Middlewares/ST/STM32_USB_Device_Library/Core/Src/usbd_ioreq.c.obj
                0x0800f344                USBD_CtlSendStatus
 .text.USBD_CtlReceiveStatus
                0x0800f36a       0x26 CMakeFiles/ESC.dir/Middlewares/ST/STM32_USB_Device_Library/Core/Src/usbd_ioreq.c.obj
                0x0800f36a                USBD_CtlReceiveStatus
 .text.USBD_CDC_Init
                0x0800f390      0x1f0 CMakeFiles/ESC.dir/Middlewares/ST/STM32_USB_Device_Library/Class/CDC/Src/usbd_cdc.c.obj
 .text.USBD_CDC_DeInit
                0x0800f580      0x104 CMakeFiles/ESC.dir/Middlewares/ST/STM32_USB_Device_Library/Class/CDC/Src/usbd_cdc.c.obj
 .text.USBD_CDC_Setup
                0x0800f684      0x1b8 CMakeFiles/ESC.dir/Middlewares/ST/STM32_USB_Device_Library/Class/CDC/Src/usbd_cdc.c.obj
 .text.USBD_CDC_DataIn
                0x0800f83c       0xfe CMakeFiles/ESC.dir/Middlewares/ST/STM32_USB_Device_Library/Class/CDC/Src/usbd_cdc.c.obj
 .text.USBD_CDC_DataOut
                0x0800f93a       0x70 CMakeFiles/ESC.dir/Middlewares/ST/STM32_USB_Device_Library/Class/CDC/Src/usbd_cdc.c.obj
 .text.USBD_CDC_EP0_RxReady
                0x0800f9aa       0x74 CMakeFiles/ESC.dir/Middlewares/ST/STM32_USB_Device_Library/Class/CDC/Src/usbd_cdc.c.obj
 *fill*         0x0800fa1e        0x2 
 .text.USBD_CDC_GetFSCfgDesc
                0x0800fa20       0x70 CMakeFiles/ESC.dir/Middlewares/ST/STM32_USB_Device_Library/Class/CDC/Src/usbd_cdc.c.obj
 .text.USBD_CDC_GetHSCfgDesc
                0x0800fa90       0x70 CMakeFiles/ESC.dir/Middlewares/ST/STM32_USB_Device_Library/Class/CDC/Src/usbd_cdc.c.obj
 .text.USBD_CDC_GetOtherSpeedCfgDesc
                0x0800fb00       0x70 CMakeFiles/ESC.dir/Middlewares/ST/STM32_USB_Device_Library/Class/CDC/Src/usbd_cdc.c.obj
 .text.USBD_CDC_GetDeviceQualifierDescriptor
                0x0800fb70       0x20 CMakeFiles/ESC.dir/Middlewares/ST/STM32_USB_Device_Library/Class/CDC/Src/usbd_cdc.c.obj
                0x0800fb70                USBD_CDC_GetDeviceQualifierDescriptor
 .text.USBD_CDC_RegisterInterface
                0x0800fb90       0x34 CMakeFiles/ESC.dir/Middlewares/ST/STM32_USB_Device_Library/Class/CDC/Src/usbd_cdc.c.obj
                0x0800fb90                USBD_CDC_RegisterInterface
 .text.USBD_CDC_SetTxBuffer
                0x0800fbc4       0x44 CMakeFiles/ESC.dir/Middlewares/ST/STM32_USB_Device_Library/Class/CDC/Src/usbd_cdc.c.obj
                0x0800fbc4                USBD_CDC_SetTxBuffer
 .text.USBD_CDC_SetRxBuffer
                0x0800fc08       0x3a CMakeFiles/ESC.dir/Middlewares/ST/STM32_USB_Device_Library/Class/CDC/Src/usbd_cdc.c.obj
                0x0800fc08                USBD_CDC_SetRxBuffer
 *fill*         0x0800fc42        0x2 
 .text.USBD_CDC_TransmitPacket
                0x0800fc44       0x80 CMakeFiles/ESC.dir/Middlewares/ST/STM32_USB_Device_Library/Class/CDC/Src/usbd_cdc.c.obj
                0x0800fc44                USBD_CDC_TransmitPacket
 .text.USBD_CDC_ReceivePacket
                0x0800fcc4       0x6c CMakeFiles/ESC.dir/Middlewares/ST/STM32_USB_Device_Library/Class/CDC/Src/usbd_cdc.c.obj
                0x0800fcc4                USBD_CDC_ReceivePacket
 .text._sbrk    0x0800fd30       0x6c CMakeFiles/ESC.dir/Src/sysmem.c.obj
                0x0800fd30                _sbrk
 .text._getpid  0x0800fd9c       0x10 CMakeFiles/ESC.dir/Src/syscalls.c.obj
                0x0800fd9c                _getpid
 .text._kill    0x0800fdac       0x20 CMakeFiles/ESC.dir/Src/syscalls.c.obj
                0x0800fdac                _kill
 .text._exit    0x0800fdcc       0x16 CMakeFiles/ESC.dir/Src/syscalls.c.obj
                0x0800fdcc                _exit
 .text._read    0x0800fde2       0x3a CMakeFiles/ESC.dir/Src/syscalls.c.obj
                0x0800fde2                _read
 .text._write   0x0800fe1c       0x38 CMakeFiles/ESC.dir/Src/syscalls.c.obj
                0x0800fe1c                _write
 .text._close   0x0800fe54       0x18 CMakeFiles/ESC.dir/Src/syscalls.c.obj
                0x0800fe54                _close
 .text._fstat   0x0800fe6c       0x20 CMakeFiles/ESC.dir/Src/syscalls.c.obj
                0x0800fe6c                _fstat
 .text._isatty  0x0800fe8c       0x16 CMakeFiles/ESC.dir/Src/syscalls.c.obj
                0x0800fe8c                _isatty
 .text._lseek   0x0800fea2       0x1a CMakeFiles/ESC.dir/Src/syscalls.c.obj
                0x0800fea2                _lseek
 .text.Reset_Handler
                0x0800febc       0x50 CMakeFiles/ESC.dir/startup_stm32l412xx.s.obj
                0x0800febc                Reset_Handler
 .text.Default_Handler
                0x0800ff0c        0x2 CMakeFiles/ESC.dir/startup_stm32l412xx.s.obj
                0x0800ff0c                RTC_Alarm_IRQHandler
                0x0800ff0c                EXTI2_IRQHandler
                0x0800ff0c                TIM1_CC_IRQHandler
                0x0800ff0c                TSC_IRQHandler
                0x0800ff0c                TIM6_IRQHandler
                0x0800ff0c                TAMP_STAMP_IRQHandler
                0x0800ff0c                EXTI3_IRQHandler
                0x0800ff0c                LPTIM2_IRQHandler
                0x0800ff0c                I2C3_ER_IRQHandler
                0x0800ff0c                EXTI0_IRQHandler
                0x0800ff0c                I2C2_EV_IRQHandler
                0x0800ff0c                FPU_IRQHandler
                0x0800ff0c                TIM1_UP_TIM16_IRQHandler
                0x0800ff0c                ADC1_2_IRQHandler
                0x0800ff0c                SPI1_IRQHandler
                0x0800ff0c                DMA2_Channel2_IRQHandler
                0x0800ff0c                DMA1_Channel4_IRQHandler
                0x0800ff0c                USART3_IRQHandler
                0x0800ff0c                DMA1_Channel7_IRQHandler
                0x0800ff0c                DMA2_Channel1_IRQHandler
                0x0800ff0c                QUADSPI_IRQHandler
                0x0800ff0c                I2C1_EV_IRQHandler
                0x0800ff0c                DMA1_Channel6_IRQHandler
                0x0800ff0c                DMA2_Channel4_IRQHandler
                0x0800ff0c                RCC_IRQHandler
                0x0800ff0c                TIM1_TRG_COM_IRQHandler
                0x0800ff0c                DMA1_Channel1_IRQHandler
                0x0800ff0c                Default_Handler
                0x0800ff0c                DMA2_Channel7_IRQHandler
                0x0800ff0c                EXTI15_10_IRQHandler
                0x0800ff0c                I2C3_EV_IRQHandler
                0x0800ff0c                EXTI9_5_IRQHandler
                0x0800ff0c                RTC_WKUP_IRQHandler
                0x0800ff0c                PVD_PVM_IRQHandler
                0x0800ff0c                SPI2_IRQHandler
                0x0800ff0c                DMA2_Channel5_IRQHandler
                0x0800ff0c                CRS_IRQHandler
                0x0800ff0c                DMA1_Channel5_IRQHandler
                0x0800ff0c                EXTI4_IRQHandler
                0x0800ff0c                RNG_IRQHandler
                0x0800ff0c                DMA1_Channel3_IRQHandler
                0x0800ff0c                COMP_IRQHandler
                0x0800ff0c                WWDG_IRQHandler
                0x0800ff0c                LPUART1_IRQHandler
                0x0800ff0c                DMA2_Channel6_IRQHandler
                0x0800ff0c                TIM2_IRQHandler
                0x0800ff0c                EXTI1_IRQHandler
                0x0800ff0c                USART2_IRQHandler
                0x0800ff0c                I2C2_ER_IRQHandler
                0x0800ff0c                DMA1_Channel2_IRQHandler
                0x0800ff0c                FLASH_IRQHandler
                0x0800ff0c                USART1_IRQHandler
                0x0800ff0c                I2C1_ER_IRQHandler
                0x0800ff0c                LPTIM1_IRQHandler
                0x0800ff0c                DMA2_Channel3_IRQHandler
                0x0800ff0c                TIM1_BRK_TIM15_IRQHandler
 *(.glue_7)
 .glue_7        0x0800ff0e        0x0 linker stubs
 *(.glue_7t)
 .glue_7t       0x0800ff0e        0x0 linker stubs
 *(.eh_frame)
 *fill*         0x0800ff0e        0x2 
 .eh_frame      0x0800ff10        0x0 /usr/lib/gcc/arm-none-eabi/13.2.1/thumb/v7e-m+fp/hard/crtbegin.o
 *(.init)
 .init          0x0800ff10        0x4 /usr/lib/gcc/arm-none-eabi/13.2.1/thumb/v7e-m+fp/hard/crti.o
                0x0800ff10                _init
 .init          0x0800ff14        0x8 /usr/lib/gcc/arm-none-eabi/13.2.1/thumb/v7e-m+fp/hard/crtn.o
 *(.fini)
 .fini          0x0800ff1c        0x4 /usr/lib/gcc/arm-none-eabi/13.2.1/thumb/v7e-m+fp/hard/crti.o
                0x0800ff1c                _fini
 .fini          0x0800ff20        0x8 /usr/lib/gcc/arm-none-eabi/13.2.1/thumb/v7e-m+fp/hard/crtn.o
                0x0800ff28                        . = ALIGN (0x8)
                0x0800ff28                        _etext = .

.vfp11_veneer   0x0800ff28        0x0
 .vfp11_veneer  0x0800ff28        0x0 linker stubs

.v4_bx          0x0800ff28        0x0
 .v4_bx         0x0800ff28        0x0 linker stubs

.iplt           0x0800ff28        0x0
 .iplt          0x0800ff28        0x0 /usr/lib/gcc/arm-none-eabi/13.2.1/thumb/v7e-m+fp/hard/crtbegin.o

.rodata         0x0800ff28      0x4a0
                0x0800ff28                        . = ALIGN (0x8)
 *(.rodata)
 .rodata        0x0800ff28      0x128 /usr/lib/gcc/arm-none-eabi/13.2.1/../../../arm-none-eabi/lib/thumb/v7e-m+fp/hard/libc_nano.a(libc_a-mprec.o)
                0x0800ff38                __mprec_tens
                0x08010000                __mprec_tinytens
                0x08010028                __mprec_bigtens
 .rodata        0x08010050      0x101 /usr/lib/gcc/arm-none-eabi/13.2.1/../../../arm-none-eabi/lib/thumb/v7e-m+fp/hard/libc_nano.a(libc_a-ctype_.o)
                0x08010050                _ctype_
 *fill*         0x08010151        0x3 
 .rodata        0x08010154       0x7b CMakeFiles/ESC.dir/Src/main.c.obj
 *fill*         0x080101cf        0x1 
 .rodata        0x080101d0       0x46 CMakeFiles/ESC.dir/Src/usbd_desc.c.obj
 *fill*         0x08010216        0x2 
 .rodata        0x08010218       0x35 CMakeFiles/ESC.dir/Middlewares/ST/STM32_USB_Device_Library/Core/Src/usbd_core.c.obj
 *(.rodata*)
 *fill*         0x0801024d        0x3 
 .rodata.str1.4
                0x08010250      0x137 /usr/lib/gcc/arm-none-eabi/13.2.1/../../../arm-none-eabi/lib/thumb/v7e-m+fp/hard/libc_nano.a(libc_a-nano-vfprintf_float.o)
                                 0x12 (size before relaxing)
 .rodata.str1.4
                0x08010387       0x69 /usr/lib/gcc/arm-none-eabi/13.2.1/../../../arm-none-eabi/lib/thumb/v7e-m+fp/hard/libc_nano.a(libc_a-dtoa.o)
 .rodata.str1.4
                0x08010387       0x25 /usr/lib/gcc/arm-none-eabi/13.2.1/../../../arm-none-eabi/lib/thumb/v7e-m+fp/hard/libc_nano.a(libc_a-nano-vfprintf_i.o)
 .rodata.str1.4
                0x08010387       0x43 /usr/lib/gcc/arm-none-eabi/13.2.1/../../../arm-none-eabi/lib/thumb/v7e-m+fp/hard/libc_nano.a(libc_a-assert.o)
 .rodata.str1.4
                0x08010387       0x59 /usr/lib/gcc/arm-none-eabi/13.2.1/../../../arm-none-eabi/lib/thumb/v7e-m+fp/hard/libc_nano.a(libc_a-mprec.o)
 .rodata.str1.4
                0x08010387       0x12 /usr/lib/gcc/arm-none-eabi/13.2.1/../../../arm-none-eabi/lib/thumb/v7e-m+fp/hard/libc_nano.a(libc_a-locale.o)
 .rodata.str1.4
                0x08010387       0x13 /usr/lib/gcc/arm-none-eabi/13.2.1/../../../arm-none-eabi/lib/thumb/v7e-m+fp/hard/libc_nano.a(libc_a-nano-vfprintf.o)
 *fill*         0x08010387        0x1 
 .rodata.AHBPrescTable
                0x08010388       0x10 CMakeFiles/ESC.dir/Src/system_stm32l4xx.c.obj
                0x08010388                AHBPrescTable
 .rodata.MSIRangeTable
                0x08010398       0x30 CMakeFiles/ESC.dir/Src/system_stm32l4xx.c.obj
                0x08010398                MSIRangeTable
 .rodata.str1.4
                0x080103c8       0x13 /usr/lib/gcc/arm-none-eabi/13.2.1/../../../arm-none-eabi/lib/thumb/v7e-m+fp/hard/libg_nano.a(libc_a-nano-svfprintf.o)
                0x080103e0                        . = ALIGN (0x8)

.ARM.extab      0x080103c8        0x0
                0x080103c8                        . = ALIGN (0x8)
 *(.ARM.extab* .gnu.linkonce.armextab.*)
                0x080103c8                        . = ALIGN (0x8)

.ARM            0x080103c8        0x8
                0x080103c8                        . = ALIGN (0x8)
                0x080103c8                        __exidx_start = .
 *(.ARM.exidx*)
 .ARM.exidx     0x080103c8        0x8 /usr/lib/gcc/arm-none-eabi/13.2.1/../../../arm-none-eabi/lib/thumb/v7e-m+fp/hard/libc_nano.a(libc_a-memcpy.o)
 .ARM.exidx     0x080103d0        0x0 /usr/lib/gcc/arm-none-eabi/13.2.1/../../../arm-none-eabi/lib/thumb/v7e-m+fp/hard/libc_nano.a(libc_a-strlen.o)
                                  0x8 (size before relaxing)
 .ARM.exidx     0x080103d0        0x0 /usr/lib/gcc/arm-none-eabi/13.2.1/../../../arm-none-eabi/lib/thumb/v7e-m+fp/hard/libc_nano.a(libc_a-memchr.o)
                                  0x8 (size before relaxing)
                0x080103d0                        __exidx_end = .
                0x080103d0                        . = ALIGN (0x8)

.rel.dyn        0x080103d0        0x0
 .rel.iplt      0x080103d0        0x0 /usr/lib/gcc/arm-none-eabi/13.2.1/thumb/v7e-m+fp/hard/crtbegin.o

.preinit_array  0x080103d0        0x0
                0x080103d0                        . = ALIGN (0x8)
                0x080103d0                        PROVIDE (__preinit_array_start = .)
 *(.preinit_array*)
                0x080103d0                        PROVIDE (__preinit_array_end = .)
                0x080103d0                        . = ALIGN (0x8)

.init_array     0x080103d0        0x8
                0x080103d0                        . = ALIGN (0x8)
                0x080103d0                        PROVIDE (__init_array_start = .)
 *(SORT_BY_NAME(.init_array.*))
 *(.init_array*)
 .init_array    0x080103d0        0x4 /usr/lib/gcc/arm-none-eabi/13.2.1/thumb/v7e-m+fp/hard/crtbegin.o
                0x080103d4                        PROVIDE (__init_array_end = .)
                0x080103d8                        . = ALIGN (0x8)
 *fill*         0x080103d4        0x4 

.fini_array     0x080103d8        0x8
                0x080103d8                        . = ALIGN (0x8)
                0x080103d8                        PROVIDE (__fini_array_start = .)
 *(SORT_BY_NAME(.fini_array.*))
 *(.fini_array*)
 .fini_array    0x080103d8        0x4 /usr/lib/gcc/arm-none-eabi/13.2.1/thumb/v7e-m+fp/hard/crtbegin.o
                0x080103dc                        PROVIDE (__fini_array_end = .)
                0x080103e0                        . = ALIGN (0x8)
 *fill*         0x080103dc        0x4 
                0x080103e0                        _sidata = LOADADDR (.data)

.data           0x20000000      0x2d8 load address 0x080103e0
                0x20000000                        . = ALIGN (0x8)
                0x20000000                        _sdata = .
 *(.data)
 .data          0x20000000       0x50 /usr/lib/gcc/arm-none-eabi/13.2.1/../../../arm-none-eabi/lib/thumb/v7e-m+fp/hard/libc_nano.a(libc_a-impure.o)
                0x20000000                _impure_ptr
                0x20000004                _impure_data
 .data          0x20000050        0xc /usr/lib/gcc/arm-none-eabi/13.2.1/../../../arm-none-eabi/lib/thumb/v7e-m+fp/hard/libc_nano.a(libc_a-findfp.o)
                0x20000050                __sglue
 .data          0x2000005c      0x16c /usr/lib/gcc/arm-none-eabi/13.2.1/../../../arm-none-eabi/lib/thumb/v7e-m+fp/hard/libc_nano.a(libc_a-locale.o)
                0x2000005c                __global_locale
 *(.data*)
 .data.FS_Desc  0x200001c8       0x20 CMakeFiles/ESC.dir/Src/usbd_desc.c.obj
                0x200001c8                FS_Desc
 .data.USBD_FS_DeviceDesc
                0x200001e8       0x12 CMakeFiles/ESC.dir/Src/usbd_desc.c.obj
                0x200001e8                USBD_FS_DeviceDesc
 *fill*         0x200001fa        0x2 
 .data.USBD_FS_BOSDesc
                0x200001fc        0xc CMakeFiles/ESC.dir/Src/usbd_desc.c.obj
                0x200001fc                USBD_FS_BOSDesc
 .data.USBD_LangIDDesc
                0x20000208        0x4 CMakeFiles/ESC.dir/Src/usbd_desc.c.obj
                0x20000208                USBD_LangIDDesc
 .data.USBD_StringSerial
                0x2000020c       0x1a CMakeFiles/ESC.dir/Src/usbd_desc.c.obj
                0x2000020c                USBD_StringSerial
 *fill*         0x20000226        0x2 
 .data.USBD_Interface_fops_FS
                0x20000228       0x14 CMakeFiles/ESC.dir/Src/usbd_cdc_if.c.obj
                0x20000228                USBD_Interface_fops_FS
 .data.uwTickPrio
                0x2000023c        0x4 CMakeFiles/ESC.dir/Drivers/STM32L4xx_HAL_Driver/Src/stm32l4xx_hal.c.obj
                0x2000023c                uwTickPrio
 .data.uwTickFreq
                0x20000240        0x1 CMakeFiles/ESC.dir/Drivers/STM32L4xx_HAL_Driver/Src/stm32l4xx_hal.c.obj
                0x20000240                uwTickFreq
 *fill*         0x20000241        0x3 
 .data.SystemCoreClock
                0x20000244        0x4 CMakeFiles/ESC.dir/Src/system_stm32l4xx.c.obj
                0x20000244                SystemCoreClock
 .data.USBD_CDC_DeviceQualifierDesc
                0x20000248        0xa CMakeFiles/ESC.dir/Middlewares/ST/STM32_USB_Device_Library/Class/CDC/Src/usbd_cdc.c.obj
 *fill*         0x20000252        0x2 
 .data.USBD_CDC
                0x20000254       0x38 CMakeFiles/ESC.dir/Middlewares/ST/STM32_USB_Device_Library/Class/CDC/Src/usbd_cdc.c.obj
                0x20000254                USBD_CDC
 .data.USBD_CDC_CfgDesc
                0x2000028c       0x43 CMakeFiles/ESC.dir/Middlewares/ST/STM32_USB_Device_Library/Class/CDC/Src/usbd_cdc.c.obj
 .data.CDCInEpAdd
                0x200002cf        0x1 CMakeFiles/ESC.dir/Middlewares/ST/STM32_USB_Device_Library/Class/CDC/Src/usbd_cdc.c.obj
 .data.CDCOutEpAdd
                0x200002d0        0x1 CMakeFiles/ESC.dir/Middlewares/ST/STM32_USB_Device_Library/Class/CDC/Src/usbd_cdc.c.obj
 .data.CDCCmdEpAdd
                0x200002d1        0x1 CMakeFiles/ESC.dir/Middlewares/ST/STM32_USB_Device_Library/Class/CDC/Src/usbd_cdc.c.obj
                0x200002d8                        . = ALIGN (0x8)
 *fill*         0x200002d2        0x6 
                0x200002d8                        _edata = .

.tm_clone_table
                0x200002d8        0x0 load address 0x080106b8
 .tm_clone_table
                0x200002d8        0x0 /usr/lib/gcc/arm-none-eabi/13.2.1/thumb/v7e-m+fp/hard/crtbegin.o
 .tm_clone_table
                0x200002d8        0x0 /usr/lib/gcc/arm-none-eabi/13.2.1/thumb/v7e-m+fp/hard/crtend.o

.igot.plt       0x200002d8        0x0 load address 0x080106b8
 .igot.plt      0x200002d8        0x0 /usr/lib/gcc/arm-none-eabi/13.2.1/thumb/v7e-m+fp/hard/crtbegin.o
                0x200002d8                        . = ALIGN (0x4)

.bss            0x200002d8     0x1450 load address 0x080106b8
                0x200002d8                        _sbss = .
                0x200002d8                        __bss_start__ = _sbss
 *(.bss)
 .bss           0x200002d8       0x1c /usr/lib/gcc/arm-none-eabi/13.2.1/thumb/v7e-m+fp/hard/crtbegin.o
 .bss           0x200002f4      0x13c /usr/lib/gcc/arm-none-eabi/13.2.1/../../../arm-none-eabi/lib/thumb/v7e-m+fp/hard/libc_nano.a(libc_a-findfp.o)
                0x200002f4                __sf
                0x2000042c                __stdio_exit_handler
 .bss           0x20000430        0x8 /usr/lib/gcc/arm-none-eabi/13.2.1/../../../arm-none-eabi/lib/thumb/v7e-m+fp/hard/libc_nano.a(libc_a-mallocr.o)
                0x20000430                __malloc_sbrk_start
                0x20000434                __malloc_free_list
 .bss           0x20000438        0x4 /usr/lib/gcc/arm-none-eabi/13.2.1/../../../arm-none-eabi/lib/thumb/v7e-m+fp/hard/libc_nano.a(libc_a-reent.o)
                0x20000438                errno
 *(.bss*)
 .bss.hadc1     0x2000043c       0x64 CMakeFiles/ESC.dir/Src/adc.c.obj
                0x2000043c                hadc1
 .bss.hi2c1     0x200004a0       0x54 CMakeFiles/ESC.dir/Src/i2c.c.obj
                0x200004a0                hi2c1
 .bss.htim1     0x200004f4       0x4c CMakeFiles/ESC.dir/Src/tim.c.obj
                0x200004f4                htim1
 .bss.hUsbDeviceFS
                0x20000540      0x2dc CMakeFiles/ESC.dir/Src/usb_device.c.obj
                0x20000540                hUsbDeviceFS
 .bss.hpcd_USB_FS
                0x2000081c      0x2e0 CMakeFiles/ESC.dir/Src/usbd_conf.c.obj
                0x2000081c                hpcd_USB_FS
 .bss.mem.0     0x20000afc      0x220 CMakeFiles/ESC.dir/Src/usbd_conf.c.obj
 .bss.USBD_StrDesc
                0x20000d1c      0x200 CMakeFiles/ESC.dir/Src/usbd_desc.c.obj
                0x20000d1c                USBD_StrDesc
 .bss.UserRxBufferFS
                0x20000f1c      0x400 CMakeFiles/ESC.dir/Src/usbd_cdc_if.c.obj
                0x20000f1c                UserRxBufferFS
 .bss.UserTxBufferFS
                0x2000131c      0x400 CMakeFiles/ESC.dir/Src/usbd_cdc_if.c.obj
                0x2000131c                UserTxBufferFS
 .bss.uwTick    0x2000171c        0x4 CMakeFiles/ESC.dir/Drivers/STM32L4xx_HAL_Driver/Src/stm32l4xx_hal.c.obj
                0x2000171c                uwTick
 .bss.cfgidx.0  0x20001720        0x1 CMakeFiles/ESC.dir/Middlewares/ST/STM32_USB_Device_Library/Core/Src/usbd_ctlreq.c.obj
 *fill*         0x20001721        0x3 
 .bss.__sbrk_heap_end
                0x20001724        0x4 CMakeFiles/ESC.dir/Src/sysmem.c.obj
 *(COMMON)
                0x20001728                        . = ALIGN (0x4)
                0x20001728                        _ebss = .
                0x20001728                        __bss_end__ = _ebss

._user_heap_stack
                0x20001728      0x600 load address 0x080106b8
                0x20001728                        . = ALIGN (0x8)
                [!provide]                        PROVIDE (end = .)
                0x20001728                        PROVIDE (_end = .)
                0x20001928                        . = (. + _Min_Heap_Size)
 *fill*         0x20001728      0x200 
                0x20001d28                        . = (. + _Min_Stack_Size)
 *fill*         0x20001928      0x400 
                0x20001d28                        . = ALIGN (0x8)

/DISCARD/
 libc.a(*)
 libm.a(*)
 libgcc.a(*)
OUTPUT(ESC.elf elf32-littlearm)
LOAD linker stubs
LOAD /usr/lib/gcc/arm-none-eabi/13.2.1/../../../arm-none-eabi/lib/thumb/v7e-m+fp/hard/libc.a
LOAD /usr/lib/gcc/arm-none-eabi/13.2.1/../../../arm-none-eabi/lib/thumb/v7e-m+fp/hard/libm.a
LOAD /usr/lib/gcc/arm-none-eabi/13.2.1/thumb/v7e-m+fp/hard/libgcc.a

.ARM.attributes
                0x00000000       0x30
 .ARM.attributes
                0x00000000       0x22 /usr/lib/gcc/arm-none-eabi/13.2.1/thumb/v7e-m+fp/hard/crti.o
 .ARM.attributes
                0x00000022       0x34 /usr/lib/gcc/arm-none-eabi/13.2.1/thumb/v7e-m+fp/hard/crtbegin.o
 .ARM.attributes
                0x00000056       0x34 /usr/lib/gcc/arm-none-eabi/13.2.1/../../../arm-none-eabi/lib/thumb/v7e-m+fp/hard/libc_nano.a(libc_a-init.o)
 .ARM.attributes
                0x0000008a       0x34 /usr/lib/gcc/arm-none-eabi/13.2.1/../../../arm-none-eabi/lib/thumb/v7e-m+fp/hard/libc_nano.a(libc_a-memset.o)
 .ARM.attributes
                0x000000be       0x34 /usr/lib/gcc/arm-none-eabi/13.2.1/../../../arm-none-eabi/lib/thumb/v7e-m+fp/hard/libc_nano.a(libc_a-nano-vfprintf_float.o)
 .ARM.attributes
                0x000000f2       0x34 /usr/lib/gcc/arm-none-eabi/13.2.1/../../../arm-none-eabi/lib/thumb/v7e-m+fp/hard/libc_nano.a(libc_a-dtoa.o)
 .ARM.attributes
                0x00000126       0x20 /usr/lib/gcc/arm-none-eabi/13.2.1/../../../arm-none-eabi/lib/thumb/v7e-m+fp/hard/libc_nano.a(libc_a-memcpy.o)
 .ARM.attributes
                0x00000146       0x34 /usr/lib/gcc/arm-none-eabi/13.2.1/../../../arm-none-eabi/lib/thumb/v7e-m+fp/hard/libc_nano.a(libc_a-malloc.o)
 .ARM.attributes
                0x0000017a       0x34 /usr/lib/gcc/arm-none-eabi/13.2.1/../../../arm-none-eabi/lib/thumb/v7e-m+fp/hard/libc_nano.a(libc_a-nano-vfprintf_i.o)
 .ARM.attributes
                0x000001ae       0x34 /usr/lib/gcc/arm-none-eabi/13.2.1/../../../arm-none-eabi/lib/thumb/v7e-m+fp/hard/libc_nano.a(libc_a-assert.o)
 .ARM.attributes
                0x000001e2       0x34 /usr/lib/gcc/arm-none-eabi/13.2.1/../../../arm-none-eabi/lib/thumb/v7e-m+fp/hard/libc_nano.a(libc_a-mprec.o)
 .ARM.attributes
                0x00000216       0x34 /usr/lib/gcc/arm-none-eabi/13.2.1/../../../arm-none-eabi/lib/thumb/v7e-m+fp/hard/libc_nano.a(libc_a-impure.o)
 .ARM.attributes
                0x0000024a       0x34 /usr/lib/gcc/arm-none-eabi/13.2.1/../../../arm-none-eabi/lib/thumb/v7e-m+fp/hard/libc_nano.a(libc_a-localeconv.o)
 .ARM.attributes
                0x0000027e       0x34 /usr/lib/gcc/arm-none-eabi/13.2.1/../../../arm-none-eabi/lib/thumb/v7e-m+fp/hard/libc_nano.a(libc_a-findfp.o)
 .ARM.attributes
                0x000002b2       0x34 /usr/lib/gcc/arm-none-eabi/13.2.1/../../../arm-none-eabi/lib/thumb/v7e-m+fp/hard/libc_nano.a(libc_a-abort.o)
 .ARM.attributes
                0x000002e6       0x1c /usr/lib/gcc/arm-none-eabi/13.2.1/../../../arm-none-eabi/lib/thumb/v7e-m+fp/hard/libc_nano.a(libc_a-strlen.o)
 .ARM.attributes
                0x00000302       0x34 /usr/lib/gcc/arm-none-eabi/13.2.1/../../../arm-none-eabi/lib/thumb/v7e-m+fp/hard/libc_nano.a(libc_a-fflush.o)
 .ARM.attributes
                0x00000336       0x34 /usr/lib/gcc/arm-none-eabi/13.2.1/../../../arm-none-eabi/lib/thumb/v7e-m+fp/hard/libc_nano.a(libc_a-callocr.o)
 .ARM.attributes
                0x0000036a       0x34 /usr/lib/gcc/arm-none-eabi/13.2.1/../../../arm-none-eabi/lib/thumb/v7e-m+fp/hard/libc_nano.a(libc_a-locale.o)
 .ARM.attributes
                0x0000039e       0x34 /usr/lib/gcc/arm-none-eabi/13.2.1/../../../arm-none-eabi/lib/thumb/v7e-m+fp/hard/libc_nano.a(libc_a-mallocr.o)
 .ARM.attributes
                0x000003d2       0x34 /usr/lib/gcc/arm-none-eabi/13.2.1/../../../arm-none-eabi/lib/thumb/v7e-m+fp/hard/libc_nano.a(libc_a-freer.o)
 .ARM.attributes
                0x00000406       0x34 /usr/lib/gcc/arm-none-eabi/13.2.1/../../../arm-none-eabi/lib/thumb/v7e-m+fp/hard/libc_nano.a(libc_a-fwalk.o)
 .ARM.attributes
                0x0000043a       0x34 /usr/lib/gcc/arm-none-eabi/13.2.1/../../../arm-none-eabi/lib/thumb/v7e-m+fp/hard/libc_nano.a(libc_a-wctomb_r.o)
 .ARM.attributes
                0x0000046e       0x1c /usr/lib/gcc/arm-none-eabi/13.2.1/../../../arm-none-eabi/lib/thumb/v7e-m+fp/hard/libc_nano.a(libc_a-memchr.o)
 .ARM.attributes
                0x0000048a       0x34 /usr/lib/gcc/arm-none-eabi/13.2.1/../../../arm-none-eabi/lib/thumb/v7e-m+fp/hard/libc_nano.a(libc_a-fprintf.o)
 .ARM.attributes
                0x000004be       0x34 /usr/lib/gcc/arm-none-eabi/13.2.1/../../../arm-none-eabi/lib/thumb/v7e-m+fp/hard/libc_nano.a(libc_a-mlock.o)
 .ARM.attributes
                0x000004f2       0x34 /usr/lib/gcc/arm-none-eabi/13.2.1/../../../arm-none-eabi/lib/thumb/v7e-m+fp/hard/libc_nano.a(libc_a-ctype_.o)
 .ARM.attributes
                0x00000526       0x34 /usr/lib/gcc/arm-none-eabi/13.2.1/../../../arm-none-eabi/lib/thumb/v7e-m+fp/hard/libc_nano.a(libc_a-nano-vfprintf.o)
 .ARM.attributes
                0x0000055a       0x34 /usr/lib/gcc/arm-none-eabi/13.2.1/../../../arm-none-eabi/lib/thumb/v7e-m+fp/hard/libc_nano.a(libc_a-wbuf.o)
 .ARM.attributes
                0x0000058e       0x34 /usr/lib/gcc/arm-none-eabi/13.2.1/../../../arm-none-eabi/lib/thumb/v7e-m+fp/hard/libc_nano.a(libc_a-sbrkr.o)
 .ARM.attributes
                0x000005c2       0x34 /usr/lib/gcc/arm-none-eabi/13.2.1/../../../arm-none-eabi/lib/thumb/v7e-m+fp/hard/libc_nano.a(libc_a-stdio.o)
 .ARM.attributes
                0x000005f6       0x34 /usr/lib/gcc/arm-none-eabi/13.2.1/../../../arm-none-eabi/lib/thumb/v7e-m+fp/hard/libc_nano.a(libc_a-fvwrite.o)
 .ARM.attributes
                0x0000062a       0x34 /usr/lib/gcc/arm-none-eabi/13.2.1/../../../arm-none-eabi/lib/thumb/v7e-m+fp/hard/libc_nano.a(libc_a-mbtowc_r.o)
 .ARM.attributes
                0x0000065e       0x34 /usr/lib/gcc/arm-none-eabi/13.2.1/../../../arm-none-eabi/lib/thumb/v7e-m+fp/hard/libc_nano.a(libc_a-signal.o)
 .ARM.attributes
                0x00000692       0x34 /usr/lib/gcc/arm-none-eabi/13.2.1/../../../arm-none-eabi/lib/thumb/v7e-m+fp/hard/libc_nano.a(libc_a-closer.o)
 .ARM.attributes
                0x000006c6       0x34 /usr/lib/gcc/arm-none-eabi/13.2.1/../../../arm-none-eabi/lib/thumb/v7e-m+fp/hard/libc_nano.a(libc_a-memmove.o)
 .ARM.attributes
                0x000006fa       0x34 /usr/lib/gcc/arm-none-eabi/13.2.1/../../../arm-none-eabi/lib/thumb/v7e-m+fp/hard/libc_nano.a(libc_a-wsetup.o)
 .ARM.attributes
                0x0000072e       0x34 /usr/lib/gcc/arm-none-eabi/13.2.1/../../../arm-none-eabi/lib/thumb/v7e-m+fp/hard/libc_nano.a(libc_a-readr.o)
 .ARM.attributes
                0x00000762       0x34 /usr/lib/gcc/arm-none-eabi/13.2.1/../../../arm-none-eabi/lib/thumb/v7e-m+fp/hard/libc_nano.a(libc_a-reent.o)
 .ARM.attributes
                0x00000796       0x34 /usr/lib/gcc/arm-none-eabi/13.2.1/../../../arm-none-eabi/lib/thumb/v7e-m+fp/hard/libc_nano.a(libc_a-reallocr.o)
 .ARM.attributes
                0x000007ca       0x34 /usr/lib/gcc/arm-none-eabi/13.2.1/../../../arm-none-eabi/lib/thumb/v7e-m+fp/hard/libc_nano.a(libc_a-makebuf.o)
 .ARM.attributes
                0x000007fe       0x34 /usr/lib/gcc/arm-none-eabi/13.2.1/../../../arm-none-eabi/lib/thumb/v7e-m+fp/hard/libc_nano.a(libc_a-lseekr.o)
 .ARM.attributes
                0x00000832       0x34 /usr/lib/gcc/arm-none-eabi/13.2.1/../../../arm-none-eabi/lib/thumb/v7e-m+fp/hard/libc_nano.a(libc_a-writer.o)
 .ARM.attributes
                0x00000866       0x34 /usr/lib/gcc/arm-none-eabi/13.2.1/../../../arm-none-eabi/lib/thumb/v7e-m+fp/hard/libc_nano.a(libc_a-isattyr.o)
 .ARM.attributes
                0x0000089a       0x34 /usr/lib/gcc/arm-none-eabi/13.2.1/../../../arm-none-eabi/lib/thumb/v7e-m+fp/hard/libc_nano.a(libc_a-msizer.o)
 .ARM.attributes
                0x000008ce       0x34 /usr/lib/gcc/arm-none-eabi/13.2.1/../../../arm-none-eabi/lib/thumb/v7e-m+fp/hard/libc_nano.a(libc_a-signalr.o)
 .ARM.attributes
                0x00000902       0x34 /usr/lib/gcc/arm-none-eabi/13.2.1/../../../arm-none-eabi/lib/thumb/v7e-m+fp/hard/libc_nano.a(libc_a-fstatr.o)
 .ARM.attributes
                0x00000936       0x34 CMakeFiles/ESC.dir/debugf_vcp/debugf_vcp.c.obj
 .ARM.attributes
                0x0000096a       0x34 CMakeFiles/ESC.dir/Src/main.c.obj
 .ARM.attributes
                0x0000099e       0x34 CMakeFiles/ESC.dir/Src/gpio.c.obj
 .ARM.attributes
                0x000009d2       0x34 CMakeFiles/ESC.dir/Src/adc.c.obj
 .ARM.attributes
                0x00000a06       0x34 CMakeFiles/ESC.dir/Src/i2c.c.obj
 .ARM.attributes
                0x00000a3a       0x34 CMakeFiles/ESC.dir/Src/tim.c.obj
 .ARM.attributes
                0x00000a6e       0x34 CMakeFiles/ESC.dir/Src/usb_device.c.obj
 .ARM.attributes
                0x00000aa2       0x34 CMakeFiles/ESC.dir/Src/usbd_conf.c.obj
 .ARM.attributes
                0x00000ad6       0x34 CMakeFiles/ESC.dir/Src/usbd_desc.c.obj
 .ARM.attributes
                0x00000b0a       0x34 CMakeFiles/ESC.dir/Src/usbd_cdc_if.c.obj
 .ARM.attributes
                0x00000b3e       0x34 CMakeFiles/ESC.dir/Src/stm32l4xx_it.c.obj
 .ARM.attributes
                0x00000b72       0x34 CMakeFiles/ESC.dir/Src/stm32l4xx_hal_msp.c.obj
 .ARM.attributes
                0x00000ba6       0x34 CMakeFiles/ESC.dir/Drivers/STM32L4xx_HAL_Driver/Src/stm32l4xx_hal_pcd.c.obj
 .ARM.attributes
                0x00000bda       0x34 CMakeFiles/ESC.dir/Drivers/STM32L4xx_HAL_Driver/Src/stm32l4xx_hal_pcd_ex.c.obj
 .ARM.attributes
                0x00000c0e       0x34 CMakeFiles/ESC.dir/Drivers/STM32L4xx_HAL_Driver/Src/stm32l4xx_ll_usb.c.obj
 .ARM.attributes
                0x00000c42       0x34 CMakeFiles/ESC.dir/Drivers/STM32L4xx_HAL_Driver/Src/stm32l4xx_hal.c.obj
 .ARM.attributes
                0x00000c76       0x34 CMakeFiles/ESC.dir/Drivers/STM32L4xx_HAL_Driver/Src/stm32l4xx_hal_rcc.c.obj
 .ARM.attributes
                0x00000caa       0x34 CMakeFiles/ESC.dir/Drivers/STM32L4xx_HAL_Driver/Src/stm32l4xx_hal_rcc_ex.c.obj
 .ARM.attributes
                0x00000cde       0x34 CMakeFiles/ESC.dir/Drivers/STM32L4xx_HAL_Driver/Src/stm32l4xx_hal_gpio.c.obj
 .ARM.attributes
                0x00000d12       0x34 CMakeFiles/ESC.dir/Drivers/STM32L4xx_HAL_Driver/Src/stm32l4xx_hal_i2c.c.obj
 .ARM.attributes
                0x00000d46       0x34 CMakeFiles/ESC.dir/Drivers/STM32L4xx_HAL_Driver/Src/stm32l4xx_hal_i2c_ex.c.obj
 .ARM.attributes
                0x00000d7a       0x34 CMakeFiles/ESC.dir/Drivers/STM32L4xx_HAL_Driver/Src/stm32l4xx_hal_pwr_ex.c.obj
 .ARM.attributes
                0x00000dae       0x34 CMakeFiles/ESC.dir/Drivers/STM32L4xx_HAL_Driver/Src/stm32l4xx_hal_cortex.c.obj
 .ARM.attributes
                0x00000de2       0x34 CMakeFiles/ESC.dir/Drivers/STM32L4xx_HAL_Driver/Src/stm32l4xx_hal_adc.c.obj
 .ARM.attributes
                0x00000e16       0x34 CMakeFiles/ESC.dir/Drivers/STM32L4xx_HAL_Driver/Src/stm32l4xx_hal_adc_ex.c.obj
 .ARM.attributes
                0x00000e4a       0x34 CMakeFiles/ESC.dir/Drivers/STM32L4xx_HAL_Driver/Src/stm32l4xx_hal_tim.c.obj
 .ARM.attributes
                0x00000e7e       0x34 CMakeFiles/ESC.dir/Drivers/STM32L4xx_HAL_Driver/Src/stm32l4xx_hal_tim_ex.c.obj
 .ARM.attributes
                0x00000eb2       0x34 CMakeFiles/ESC.dir/Src/system_stm32l4xx.c.obj
 .ARM.attributes
                0x00000ee6       0x34 CMakeFiles/ESC.dir/Middlewares/ST/STM32_USB_Device_Library/Core/Src/usbd_core.c.obj
 .ARM.attributes
                0x00000f1a       0x34 CMakeFiles/ESC.dir/Middlewares/ST/STM32_USB_Device_Library/Core/Src/usbd_ctlreq.c.obj
 .ARM.attributes
                0x00000f4e       0x34 CMakeFiles/ESC.dir/Middlewares/ST/STM32_USB_Device_Library/Core/Src/usbd_ioreq.c.obj
 .ARM.attributes
                0x00000f82       0x34 CMakeFiles/ESC.dir/Middlewares/ST/STM32_USB_Device_Library/Class/CDC/Src/usbd_cdc.c.obj
 .ARM.attributes
                0x00000fb6       0x34 CMakeFiles/ESC.dir/Src/sysmem.c.obj
 .ARM.attributes
                0x00000fea       0x34 CMakeFiles/ESC.dir/Src/syscalls.c.obj
 .ARM.attributes
                0x0000101e       0x21 CMakeFiles/ESC.dir/startup_stm32l412xx.s.obj
 .ARM.attributes
                0x0000103f       0x22 /usr/lib/gcc/arm-none-eabi/13.2.1/thumb/v7e-m+fp/hard/libgcc.a(_arm_addsubdf3.o)
 .ARM.attributes
                0x00001061       0x22 /usr/lib/gcc/arm-none-eabi/13.2.1/thumb/v7e-m+fp/hard/libgcc.a(_arm_muldivdf3.o)
 .ARM.attributes