Archive member included to satisfy reference by file (symbol)

C:/PROGRA~2/ARMGNU~1/14EFD8~1.2RE/bin/../lib/gcc/arm-none-eabi/14.2.1/thumb/v7e-m+fp/hard\libc_nano.a(libc_a-exit.o)
                              C:/PROGRA~2/ARMGNU~1/14EFD8~1.2RE/bin/../lib/gcc/arm-none-eabi/14.2.1/thumb/v7e-m+fp/hard/crt0.o (exit)
C:/PROGRA~2/ARMGNU~1/14EFD8~1.2RE/bin/../lib/gcc/arm-none-eabi/14.2.1/thumb/v7e-m+fp/hard\libc_nano.a(libc_a-nano-vfprintf_float.o)
                              (_printf_float)
C:/PROGRA~2/ARMGNU~1/14EFD8~1.2RE/bin/../lib/gcc/arm-none-eabi/14.2.1/thumb/v7e-m+fp/hard\libc_nano.a(libc_a-nano-vfprintf_i.o)
                              C:/PROGRA~2/ARMGNU~1/14EFD8~1.2RE/bin/../lib/gcc/arm-none-eabi/14.2.1/thumb/v7e-m+fp/hard\libc_nano.a(libc_a-nano-vfprintf_float.o) (_printf_common)
C:/PROGRA~2/ARMGNU~1/14EFD8~1.2RE/bin/../lib/gcc/arm-none-eabi/14.2.1/thumb/v7e-m+fp/hard\libc_nano.a(libc_a-findfp.o)
                              C:/PROGRA~2/ARMGNU~1/14EFD8~1.2RE/bin/../lib/gcc/arm-none-eabi/14.2.1/thumb/v7e-m+fp/hard\libc_nano.a(libc_a-exit.o) (__stdio_exit_handler)
C:/PROGRA~2/ARMGNU~1/14EFD8~1.2RE/bin/../lib/gcc/arm-none-eabi/14.2.1/thumb/v7e-m+fp/hard\libc_nano.a(libc_a-fwalk.o)
                              C:/PROGRA~2/ARMGNU~1/14EFD8~1.2RE/bin/../lib/gcc/arm-none-eabi/14.2.1/thumb/v7e-m+fp/hard\libc_nano.a(libc_a-findfp.o) (_fwalk_sglue)
C:/PROGRA~2/ARMGNU~1/14EFD8~1.2RE/bin/../lib/gcc/arm-none-eabi/14.2.1/thumb/v7e-m+fp/hard\libc_nano.a(libc_a-stdio.o)
                              C:/PROGRA~2/ARMGNU~1/14EFD8~1.2RE/bin/../lib/gcc/arm-none-eabi/14.2.1/thumb/v7e-m+fp/hard\libc_nano.a(libc_a-findfp.o) (__sread)
C:/PROGRA~2/ARMGNU~1/14EFD8~1.2RE/bin/../lib/gcc/arm-none-eabi/14.2.1/thumb/v7e-m+fp/hard\libc_nano.a(libc_a-memset.o)
                              C:/PROGRA~2/ARMGNU~1/14EFD8~1.2RE/bin/../lib/gcc/arm-none-eabi/14.2.1/thumb/v7e-m+fp/hard/crt0.o (memset)
C:/PROGRA~2/ARMGNU~1/14EFD8~1.2RE/bin/../lib/gcc/arm-none-eabi/14.2.1/thumb/v7e-m+fp/hard\libc_nano.a(libc_a-localeconv.o)
                              C:/PROGRA~2/ARMGNU~1/14EFD8~1.2RE/bin/../lib/gcc/arm-none-eabi/14.2.1/thumb/v7e-m+fp/hard\libc_nano.a(libc_a-nano-vfprintf_float.o) (_localeconv_r)
C:/PROGRA~2/ARMGNU~1/14EFD8~1.2RE/bin/../lib/gcc/arm-none-eabi/14.2.1/thumb/v7e-m+fp/hard\libc_nano.a(libc_a-closer.o)
                              C:/PROGRA~2/ARMGNU~1/14EFD8~1.2RE/bin/../lib/gcc/arm-none-eabi/14.2.1/thumb/v7e-m+fp/hard\libc_nano.a(libc_a-stdio.o) (_close_r)
C:/PROGRA~2/ARMGNU~1/14EFD8~1.2RE/bin/../lib/gcc/arm-none-eabi/14.2.1/thumb/v7e-m+fp/hard\libc_nano.a(libc_a-reent.o)
                              C:/PROGRA~2/ARMGNU~1/14EFD8~1.2RE/bin/../lib/gcc/arm-none-eabi/14.2.1/thumb/v7e-m+fp/hard\libc_nano.a(libc_a-closer.o) (errno)
C:/PROGRA~2/ARMGNU~1/14EFD8~1.2RE/bin/../lib/gcc/arm-none-eabi/14.2.1/thumb/v7e-m+fp/hard\libc_nano.a(libc_a-impure.o)
                              C:/PROGRA~2/ARMGNU~1/14EFD8~1.2RE/bin/../lib/gcc/arm-none-eabi/14.2.1/thumb/v7e-m+fp/hard\libc_nano.a(libc_a-reent.o) (_impure_ptr)
C:/PROGRA~2/ARMGNU~1/14EFD8~1.2RE/bin/../lib/gcc/arm-none-eabi/14.2.1/thumb/v7e-m+fp/hard\libc_nano.a(libc_a-lseekr.o)
                              C:/PROGRA~2/ARMGNU~1/14EFD8~1.2RE/bin/../lib/gcc/arm-none-eabi/14.2.1/thumb/v7e-m+fp/hard\libc_nano.a(libc_a-stdio.o) (_lseek_r)
C:/PROGRA~2/ARMGNU~1/14EFD8~1.2RE/bin/../lib/gcc/arm-none-eabi/14.2.1/thumb/v7e-m+fp/hard\libc_nano.a(libc_a-readr.o)
                              C:/PROGRA~2/ARMGNU~1/14EFD8~1.2RE/bin/../lib/gcc/arm-none-eabi/14.2.1/thumb/v7e-m+fp/hard\libc_nano.a(libc_a-stdio.o) (_read_r)
C:/PROGRA~2/ARMGNU~1/14EFD8~1.2RE/bin/../lib/gcc/arm-none-eabi/14.2.1/thumb/v7e-m+fp/hard\libc_nano.a(libc_a-writer.o)
                              C:/PROGRA~2/ARMGNU~1/14EFD8~1.2RE/bin/../lib/gcc/arm-none-eabi/14.2.1/thumb/v7e-m+fp/hard\libc_nano.a(libc_a-stdio.o) (_write_r)
C:/PROGRA~2/ARMGNU~1/14EFD8~1.2RE/bin/../lib/gcc/arm-none-eabi/14.2.1/thumb/v7e-m+fp/hard\libc_nano.a(libc_a-init.o)
                              C:/PROGRA~2/ARMGNU~1/14EFD8~1.2RE/bin/../lib/gcc/arm-none-eabi/14.2.1/thumb/v7e-m+fp/hard/crt0.o (__libc_init_array)
C:/PROGRA~2/ARMGNU~1/14EFD8~1.2RE/bin/../lib/gcc/arm-none-eabi/14.2.1/thumb/v7e-m+fp/hard\libc_nano.a(libc_a-lock.o)
                              C:/PROGRA~2/ARMGNU~1/14EFD8~1.2RE/bin/../lib/gcc/arm-none-eabi/14.2.1/thumb/v7e-m+fp/hard\libc_nano.a(libc_a-findfp.o) (__retarget_lock_init_recursive)
C:/PROGRA~2/ARMGNU~1/14EFD8~1.2RE/bin/../lib/gcc/arm-none-eabi/14.2.1/thumb/v7e-m+fp/hard\libc_nano.a(libc_a-memchr.o)
                              C:/PROGRA~2/ARMGNU~1/14EFD8~1.2RE/bin/../lib/gcc/arm-none-eabi/14.2.1/thumb/v7e-m+fp/hard\libc_nano.a(libc_a-nano-vfprintf_i.o) (memchr)
C:/PROGRA~2/ARMGNU~1/14EFD8~1.2RE/bin/../lib/gcc/arm-none-eabi/14.2.1/thumb/v7e-m+fp/hard\libc_nano.a(libc_a-strlen.o)
[...]
Memory Configuration

Name             Origin             Length             Attributes
RAM              0x20000000         0x00008000         xrw
RAM2             0x10000000         0x00002000         xrw
FLASH            0x08000000         0x00020000         xr
*default*        0x00000000         0xffffffff

Linker script and memory map

LOAD C:/PROGRA~2/ARMGNU~1/14EFD8~1.2RE/bin/../lib/gcc/arm-none-eabi/14.2.1/thumb/v7e-m+fp/hard/crti.o
LOAD C:/PROGRA~2/ARMGNU~1/14EFD8~1.2RE/bin/../lib/gcc/arm-none-eabi/14.2.1/thumb/v7e-m+fp/hard/crtbegin.o
LOAD C:/PROGRA~2/ARMGNU~1/14EFD8~1.2RE/bin/../lib/gcc/arm-none-eabi/14.2.1/thumb/v7e-m+fp/hard/crt0.o
START GROUP
LOAD C:/PROGRA~2/ARMGNU~1/14EFD8~1.2RE/bin/../lib/gcc/arm-none-eabi/14.2.1/thumb/v7e-m+fp/hard\libc_nano.a
LOAD C:/PROGRA~2/ARMGNU~1/14EFD8~1.2RE/bin/../lib/gcc/arm-none-eabi/14.2.1/thumb/v7e-m+fp/hard\libm.a
END GROUP
LOAD CMakeFiles/ESC.dir/debugf_vcp/debugf_vcp.c.obj
LOAD CMakeFiles/ESC.dir/Src/main.c.obj
LOAD CMakeFiles/ESC.dir/Src/gpio.c.obj
LOAD CMakeFiles/ESC.dir/Src/adc.c.obj
LOAD CMakeFiles/ESC.dir/Src/i2c.c.obj
LOAD CMakeFiles/ESC.dir/Src/tim.c.obj
LOAD CMakeFiles/ESC.dir/Src/usb_device.c.obj
LOAD CMakeFiles/ESC.dir/Src/usbd_conf.c.obj
LOAD CMakeFiles/ESC.dir/Src/usbd_desc.c.obj
LOAD CMakeFiles/ESC.dir/Src/usbd_cdc_if.c.obj
LOAD CMakeFiles/ESC.dir/Src/stm32l4xx_it.c.obj
LOAD CMakeFiles/ESC.dir/Src/stm32l4xx_hal_msp.c.obj
LOAD CMakeFiles/ESC.dir/Drivers/STM32L4xx_HAL_Driver/Src/stm32l4xx_hal_pcd.c.obj
LOAD CMakeFiles/ESC.dir/Drivers/STM32L4xx_HAL_Driver/Src/stm32l4xx_hal_pcd_ex.c.obj
LOAD CMakeFiles/ESC.dir/Drivers/STM32L4xx_HAL_Driver/Src/stm32l4xx_ll_usb.c.obj
LOAD CMakeFiles/ESC.dir/Drivers/STM32L4xx_HAL_Driver/Src/stm32l4xx_hal.c.obj
LOAD CMakeFiles/ESC.dir/Drivers/STM32L4xx_HAL_Driver/Src/stm32l4xx_hal_rcc.c.obj
LOAD CMakeFiles/ESC.dir/Drivers/STM32L4xx_HAL_Driver/Src/stm32l4xx_hal_rcc_ex.c.obj
LOAD CMakeFiles/ESC.dir/Drivers/STM32L4xx_HAL_Driver/Src/stm32l4xx_hal_flash.c.obj
LOAD CMakeFiles/ESC.dir/Drivers/STM32L4xx_HAL_Driver/Src/stm32l4xx_hal_flash_ex.c.obj
LOAD CMakeFiles/ESC.dir/Drivers/STM32L4xx_HAL_Driver/Src/stm32l4xx_hal_flash_ramfunc.c.obj
LOAD CMakeFiles/ESC.dir/Drivers/STM32L4xx_HAL_Driver/Src/stm32l4xx_hal_gpio.c.obj
LOAD CMakeFiles/ESC.dir/Drivers/STM32L4xx_HAL_Driver/Src/stm32l4xx_hal_i2c.c.obj
LOAD CMakeFiles/ESC.dir/Drivers/STM32L4xx_HAL_Driver/Src/stm32l4xx_hal_i2c_ex.c.obj
LOAD CMakeFiles/ESC.dir/Drivers/STM32L4xx_HAL_Driver/Src/stm32l4xx_hal_dma.c.obj
LOAD CMakeFiles/ESC.dir/Drivers/STM32L4xx_HAL_Driver/Src/stm32l4xx_hal_dma_ex.c.obj
LOAD CMakeFiles/ESC.dir/Drivers/STM32L4xx_HAL_Driver/Src/stm32l4xx_hal_pwr.c.obj
LOAD CMakeFiles/ESC.dir/Drivers/STM32L4xx_HAL_Driver/Src/stm32l4xx_hal_pwr_ex.c.obj
LOAD CMakeFiles/ESC.dir/Drivers/STM32L4xx_HAL_Driver/Src/stm32l4xx_hal_cortex.c.obj
LOAD CMakeFiles/ESC.dir/Drivers/STM32L4xx_HAL_Driver/Src/stm32l4xx_hal_exti.c.obj
LOAD CMakeFiles/ESC.dir/Drivers/STM32L4xx_HAL_Driver/Src/stm32l4xx_hal_adc.c.obj
LOAD CMakeFiles/ESC.dir/Drivers/STM32L4xx_HAL_Driver/Src/stm32l4xx_hal_adc_ex.c.obj
LOAD CMakeFiles/ESC.dir/Drivers/STM32L4xx_HAL_Driver/Src/stm32l4xx_hal_tim.c.obj
LOAD CMakeFiles/ESC.dir/Drivers/STM32L4xx_HAL_Driver/Src/stm32l4xx_hal_tim_ex.c.obj
LOAD CMakeFiles/ESC.dir/Src/system_stm32l4xx.c.obj
LOAD CMakeFiles/ESC.dir/Middlewares/ST/STM32_USB_Device_Library/Core/Src/usbd_core.c.obj
LOAD CMakeFiles/ESC.dir/Middlewares/ST/STM32_USB_Device_Library/Core/Src/usbd_ctlreq.c.obj
LOAD CMakeFiles/ESC.dir/Middlewares/ST/STM32_USB_Device_Library/Core/Src/usbd_ioreq.c.obj
LOAD CMakeFiles/ESC.dir/Middlewares/ST/STM32_USB_Device_Library/Class/CDC/Src/usbd_cdc.c.obj
LOAD CMakeFiles/ESC.dir/Src/sysmem.c.obj
LOAD CMakeFiles/ESC.dir/Src/syscalls.c.obj
LOAD CMakeFiles/ESC.dir/startup_stm32l412xx.s.obj
LOAD C:/PROGRA~2/ARMGNU~1/14EFD8~1.2RE/bin/../lib/gcc/arm-none-eabi/14.2.1/thumb/v7e-m+fp/hard\libm.a
START GROUP
LOAD C:/PROGRA~2/ARMGNU~1/14EFD8~1.2RE/bin/../lib/gcc/arm-none-eabi/14.2.1/thumb/v7e-m+fp/hard\libgcc.a
LOAD C:/PROGRA~2/ARMGNU~1/14EFD8~1.2RE/bin/../lib/gcc/arm-none-eabi/14.2.1/thumb/v7e-m+fp/hard\libg_nano.a
LOAD C:/PROGRA~2/ARMGNU~1/14EFD8~1.2RE/bin/../lib/gcc/arm-none-eabi/14.2.1/thumb/v7e-m+fp/hard\libc_nano.a
END GROUP
START GROUP
LOAD C:/PROGRA~2/ARMGNU~1/14EFD8~1.2RE/bin/../lib/gcc/arm-none-eabi/14.2.1/thumb/v7e-m+fp/hard\libgcc.a
LOAD C:/PROGRA~2/ARMGNU~1/14EFD8~1.2RE/bin/../lib/gcc/arm-none-eabi/14.2.1/thumb/v7e-m+fp/hard\libc_nano.a
END GROUP
LOAD C:/PROGRA~2/ARMGNU~1/14EFD8~1.2RE/bin/../lib/gcc/arm-none-eabi/14.2.1/thumb/v7e-m+fp/hard/crtend.o
LOAD C:/PROGRA~2/ARMGNU~1/14EFD8~1.2RE/bin/../lib/gcc/arm-none-eabi/14.2.1/thumb/v7e-m+fp/hard/crtn.o
                0x20008000                        _estack = (ORIGIN (RAM) + LENGTH (RAM))
                0x00000200                        _Min_Heap_Size = 0x200
                0x00000400                        _Min_Stack_Size = 0x400

.isr_vector     0x08000000      0x190
                0x08000000                        . = ALIGN (0x8)
 *(.isr_vector)
 .isr_vector    0x08000000      0x18c CMakeFiles/ESC.dir/startup_stm32l412xx.s.obj
                0x08000000                g_pfnVectors
                0x08000190                        . = ALIGN (0x8)
 *fill*         0x0800018c        0x4 

.text           0x08000190     0xe6c8
                0x08000190                        . = ALIGN (0x8)
 *(.text)
 .text          0x08000190       0xa0 C:/PROGRA~2/ARMGNU~1/14EFD8~1.2RE/bin/../lib/gcc/arm-none-eabi/14.2.1/thumb/v7e-m+fp/hard\libc_nano.a(libc_a-memchr.o)
                0x08000190                memchr
 .text          0x08000230       0x10 C:/PROGRA~2/ARMGNU~1/14EFD8~1.2RE/bin/../lib/gcc/arm-none-eabi/14.2.1/thumb/v7e-m+fp/hard\libc_nano.a(libc_a-strlen.o)
                0x08000230                strlen
 .text          0x08000240      0x378 C:/PROGRA~2/ARMGNU~1/14EFD8~1.2RE/bin/../lib/gcc/arm-none-eabi/14.2.1/thumb/v7e-m+fp/hard\libgcc.a(_arm_addsubdf3.o)
                0x08000240                __aeabi_drsub
                0x08000248                __aeabi_dsub
                0x08000248                __subdf3
                0x0800024c                __aeabi_dadd
                0x0800024c                __adddf3
                0x080004c4                __floatunsidf
                0x080004c4                __aeabi_ui2d
                0x080004e4                __floatsidf
                0x080004e4                __aeabi_i2d
                0x08000508                __aeabi_f2d
                0x08000508                __extendsfdf2
                0x0800054c                __floatundidf
                0x0800054c                __aeabi_ul2d
                0x0800055c                __floatdidf
                0x0800055c                __aeabi_l2d
 .text          0x080005b8      0x424 C:/PROGRA~2/ARMGNU~1/14EFD8~1.2RE/bin/../lib/gcc/arm-none-eabi/14.2.1/thumb/v7e-m+fp/hard\libgcc.a(_arm_muldivdf3.o)
                0x080005b8                __aeabi_dmul
                0x080005b8                __muldf3
                0x0800080c                __divdf3
                0x0800080c                __aeabi_ddiv
 .text          0x080009dc      0x110 C:/PROGRA~2/ARMGNU~1/14EFD8~1.2RE/bin/../lib/gcc/arm-none-eabi/14.2.1/thumb/v7e-m+fp/hard\libgcc.a(_arm_cmpdf2.o)
                0x080009dc                __gtdf2
                0x080009dc                __gedf2
                0x080009e4                __ltdf2
                0x080009e4                __ledf2
                0x080009ec                __nedf2
                0x080009ec                __eqdf2
                0x080009ec                __cmpdf2
                0x08000a68                __aeabi_cdrcmple
                0x08000a78                __aeabi_cdcmpeq
                0x08000a78                __aeabi_cdcmple
                0x08000a88                __aeabi_dcmpeq
                0x08000a9c                __aeabi_dcmplt
                0x08000ab0                __aeabi_dcmple
                0x08000ac4                __aeabi_dcmpge
                0x08000ad8                __aeabi_dcmpgt
 .text          0x08000aec       0x2c C:/PROGRA~2/ARMGNU~1/14EFD8~1.2RE/bin/../lib/gcc/arm-none-eabi/14.2.1/thumb/v7e-m+fp/hard\libgcc.a(_arm_unorddf2.o)
                0x08000aec                __unorddf2
                0x08000aec                __aeabi_dcmpun
 .text          0x08000b18       0x50 C:/PROGRA~2/ARMGNU~1/14EFD8~1.2RE/bin/../lib/gcc/arm-none-eabi/14.2.1/thumb/v7e-m+fp/hard\libgcc.a(_arm_fixdfsi.o)
                0x08000b18                __aeabi_d2iz
                0x08000b18                __fixdfsi
 *(.text*)
 .text.deregister_tm_clones
                0x08000b68       0x1c C:/PROGRA~2/ARMGNU~1/14EFD8~1.2RE/bin/../lib/gcc/arm-none-eabi/14.2.1/thumb/v7e-m+fp/hard/crtbegin.o
 .text.register_tm_clones
                0x08000b84       0x24 C:/PROGRA~2/ARMGNU~1/14EFD8~1.2RE/bin/../lib/gcc/arm-none-eabi/14.2.1/thumb/v7e-m+fp/hard/crtbegin.o
 .text.__do_global_dtors_aux
                0x08000ba8       0x28 C:/PROGRA~2/ARMGNU~1/14EFD8~1.2RE/bin/../lib/gcc/arm-none-eabi/14.2.1/thumb/v7e-m+fp/hard/crtbegin.o
 .text.frame_dummy
                0x08000bd0       0x24 C:/PROGRA~2/ARMGNU~1/14EFD8~1.2RE/bin/../lib/gcc/arm-none-eabi/14.2.1/thumb/v7e-m+fp/hard/crtbegin.o
 .text.__cvt    0x08000bf4       0xca C:/PROGRA~2/ARMGNU~1/14EFD8~1.2RE/bin/../lib/gcc/arm-none-eabi/14.2.1/thumb/v7e-m+fp/hard\libc_nano.a(libc_a-nano-vfprintf_float.o)
                0x08000bf4                __cvt
 .text.__exponent
                0x08000cbe       0x74 C:/PROGRA~2/ARMGNU~1/14EFD8~1.2RE/bin/../lib/gcc/arm-none-eabi/14.2.1/thumb/v7e-m+fp/hard\libc_nano.a(libc_a-nano-vfprintf_float.o)
                0x08000cbe                __exponent
 *fill*         0x08000d32        0x2 
 .text._printf_float
                0x08000d34      0x450 C:/PROGRA~2/ARMGNU~1/14EFD8~1.2RE/bin/../lib/gcc/arm-none-eabi/14.2.1/thumb/v7e-m+fp/hard\libc_nano.a(libc_a-nano-vfprintf_float.o)
                0x08000d34                _printf_float
 .text._printf_common
                0x08001184       0xda C:/PROGRA~2/ARMGNU~1/14EFD8~1.2RE/bin/../lib/gcc/arm-none-eabi/14.2.1/thumb/v7e-m+fp/hard\libc_nano.a(libc_a-nano-vfprintf_i.o)
                0x08001184                _printf_common
 *fill*         0x0800125e        0x2 
 .text._printf_i
                0x08001260      0x240 C:/PROGRA~2/ARMGNU~1/14EFD8~1.2RE/bin/../lib/gcc/arm-none-eabi/14.2.1/thumb/v7e-m+fp/hard\libc_nano.a(libc_a-nano-vfprintf_i.o)
                0x08001260                _printf_i
 .text.std      0x080014a0       0x6c C:/PROGRA~2/ARMGNU~1/14EFD8~1.2RE/bin/../lib/gcc/arm-none-eabi/14.2.1/thumb/v7e-m+fp/hard\libc_nano.a(libc_a-findfp.o)
 .text.stdio_exit_handler
                0x0800150c       0x18 C:/PROGRA~2/ARMGNU~1/14EFD8~1.2RE/bin/../lib/gcc/arm-none-eabi/14.2.1/thumb/v7e-m+fp/hard\libc_nano.a(libc_a-findfp.o)
 .text.cleanup_stdio
                0x08001524       0x40 C:/PROGRA~2/ARMGNU~1/14EFD8~1.2RE/bin/../lib/gcc/arm-none-eabi/14.2.1/thumb/v7e-m+fp/hard\libc_nano.a(libc_a-findfp.o)
 .text.global_stdio_init.part.0
                0x08001564       0x40 C:/PROGRA~2/ARMGNU~1/14EFD8~1.2RE/bin/../lib/gcc/arm-none-eabi/14.2.1/thumb/v7e-m+fp/hard\libc_nano.a(libc_a-findfp.o)
 .text.__sfp_lock_acquire
                0x080015a4        0xc C:/PROGRA~2/ARMGNU~1/14EFD8~1.2RE/bin/../lib/gcc/arm-none-eabi/14.2.1/thumb/v7e-m+fp/hard\libc_nano.a(libc_a-findfp.o)
                0x080015a4                __sfp_lock_acquire
 .text.__sfp_lock_release
                0x080015b0        0xc C:/PROGRA~2/ARMGNU~1/14EFD8~1.2RE/bin/../lib/gcc/arm-none-eabi/14.2.1/thumb/v7e-m+fp/hard\libc_nano.a(libc_a-findfp.o)
                0x080015b0                __sfp_lock_release
 .text.__sinit  0x080015bc       0x30 C:/PROGRA~2/ARMGNU~1/14EFD8~1.2RE/bin/../lib/gcc/arm-none-eabi/14.2.1/thumb/v7e-m+fp/hard\libc_nano.a(libc_a-findfp.o)
                0x080015bc                __sinit
 .text._fwalk_sglue
                0x080015ec       0x3c C:/PROGRA~2/ARMGNU~1/14EFD8~1.2RE/bin/../lib/gcc/arm-none-eabi/14.2.1/thumb/v7e-m+fp/hard\libc_nano.a(libc_a-fwalk.o)
                0x080015ec                _fwalk_sglue
 .text.__sread  0x08001628       0x22 C:/PROGRA~2/ARMGNU~1/14EFD8~1.2RE/bin/../lib/gcc/arm-none-eabi/14.2.1/thumb/v7e-m+fp/hard\libc_nano.a(libc_a-stdio.o)
                0x08001628                __sread
 .text.__swrite
                0x0800164a       0x38 C:/PROGRA~2/ARMGNU~1/14EFD8~1.2RE/bin/../lib/gcc/arm-none-eabi/14.2.1/thumb/v7e-m+fp/hard\libc_nano.a(libc_a-stdio.o)
                0x0800164a                __swrite
 .text.__sseek  0x08001682       0x26 C:/PROGRA~2/ARMGNU~1/14EFD8~1.2RE/bin/../lib/gcc/arm-none-eabi/14.2.1/thumb/v7e-m+fp/hard\libc_nano.a(libc_a-stdio.o)
                0x08001682                __sseek
 .text.__sclose
                0x080016a8        0x8 C:/PROGRA~2/ARMGNU~1/14EFD8~1.2RE/bin/../lib/gcc/arm-none-eabi/14.2.1/thumb/v7e-m+fp/hard\libc_nano.a(libc_a-stdio.o)
                0x080016a8                __sclose
 .text.memset   0x080016b0       0x10 C:/PROGRA~2/ARMGNU~1/14EFD8~1.2RE/bin/../lib/gcc/arm-none-eabi/14.2.1/thumb/v7e-m+fp/hard\libc_nano.a(libc_a-memset.o)
                0x080016b0                memset
 .text._localeconv_r
                0x080016c0        0x8 C:/PROGRA~2/ARMGNU~1/14EFD8~1.2RE/bin/../lib/gcc/arm-none-eabi/14.2.1/thumb/v7e-m+fp/hard\libc_nano.a(libc_a-localeconv.o)
                0x080016c0                _localeconv_r
 .text._close_r
                0x080016c8       0x20 C:/PROGRA~2/ARMGNU~1/14EFD8~1.2RE/bin/../lib/gcc/arm-none-eabi/14.2.1/thumb/v7e-m+fp/hard\libc_nano.a(libc_a-closer.o)
                0x080016c8                _close_r
 .text._lseek_r
                0x080016e8       0x24 C:/PROGRA~2/ARMGNU~1/14EFD8~1.2RE/bin/../lib/gcc/arm-none-eabi/14.2.1/thumb/v7e-m+fp/hard\libc_nano.a(libc_a-lseekr.o)
                0x080016e8                _lseek_r
 .text._read_r  0x0800170c       0x24 C:/PROGRA~2/ARMGNU~1/14EFD8~1.2RE/bin/../lib/gcc/arm-none-eabi/14.2.1/thumb/v7e-m+fp/hard\libc_nano.a(libc_a-readr.o)
                0x0800170c                _read_r
 .text._write_r
                0x08001730       0x24 C:/PROGRA~2/ARMGNU~1/14EFD8~1.2RE/bin/../lib/gcc/arm-none-eabi/14.2.1/thumb/v7e-m+fp/hard\libc_nano.a(libc_a-writer.o)
                0x08001730                _write_r
 .text.__libc_init_array
                0x08001754       0x48 C:/PROGRA~2/ARMGNU~1/14EFD8~1.2RE/bin/../lib/gcc/arm-none-eabi/14.2.1/thumb/v7e-m+fp/hard\libc_nano.a(libc_a-init.o)
                0x08001754                __libc_init_array
 .text.__retarget_lock_init_recursive
                0x0800179c        0x2 C:/PROGRA~2/ARMGNU~1/14EFD8~1.2RE/bin/../lib/gcc/arm-none-eabi/14.2.1/thumb/v7e-m+fp/hard\libc_nano.a(libc_a-lock.o)
                0x0800179c                __retarget_lock_init_recursive
 .text.__retarget_lock_acquire_recursive
                0x0800179e        0x2 C:/PROGRA~2/ARMGNU~1/14EFD8~1.2RE/bin/../lib/gcc/arm-none-eabi/14.2.1/thumb/v7e-m+fp/hard\libc_nano.a(libc_a-lock.o)
                0x0800179e                __retarget_lock_acquire_recursive
 .text.__retarget_lock_release_recursive
                0x080017a0        0x2 C:/PROGRA~2/ARMGNU~1/14EFD8~1.2RE/bin/../lib/gcc/arm-none-eabi/14.2.1/thumb/v7e-m+fp/hard\libc_nano.a(libc_a-lock.o)
                0x080017a0                __retarget_lock_release_recursive
 .text.quorem   0x080017a2      0x110 C:/PROGRA~2/ARMGNU~1/14EFD8~1.2RE/bin/../lib/gcc/arm-none-eabi/14.2.1/thumb/v7e-m+fp/hard\libc_nano.a(libc_a-dtoa.o)
 *fill*         0x080018b2        0x6 
 .text._dtoa_r  0x080018b8      0xbc0 C:/PROGRA~2/ARMGNU~1/14EFD8~1.2RE/bin/../lib/gcc/arm-none-eabi/14.2.1/thumb/v7e-m+fp/hard\libc_nano.a(libc_a-dtoa.o)
                0x080018b8                _dtoa_r
 .text._free_r  0x08002478       0x94 C:/PROGRA~2/ARMGNU~1/14EFD8~1.2RE/bin/../lib/gcc/arm-none-eabi/14.2.1/thumb/v7e-m+fp/hard\libc_nano.a(libc_a-freer.o)
                0x08002478                _free_r
 .text.malloc   0x0800250c       0x10 C:/PROGRA~2/ARMGNU~1/14EFD8~1.2RE/bin/../lib/gcc/arm-none-eabi/14.2.1/thumb/v7e-m+fp/hard\libc_nano.a(libc_a-malloc.o)
                0x0800250c                malloc
 .text.free     0x0800251c       0x10 C:/PROGRA~2/ARMGNU~1/14EFD8~1.2RE/bin/../lib/gcc/arm-none-eabi/14.2.1/thumb/v7e-m+fp/hard\libc_nano.a(libc_a-malloc.o)
                0x0800251c                free
 .text.sbrk_aligned
                0x0800252c       0x44 C:/PROGRA~2/ARMGNU~1/14EFD8~1.2RE/bin/../lib/gcc/arm-none-eabi/14.2.1/thumb/v7e-m+fp/hard\libc_nano.a(libc_a-mallocr.o)
 .text._malloc_r
                0x08002570      0x100 C:/PROGRA~2/ARMGNU~1/14EFD8~1.2RE/bin/../lib/gcc/arm-none-eabi/14.2.1/thumb/v7e-m+fp/hard\libc_nano.a(libc_a-mallocr.o)
                0x08002570                _malloc_r
 .text.__malloc_lock
                0x08002670        0xc C:/PROGRA~2/ARMGNU~1/14EFD8~1.2RE/bin/../lib/gcc/arm-none-eabi/14.2.1/thumb/v7e-m+fp/hard\libc_nano.a(libc_a-mlock.o)
                0x08002670                __malloc_lock
 .text.__malloc_unlock
                0x0800267c        0xc C:/PROGRA~2/ARMGNU~1/14EFD8~1.2RE/bin/../lib/gcc/arm-none-eabi/14.2.1/thumb/v7e-m+fp/hard\libc_nano.a(libc_a-mlock.o)
                0x0800267c                __malloc_unlock
 .text._Balloc  0x08002688       0x7c C:/PROGRA~2/ARMGNU~1/14EFD8~1.2RE/bin/../lib/gcc/arm-none-eabi/14.2.1/thumb/v7e-m+fp/hard\libc_nano.a(libc_a-mprec.o)
                0x08002688                _Balloc
 .text._Bfree   0x08002704       0x44 C:/PROGRA~2/ARMGNU~1/14EFD8~1.2RE/bin/../lib/gcc/arm-none-eabi/14.2.1/thumb/v7e-m+fp/hard\libc_nano.a(libc_a-mprec.o)
                0x08002704                _Bfree
 .text.__multadd
                0x08002748       0x8c C:/PROGRA~2/ARMGNU~1/14EFD8~1.2RE/bin/../lib/gcc/arm-none-eabi/14.2.1/thumb/v7e-m+fp/hard\libc_nano.a(libc_a-mprec.o)
                0x08002748                __multadd
 .text.__hi0bits
                0x080027d4       0x3e C:/PROGRA~2/ARMGNU~1/14EFD8~1.2RE/bin/../lib/gcc/arm-none-eabi/14.2.1/thumb/v7e-m+fp/hard\libc_nano.a(libc_a-mprec.o)
                0x080027d4                __hi0bits
 .text.__lo0bits
                0x08002812       0x5a C:/PROGRA~2/ARMGNU~1/14EFD8~1.2RE/bin/../lib/gcc/arm-none-eabi/14.2.1/thumb/v7e-m+fp/hard\libc_nano.a(libc_a-mprec.o)
                0x08002812                __lo0bits
 .text.__i2b    0x0800286c       0x2c C:/PROGRA~2/ARMGNU~1/14EFD8~1.2RE/bin/../lib/gcc/arm-none-eabi/14.2.1/thumb/v7e-m+fp/hard\libc_nano.a(libc_a-mprec.o)
                0x0800286c                __i2b
 .text.__multiply
                0x08002898      0x154 C:/PROGRA~2/ARMGNU~1/14EFD8~1.2RE/bin/../lib/gcc/arm-none-eabi/14.2.1/thumb/v7e-m+fp/hard\libc_nano.a(libc_a-mprec.o)
                0x08002898                __multiply
 .text.__pow5mult
                0x080029ec       0xb8 C:/PROGRA~2/ARMGNU~1/14EFD8~1.2RE/bin/../lib/gcc/arm-none-eabi/14.2.1/thumb/v7e-m+fp/hard\libc_nano.a(libc_a-mprec.o)
                0x080029ec                __pow5mult
 .text.__lshift
                0x08002aa4       0xdc C:/PROGRA~2/ARMGNU~1/14EFD8~1.2RE/bin/../lib/gcc/arm-none-eabi/14.2.1/thumb/v7e-m+fp/hard\libc_nano.a(libc_a-mprec.o)
                0x08002aa4                __lshift
 .text.__mcmp   0x08002b80       0x36 C:/PROGRA~2/ARMGNU~1/14EFD8~1.2RE/bin/../lib/gcc/arm-none-eabi/14.2.1/thumb/v7e-m+fp/hard\libc_nano.a(libc_a-mprec.o)
                0x08002b80                __mcmp
 *fill*         0x08002bb6        0x2 
 .text.__mdiff  0x08002bb8      0x130 C:/PROGRA~2/ARMGNU~1/14EFD8~1.2RE/bin/../lib/gcc/arm-none-eabi/14.2.1/thumb/v7e-m+fp/hard\libc_nano.a(libc_a-mprec.o)
                0x08002bb8                __mdiff
 .text.__d2b    0x08002ce8       0xb0 C:/PROGRA~2/ARMGNU~1/14EFD8~1.2RE/bin/../lib/gcc/arm-none-eabi/14.2.1/thumb/v7e-m+fp/hard\libc_nano.a(libc_a-mprec.o)
                0x08002ce8                __d2b
 .text.__sflush_r
                0x08002d98      0x104 C:/PROGRA~2/ARMGNU~1/14EFD8~1.2RE/bin/../lib/gcc/arm-none-eabi/14.2.1/thumb/v7e-m+fp/hard\libc_nano.a(libc_a-fflush.o)
                0x08002d98                __sflush_r
 .text._fflush_r
                0x08002e9c       0x50 C:/PROGRA~2/ARMGNU~1/14EFD8~1.2RE/bin/../lib/gcc/arm-none-eabi/14.2.1/thumb/v7e-m+fp/hard\libc_nano.a(libc_a-fflush.o)
                0x08002e9c                _fflush_r
 .text._sbrk_r  0x08002eec       0x20 C:/PROGRA~2/ARMGNU~1/14EFD8~1.2RE/bin/../lib/gcc/arm-none-eabi/14.2.1/thumb/v7e-m+fp/hard\libc_nano.a(libc_a-sbrkr.o)
                0x08002eec                _sbrk_r
 .text.memcpy   0x08002f0c       0x1c C:/PROGRA~2/ARMGNU~1/14EFD8~1.2RE/bin/../lib/gcc/arm-none-eabi/14.2.1/thumb/v7e-m+fp/hard\libc_nano.a(libc_a-memcpy-stub.o)
                0x08002f0c                memcpy
 .text.__assert_func
                0x08002f28       0x3c C:/PROGRA~2/ARMGNU~1/14EFD8~1.2RE/bin/../lib/gcc/arm-none-eabi/14.2.1/thumb/v7e-m+fp/hard\libc_nano.a(libc_a-assert.o)
                0x08002f28                __assert_func
 .text._calloc_r
                0x08002f64       0x28 C:/PROGRA~2/ARMGNU~1/14EFD8~1.2RE/bin/../lib/gcc/arm-none-eabi/14.2.1/thumb/v7e-m+fp/hard\libc_nano.a(libc_a-callocr.o)
                0x08002f64                _calloc_r
 .text.__ascii_mbtowc
                0x08002f8c       0x24 C:/PROGRA~2/ARMGNU~1/14EFD8~1.2RE/bin/../lib/gcc/arm-none-eabi/14.2.1/thumb/v7e-m+fp/hard\libc_nano.a(libc_a-mbtowc_r.o)
                0x08002f8c                __ascii_mbtowc
 .text.__ascii_wctomb
                0x08002fb0       0x1a C:/PROGRA~2/ARMGNU~1/14EFD8~1.2RE/bin/../lib/gcc/arm-none-eabi/14.2.1/thumb/v7e-m+fp/hard\libc_nano.a(libc_a-wctomb_r.o)
                0x08002fb0                __ascii_wctomb
 *fill*         0x08002fca        0x2 
 .text.fprintf  0x08002fcc       0x24 C:/PROGRA~2/ARMGNU~1/14EFD8~1.2RE/bin/../lib/gcc/arm-none-eabi/14.2.1/thumb/v7e-m+fp/hard\libc_nano.a(libc_a-fprintf.o)
                0x08002fcc                fiprintf
                0x08002fcc                fprintf
 .text.abort    0x08002ff0        0xe C:/PROGRA~2/ARMGNU~1/14EFD8~1.2RE/bin/../lib/gcc/arm-none-eabi/14.2.1/thumb/v7e-m+fp/hard\libc_nano.a(libc_a-abort.o)
                0x08002ff0                abort
 .text.__sfputc_r
                0x08002ffe       0x2e C:/PROGRA~2/ARMGNU~1/14EFD8~1.2RE/bin/../lib/gcc/arm-none-eabi/14.2.1/thumb/v7e-m+fp/hard\libc_nano.a(libc_a-nano-vfprintf.o)
 .text.__sfputs_r
                0x0800302c       0x24 C:/PROGRA~2/ARMGNU~1/14EFD8~1.2RE/bin/../lib/gcc/arm-none-eabi/14.2.1/thumb/v7e-m+fp/hard\libc_nano.a(libc_a-nano-vfprintf.o)
                0x0800302c                __sfputs_r
 .text._vfprintf_r
                0x08003050      0x230 C:/PROGRA~2/ARMGNU~1/14EFD8~1.2RE/bin/../lib/gcc/arm-none-eabi/14.2.1/thumb/v7e-m+fp/hard\libc_nano.a(libc_a-nano-vfprintf.o)
                0x08003050                _vfprintf_r
                0x08003050                _vfiprintf_r
 .text.__swbuf_r
                0x08003280       0x7c C:/PROGRA~2/ARMGNU~1/14EFD8~1.2RE/bin/../lib/gcc/arm-none-eabi/14.2.1/thumb/v7e-m+fp/hard\libc_nano.a(libc_a-wbuf.o)
                0x08003280                __swbuf_r
 .text.__swsetup_r
                0x080032fc       0xa8 C:/PROGRA~2/ARMGNU~1/14EFD8~1.2RE/bin/../lib/gcc/arm-none-eabi/14.2.1/thumb/v7e-m+fp/hard\libc_nano.a(libc_a-wsetup.o)
                0x080032fc                __swsetup_r
 .text.memmove  0x080033a4       0x32 C:/PROGRA~2/ARMGNU~1/14EFD8~1.2RE/bin/../lib/gcc/arm-none-eabi/14.2.1/thumb/v7e-m+fp/hard\libc_nano.a(libc_a-memmove.o)
                0x080033a4                memmove
 .text._raise_r
                0x080033d6       0x50 C:/PROGRA~2/ARMGNU~1/14EFD8~1.2RE/bin/../lib/gcc/arm-none-eabi/14.2.1/thumb/v7e-m+fp/hard\libc_nano.a(libc_a-signal.o)
                0x080033d6                _raise_r
 *fill*         0x08003426        0x2 
 .text.raise    0x08003428       0x10 C:/PROGRA~2/ARMGNU~1/14EFD8~1.2RE/bin/../lib/gcc/arm-none-eabi/14.2.1/thumb/v7e-m+fp/hard\libc_nano.a(libc_a-signal.o)
                0x08003428                raise
 .text._kill_r  0x08003438       0x24 C:/PROGRA~2/ARMGNU~1/14EFD8~1.2RE/bin/../lib/gcc/arm-none-eabi/14.2.1/thumb/v7e-m+fp/hard\libc_nano.a(libc_a-signalr.o)
                0x08003438                _kill_r
 .text._getpid_r
                0x0800345c        0x4 C:/PROGRA~2/ARMGNU~1/14EFD8~1.2RE/bin/../lib/gcc/arm-none-eabi/14.2.1/thumb/v7e-m+fp/hard\libc_nano.a(libc_a-signalr.o)
                0x0800345c                _getpid_r
 .text._realloc_r
                0x08003460       0x5c C:/PROGRA~2/ARMGNU~1/14EFD8~1.2RE/bin/../lib/gcc/arm-none-eabi/14.2.1/thumb/v7e-m+fp/hard\libc_nano.a(libc_a-reallocr.o)
                0x08003460                _realloc_r
 .text.__swhatbuf_r
                0x080034bc       0x48 C:/PROGRA~2/ARMGNU~1/14EFD8~1.2RE/bin/../lib/gcc/arm-none-eabi/14.2.1/thumb/v7e-m+fp/hard\libc_nano.a(libc_a-makebuf.o)
                0x080034bc                __swhatbuf_r
 .text.__smakebuf_r
                0x08003504       0x72 C:/PROGRA~2/ARMGNU~1/14EFD8~1.2RE/bin/../lib/gcc/arm-none-eabi/14.2.1/thumb/v7e-m+fp/hard\libc_nano.a(libc_a-makebuf.o)
                0x08003504                __smakebuf_r
 *fill*         0x08003576        0x2 
 .text._fstat_r
                0x08003578       0x24 C:/PROGRA~2/ARMGNU~1/14EFD8~1.2RE/bin/../lib/gcc/arm-none-eabi/14.2.1/thumb/v7e-m+fp/hard\libc_nano.a(libc_a-fstatr.o)
                0x08003578                _fstat_r
 .text._isatty_r
                0x0800359c       0x20 C:/PROGRA~2/ARMGNU~1/14EFD8~1.2RE/bin/../lib/gcc/arm-none-eabi/14.2.1/thumb/v7e-m+fp/hard\libc_nano.a(libc_a-isattyr.o)
                0x0800359c                _isatty_r
 .text._malloc_usable_size_r
                0x080035bc       0x10 C:/PROGRA~2/ARMGNU~1/14EFD8~1.2RE/bin/../lib/gcc/arm-none-eabi/14.2.1/thumb/v7e-m+fp/hard\libc_nano.a(libc_a-msizer.o)
                0x080035bc                _malloc_usable_size_r
 .text.debugf   0x080035cc       0x9a CMakeFiles/ESC.dir/debugf_vcp/debugf_vcp.c.obj
                0x080035cc                debugf
 *fill*         0x08003666        0x2 
 .text.main     0x08003668      0x198 CMakeFiles/ESC.dir/Src/main.c.obj
                0x08003668                main
 .text.SystemClock_Config
                0x08003800       0xaa CMakeFiles/ESC.dir/Src/main.c.obj
                0x08003800                SystemClock_Config
 *fill*         0x080038aa        0x2 
 .text.read_ADC_Value
                0x080038ac       0xe4 CMakeFiles/ESC.dir/Src/main.c.obj
                0x080038ac                read_ADC_Value
 .text.Error_Handler
                0x08003990        0xc CMakeFiles/ESC.dir/Src/main.c.obj
                0x08003990                Error_Handler
 .text.MX_GPIO_Init
                0x0800399c       0xdc CMakeFiles/ESC.dir/Src/gpio.c.obj
                0x0800399c                MX_GPIO_Init
 .text.MX_ADC1_Init
                0x08003a78      0x1b8 CMakeFiles/ESC.dir/Src/adc.c.obj
                0x08003a78                MX_ADC1_Init
 .text.HAL_ADC_MspInit
                0x08003c30       0x7c CMakeFiles/ESC.dir/Src/adc.c.obj
                0x08003c30                HAL_ADC_MspInit
 .text.MX_I2C1_Init
                0x08003cac       0x80 CMakeFiles/ESC.dir/Src/i2c.c.obj
                0x08003cac                MX_I2C1_Init
 .text.HAL_I2C_MspInit
                0x08003d2c       0xb4 CMakeFiles/ESC.dir/Src/i2c.c.obj
                0x08003d2c                HAL_I2C_MspInit
 .text.MX_TIM1_Init
                0x08003de0      0x158 CMakeFiles/ESC.dir/Src/tim.c.obj
                0x08003de0                MX_TIM1_Init
 .text.HAL_TIM_Base_MspInit
                0x08003f38       0x40 CMakeFiles/ESC.dir/Src/tim.c.obj
                0x08003f38                HAL_TIM_Base_MspInit
 .text.HAL_TIM_MspPostInit
                0x08003f78       0x70 CMakeFiles/ESC.dir/Src/tim.c.obj
                0x08003f78                HAL_TIM_MspPostInit
 .text.MX_USB_DEVICE_Init
                0x08003fe8       0x60 CMakeFiles/ESC.dir/Src/usb_device.c.obj
                0x08003fe8                MX_USB_DEVICE_Init
 .text.HAL_PCD_MspInit
                0x08004048       0xc4 CMakeFiles/ESC.dir/Src/usbd_conf.c.obj
                0x08004048                HAL_PCD_MspInit
 .text.HAL_PCD_SetupStageCallback
                0x0800410c       0x24 CMakeFiles/ESC.dir/Src/usbd_conf.c.obj
                0x0800410c                HAL_PCD_SetupStageCallback
 .text.HAL_PCD_DataOutStageCallback
                0x08004130       0x36 CMakeFiles/ESC.dir/Src/usbd_conf.c.obj
                0x08004130                HAL_PCD_DataOutStageCallback
 .text.HAL_PCD_DataInStageCallback
                0x08004166       0x34 CMakeFiles/ESC.dir/Src/usbd_conf.c.obj
                0x08004166                HAL_PCD_DataInStageCallback
 .text.HAL_PCD_SOFCallback
                0x0800419a       0x1c CMakeFiles/ESC.dir/Src/usbd_conf.c.obj
                0x0800419a                HAL_PCD_SOFCallback
 .text.HAL_PCD_ResetCallback
                0x080041b6       0x3c CMakeFiles/ESC.dir/Src/usbd_conf.c.obj
                0x080041b6                HAL_PCD_ResetCallback
 *fill*         0x080041f2        0x2 
 .text.HAL_PCD_SuspendCallback
                0x080041f4       0x34 CMakeFiles/ESC.dir/Src/usbd_conf.c.obj
                0x080041f4                HAL_PCD_SuspendCallback
 .text.HAL_PCD_ResumeCallback
                0x08004228       0x38 CMakeFiles/ESC.dir/Src/usbd_conf.c.obj
                0x08004228                HAL_PCD_ResumeCallback
 .text.USBD_LL_Init
                0x08004260       0xc4 CMakeFiles/ESC.dir/Src/usbd_conf.c.obj
                0x08004260                USBD_LL_Init
 .text.USBD_LL_Start
                0x08004324       0x64 CMakeFiles/ESC.dir/Src/usbd_conf.c.obj
                0x08004324                USBD_LL_Start
 .text.USBD_LL_OpenEP
                0x08004388       0x7c CMakeFiles/ESC.dir/Src/usbd_conf.c.obj
                0x08004388                USBD_LL_OpenEP
 .text.USBD_LL_CloseEP
                0x08004404       0x6c CMakeFiles/ESC.dir/Src/usbd_conf.c.obj
                0x08004404                USBD_LL_CloseEP
 .text.USBD_LL_StallEP
                0x08004470       0x6c CMakeFiles/ESC.dir/Src/usbd_conf.c.obj
                0x08004470                USBD_LL_StallEP
 .text.USBD_LL_ClearStallEP
                0x080044dc       0x6c CMakeFiles/ESC.dir/Src/usbd_conf.c.obj
                0x080044dc                USBD_LL_ClearStallEP
 .text.USBD_LL_IsStallEP
                0x08004548       0x58 CMakeFiles/ESC.dir/Src/usbd_conf.c.obj
                0x08004548                USBD_LL_IsStallEP
 .text.USBD_LL_SetUSBAddress
                0x080045a0       0x6c CMakeFiles/ESC.dir/Src/usbd_conf.c.obj
                0x080045a0                USBD_LL_SetUSBAddress
 .text.USBD_LL_Transmit
                0x0800460c       0x70 CMakeFiles/ESC.dir/Src/usbd_conf.c.obj
                0x0800460c                USBD_LL_Transmit
 .text.USBD_LL_PrepareReceive
                0x0800467c       0x70 CMakeFiles/ESC.dir/Src/usbd_conf.c.obj
                0x0800467c                USBD_LL_PrepareReceive
 .text.USBD_LL_GetRxDataSize
                0x080046ec       0x26 CMakeFiles/ESC.dir/Src/usbd_conf.c.obj
                0x080046ec                USBD_LL_GetRxDataSize
 *fill*         0x08004712        0x2 
 .text.HAL_PCDEx_LPM_Callback
                0x08004714       0x6c CMakeFiles/ESC.dir/Src/usbd_conf.c.obj
                0x08004714                HAL_PCDEx_LPM_Callback
 .text.USBD_static_malloc
                0x08004780       0x1c CMakeFiles/ESC.dir/Src/usbd_conf.c.obj
                0x08004780                USBD_static_malloc
 .text.USBD_static_free
                0x0800479c       0x14 CMakeFiles/ESC.dir/Src/usbd_conf.c.obj
                0x0800479c                USBD_static_free
 .text.SystemClockConfig_Resume
                0x080047b0        0xc CMakeFiles/ESC.dir/Src/usbd_conf.c.obj
 .text.USBD_FS_DeviceDescriptor
                0x080047bc       0x24 CMakeFiles/ESC.dir/Src/usbd_desc.c.obj
                0x080047bc                USBD_FS_DeviceDescriptor
 .text.USBD_FS_LangIDStrDescriptor
                0x080047e0       0x24 CMakeFiles/ESC.dir/Src/usbd_desc.c.obj
                0x080047e0                USBD_FS_LangIDStrDescriptor
 .text.USBD_FS_ProductStrDescriptor
                0x08004804       0x3c CMakeFiles/ESC.dir/Src/usbd_desc.c.obj
                0x08004804                USBD_FS_ProductStrDescriptor
 .text.USBD_FS_ManufacturerStrDescriptor
                0x08004840       0x28 CMakeFiles/ESC.dir/Src/usbd_desc.c.obj
                0x08004840                USBD_FS_ManufacturerStrDescriptor
 .text.USBD_FS_SerialStrDescriptor
                0x08004868       0x24 CMakeFiles/ESC.dir/Src/usbd_desc.c.obj
                0x08004868                USBD_FS_SerialStrDescriptor
 .text.USBD_FS_ConfigStrDescriptor
                0x0800488c       0x3c CMakeFiles/ESC.dir/Src/usbd_desc.c.obj
                0x0800488c                USBD_FS_ConfigStrDescriptor
 .text.USBD_FS_InterfaceStrDescriptor
                0x080048c8       0x3c CMakeFiles/ESC.dir/Src/usbd_desc.c.obj
                0x080048c8                USBD_FS_InterfaceStrDescriptor
 .text.USBD_FS_USR_BOSDescriptor
                0x08004904       0x24 CMakeFiles/ESC.dir/Src/usbd_desc.c.obj
                0x08004904                USBD_FS_USR_BOSDescriptor
 .text.Get_SerialNum
                0x08004928       0x58 CMakeFiles/ESC.dir/Src/usbd_desc.c.obj
 .text.IntToUnicode
                0x08004980       0x7e CMakeFiles/ESC.dir/Src/usbd_desc.c.obj
 *fill*         0x080049fe        0x2 
 .text.CDC_Init_FS
                0x08004a00       0x28 CMakeFiles/ESC.dir/Src/usbd_cdc_if.c.obj
 .text.CDC_DeInit_FS
                0x08004a28       0x10 CMakeFiles/ESC.dir/Src/usbd_cdc_if.c.obj
 .text.CDC_Control_FS
                0x08004a38       0xbc CMakeFiles/ESC.dir/Src/usbd_cdc_if.c.obj
 .text.CDC_Receive_FS
                0x08004af4       0x28 CMakeFiles/ESC.dir/Src/usbd_cdc_if.c.obj
 .text.CDC_Transmit_FS
                0x08004b1c       0x4c CMakeFiles/ESC.dir/Src/usbd_cdc_if.c.obj
                0x08004b1c                CDC_Transmit_FS
 .text.CDC_TransmitCplt_FS
                0x08004b68       0x22 CMakeFiles/ESC.dir/Src/usbd_cdc_if.c.obj
 .text.NMI_Handler
                0x08004b8a        0x8 CMakeFiles/ESC.dir/Src/stm32l4xx_it.c.obj
                0x08004b8a                NMI_Handler
 .text.HardFault_Handler
                0x08004b92        0x8 CMakeFiles/ESC.dir/Src/stm32l4xx_it.c.obj
                0x08004b92                HardFault_Handler
 .text.MemManage_Handler
                0x08004b9a        0x8 CMakeFiles/ESC.dir/Src/stm32l4xx_it.c.obj
                0x08004b9a                MemManage_Handler
 .text.BusFault_Handler
                0x08004ba2        0x8 CMakeFiles/ESC.dir/Src/stm32l4xx_it.c.obj
                0x08004ba2                BusFault_Handler
 .text.UsageFault_Handler
                0x08004baa        0x8 CMakeFiles/ESC.dir/Src/stm32l4xx_it.c.obj
                0x08004baa                UsageFault_Handler
 .text.SVC_Handler
                0x08004bb2        0xe CMakeFiles/ESC.dir/Src/stm32l4xx_it.c.obj
                0x08004bb2                SVC_Handler
 .text.DebugMon_Handler
                0x08004bc0        0xe CMakeFiles/ESC.dir/Src/stm32l4xx_it.c.obj
                0x08004bc0                DebugMon_Handler
 .text.PendSV_Handler
                0x08004bce        0xe CMakeFiles/ESC.dir/Src/stm32l4xx_it.c.obj
                0x08004bce                PendSV_Handler
 .text.SysTick_Handler
                0x08004bdc        0xc CMakeFiles/ESC.dir/Src/stm32l4xx_it.c.obj
                0x08004bdc                SysTick_Handler
 .text.USB_IRQHandler
                0x08004be8       0x14 CMakeFiles/ESC.dir/Src/stm32l4xx_it.c.obj
                0x08004be8                USB_IRQHandler
 .text.HAL_MspInit
                0x08004bfc       0x48 CMakeFiles/ESC.dir/Src/stm32l4xx_hal_msp.c.obj
                0x08004bfc                HAL_MspInit
 .text.HAL_PCD_Init
                0x08004c44      0x1fa CMakeFiles/ESC.dir/Drivers/STM32L4xx_HAL_Driver/Src/stm32l4xx_hal_pcd.c.obj
                0x08004c44                HAL_PCD_Init
 .text.HAL_PCD_Start
                0x08004e3e       0x44 CMakeFiles/ESC.dir/Drivers/STM32L4xx_HAL_Driver/Src/stm32l4xx_hal_pcd.c.obj
                0x08004e3e                HAL_PCD_Start
 .text.HAL_PCD_IRQHandler
                0x08004e82      0x24e CMakeFiles/ESC.dir/Drivers/STM32L4xx_HAL_Driver/Src/stm32l4xx_hal_pcd.c.obj
                0x08004e82                HAL_PCD_IRQHandler
 .text.HAL_PCD_SetAddress
                0x080050d0       0x48 CMakeFiles/ESC.dir/Drivers/STM32L4xx_HAL_Driver/Src/stm32l4xx_hal_pcd.c.obj
                0x080050d0                HAL_PCD_SetAddress
 .text.HAL_PCD_EP_Open
                0x08005118       0xbe CMakeFiles/ESC.dir/Drivers/STM32L4xx_HAL_Driver/Src/stm32l4xx_hal_pcd.c.obj
                0x08005118                HAL_PCD_EP_Open
 .text.HAL_PCD_EP_Close
                0x080051d6       0x90 CMakeFiles/ESC.dir/Drivers/STM32L4xx_HAL_Driver/Src/stm32l4xx_hal_pcd.c.obj
                0x080051d6                HAL_PCD_EP_Close
 .text.HAL_PCD_EP_Receive
                0x08005266       0x62 CMakeFiles/ESC.dir/Drivers/STM32L4xx_HAL_Driver/Src/stm32l4xx_hal_pcd.c.obj
                0x08005266                HAL_PCD_EP_Receive
 .text.HAL_PCD_EP_GetRxCount
                0x080052c8       0x30 CMakeFiles/ESC.dir/Drivers/STM32L4xx_HAL_Driver/Src/stm32l4xx_hal_pcd.c.obj
                0x080052c8                HAL_PCD_EP_GetRxCount
 .text.HAL_PCD_EP_Transmit
                0x080052f8       0x6e CMakeFiles/ESC.dir/Drivers/STM32L4xx_HAL_Driver/Src/stm32l4xx_hal_pcd.c.obj
                0x080052f8                HAL_PCD_EP_Transmit
 .text.HAL_PCD_EP_SetStall
                0x08005366       0xc0 CMakeFiles/ESC.dir/Drivers/STM32L4xx_HAL_Driver/Src/stm32l4xx_hal_pcd.c.obj
                0x08005366                HAL_PCD_EP_SetStall
 .text.HAL_PCD_EP_ClrStall
                0x08005426       0xa8 CMakeFiles/ESC.dir/Drivers/STM32L4xx_HAL_Driver/Src/stm32l4xx_hal_pcd.c.obj
                0x08005426                HAL_PCD_EP_ClrStall
 .text.PCD_EP_ISR_Handler
                0x080054ce      0x68e CMakeFiles/ESC.dir/Drivers/STM32L4xx_HAL_Driver/Src/stm32l4xx_hal_pcd.c.obj
 .text.HAL_PCD_EP_DB_Receive
                0x08005b5c      0x212 CMakeFiles/ESC.dir/Drivers/STM32L4xx_HAL_Driver/Src/stm32l4xx_hal_pcd.c.obj
 .text.HAL_PCD_EP_DB_Transmit
                0x08005d6e      0x878 CMakeFiles/ESC.dir/Drivers/STM32L4xx_HAL_Driver/Src/stm32l4xx_hal_pcd.c.obj
 .text.HAL_PCDEx_PMAConfig
                0x080065e6       0x86 CMakeFiles/ESC.dir/Drivers/STM32L4xx_HAL_Driver/Src/stm32l4xx_hal_pcd_ex.c.obj
                0x080065e6                HAL_PCDEx_PMAConfig
 .text.HAL_PCDEx_ActivateLPM
                0x0800666c       0x54 CMakeFiles/ESC.dir/Drivers/STM32L4xx_HAL_Driver/Src/stm32l4xx_hal_pcd_ex.c.obj
                0x0800666c                HAL_PCDEx_ActivateLPM
 .text.USB_CoreInit
                0x080066c0       0x1c CMakeFiles/ESC.dir/Drivers/STM32L4xx_HAL_Driver/Src/stm32l4xx_ll_usb.c.obj
                0x080066c0                USB_CoreInit
 .text.USB_EnableGlobalInt
                0x080066dc       0x2e CMakeFiles/ESC.dir/Drivers/STM32L4xx_HAL_Driver/Src/stm32l4xx_ll_usb.c.obj
                0x080066dc                USB_EnableGlobalInt
 .text.USB_DisableGlobalInt
                0x0800670a       0x36 CMakeFiles/ESC.dir/Drivers/STM32L4xx_HAL_Driver/Src/stm32l4xx_ll_usb.c.obj
                0x0800670a                USB_DisableGlobalInt
 .text.USB_SetCurrentMode
                0x08006740       0x1a CMakeFiles/ESC.dir/Drivers/STM32L4xx_HAL_Driver/Src/stm32l4xx_ll_usb.c.obj
                0x08006740                USB_SetCurrentMode
 .text.USB_DevInit
                0x0800675a       0x3c CMakeFiles/ESC.dir/Drivers/STM32L4xx_HAL_Driver/Src/stm32l4xx_ll_usb.c.obj
                0x0800675a                USB_DevInit
 *fill*         0x08006796        0x2 
 .text.USB_ActivateEndpoint
                0x08006798      0x9d0 CMakeFiles/ESC.dir/Drivers/STM32L4xx_HAL_Driver/Src/stm32l4xx_ll_usb.c.obj
                0x08006798                USB_ActivateEndpoint
 .text.USB_DeactivateEndpoint
                0x08007168      0x3da CMakeFiles/ESC.dir/Drivers/STM32L4xx_HAL_Driver/Src/stm32l4xx_ll_usb.c.obj
                0x08007168                USB_DeactivateEndpoint
 .text.USB_EPStartXfer
                0x08007542      0xb5e CMakeFiles/ESC.dir/Drivers/STM32L4xx_HAL_Driver/Src/stm32l4xx_ll_usb.c.obj
                0x08007542                USB_EPStartXfer
 .text.USB_EPSetStall
                0x080080a0       0xa2 CMakeFiles/ESC.dir/Drivers/STM32L4xx_HAL_Driver/Src/stm32l4xx_ll_usb.c.obj
                0x080080a0                USB_EPSetStall
 .text.USB_EPClearStall
                0x08008142      0x152 CMakeFiles/ESC.dir/Drivers/STM32L4xx_HAL_Driver/Src/stm32l4xx_ll_usb.c.obj
                0x08008142                USB_EPClearStall
 .text.USB_SetDevAddress
                0x08008294       0x28 CMakeFiles/ESC.dir/Drivers/STM32L4xx_HAL_Driver/Src/stm32l4xx_ll_usb.c.obj
                0x08008294                USB_SetDevAddress
 .text.USB_DevConnect
                0x080082bc       0x2e CMakeFiles/ESC.dir/Drivers/STM32L4xx_HAL_Driver/Src/stm32l4xx_ll_usb.c.obj
                0x080082bc                USB_DevConnect
 .text.USB_DevDisconnect
                0x080082ea       0x2a CMakeFiles/ESC.dir/Drivers/STM32L4xx_HAL_Driver/Src/stm32l4xx_ll_usb.c.obj
                0x080082ea                USB_DevDisconnect
 .text.USB_ReadInterrupts
                0x08008314       0x20 CMakeFiles/ESC.dir/Drivers/STM32L4xx_HAL_Driver/Src/stm32l4xx_ll_usb.c.obj
                0x08008314                USB_ReadInterrupts
 .text.USB_EP0_OutStart
                0x08008334       0x18 CMakeFiles/ESC.dir/Drivers/STM32L4xx_HAL_Driver/Src/stm32l4xx_ll_usb.c.obj
                0x08008334                USB_EP0_OutStart
 .text.USB_WritePMA
                0x0800834c       0x86 CMakeFiles/ESC.dir/Drivers/STM32L4xx_HAL_Driver/Src/stm32l4xx_ll_usb.c.obj
                0x0800834c                USB_WritePMA
 .text.USB_ReadPMA
                0x080083d2       0x98 CMakeFiles/ESC.dir/Drivers/STM32L4xx_HAL_Driver/Src/stm32l4xx_ll_usb.c.obj
                0x080083d2                USB_ReadPMA
 .text.HAL_Init
                0x0800846a       0x30 CMakeFiles/ESC.dir/Drivers/STM32L4xx_HAL_Driver/Src/stm32l4xx_hal.c.obj
                0x0800846a                HAL_Init
 *fill*         0x0800849a        0x2 
 .text.HAL_InitTick
                0x0800849c       0x78 CMakeFiles/ESC.dir/Drivers/STM32L4xx_HAL_Driver/Src/stm32l4xx_hal.c.obj
                0x0800849c                HAL_InitTick
 .text.HAL_IncTick
                0x08008514       0x28 CMakeFiles/ESC.dir/Drivers/STM32L4xx_HAL_Driver/Src/stm32l4xx_hal.c.obj
                0x08008514                HAL_IncTick
 .text.HAL_GetTick
                0x0800853c       0x18 CMakeFiles/ESC.dir/Drivers/STM32L4xx_HAL_Driver/Src/stm32l4xx_hal.c.obj
                0x0800853c                HAL_GetTick
 .text.HAL_Delay
                0x08008554       0x48 CMakeFiles/ESC.dir/Drivers/STM32L4xx_HAL_Driver/Src/stm32l4xx_hal.c.obj
                0x08008554                HAL_Delay
 .text.HAL_RCC_OscConfig
                0x0800859c      0x8c4 CMakeFiles/ESC.dir/Drivers/STM32L4xx_HAL_Driver/Src/stm32l4xx_hal_rcc.c.obj
                0x0800859c                HAL_RCC_OscConfig
 .text.HAL_RCC_ClockConfig
                0x08008e60      0x200 CMakeFiles/ESC.dir/Drivers/STM32L4xx_HAL_Driver/Src/stm32l4xx_hal_rcc.c.obj
                0x08008e60                HAL_RCC_ClockConfig
 .text.HAL_RCC_GetSysClockFreq
                0x08009060      0x118 CMakeFiles/ESC.dir/Drivers/STM32L4xx_HAL_Driver/Src/stm32l4xx_hal_rcc.c.obj
                0x08009060                HAL_RCC_GetSysClockFreq
 .text.RCC_SetFlashLatencyFromMSIRange
                0x08009178       0xc0 CMakeFiles/ESC.dir/Drivers/STM32L4xx_HAL_Driver/Src/stm32l4xx_hal_rcc.c.obj
 .text.HAL_RCCEx_PeriphCLKConfig
                0x08009238      0x30c CMakeFiles/ESC.dir/Drivers/STM32L4xx_HAL_Driver/Src/stm32l4xx_hal_rcc_ex.c.obj
                0x08009238                HAL_RCCEx_PeriphCLKConfig
 .text.HAL_GPIO_Init
                0x08009544      0x2e4 CMakeFiles/ESC.dir/Drivers/STM32L4xx_HAL_Driver/Src/stm32l4xx_hal_gpio.c.obj
                0x08009544                HAL_GPIO_Init
 .text.HAL_GPIO_WritePin
                0x08009828       0x30 CMakeFiles/ESC.dir/Drivers/STM32L4xx_HAL_Driver/Src/stm32l4xx_hal_gpio.c.obj
                0x08009828                HAL_GPIO_WritePin
 .text.HAL_I2C_Init
                0x08009858      0x136 CMakeFiles/ESC.dir/Drivers/STM32L4xx_HAL_Driver/Src/stm32l4xx_hal_i2c.c.obj
                0x08009858                HAL_I2C_Init
 .text.HAL_I2CEx_ConfigAnalogFilter
                0x0800998e       0x96 CMakeFiles/ESC.dir/Drivers/STM32L4xx_HAL_Driver/Src/stm32l4xx_hal_i2c_ex.c.obj
                0x0800998e                HAL_I2CEx_ConfigAnalogFilter
 .text.HAL_I2CEx_ConfigDigitalFilter
                0x08009a24       0x98 CMakeFiles/ESC.dir/Drivers/STM32L4xx_HAL_Driver/Src/stm32l4xx_hal_i2c_ex.c.obj
                0x08009a24                HAL_I2CEx_ConfigDigitalFilter
 .text.HAL_PWREx_GetVoltageRange
                0x08009abc       0x1c CMakeFiles/ESC.dir/Drivers/STM32L4xx_HAL_Driver/Src/stm32l4xx_hal_pwr_ex.c.obj
                0x08009abc                HAL_PWREx_GetVoltageRange
 .text.HAL_PWREx_ControlVoltageScaling
                0x08009ad8       0xac CMakeFiles/ESC.dir/Drivers/STM32L4xx_HAL_Driver/Src/stm32l4xx_hal_pwr_ex.c.obj
                0x08009ad8                HAL_PWREx_ControlVoltageScaling
 .text.HAL_PWREx_EnableVddUSB
                0x08009b84       0x20 CMakeFiles/ESC.dir/Drivers/STM32L4xx_HAL_Driver/Src/stm32l4xx_hal_pwr_ex.c.obj
                0x08009b84                HAL_PWREx_EnableVddUSB
 .text.__NVIC_SetPriorityGrouping
                0x08009ba4       0x48 CMakeFiles/ESC.dir/Drivers/STM32L4xx_HAL_Driver/Src/stm32l4xx_hal_cortex.c.obj
 .text.__NVIC_GetPriorityGrouping
                0x08009bec       0x1c CMakeFiles/ESC.dir/Drivers/STM32L4xx_HAL_Driver/Src/stm32l4xx_hal_cortex.c.obj
 .text.__NVIC_EnableIRQ
                0x08009c08       0x3c CMakeFiles/ESC.dir/Drivers/STM32L4xx_HAL_Driver/Src/stm32l4xx_hal_cortex.c.obj
 .text.__NVIC_SetPriority
                0x08009c44       0x54 CMakeFiles/ESC.dir/Drivers/STM32L4xx_HAL_Driver/Src/stm32l4xx_hal_cortex.c.obj
 .text.NVIC_EncodePriority
                0x08009c98       0x66 CMakeFiles/ESC.dir/Drivers/STM32L4xx_HAL_Driver/Src/stm32l4xx_hal_cortex.c.obj
 *fill*         0x08009cfe        0x2 
 .text.SysTick_Config
                0x08009d00       0x44 CMakeFiles/ESC.dir/Drivers/STM32L4xx_HAL_Driver/Src/stm32l4xx_hal_cortex.c.obj
 .text.HAL_NVIC_SetPriorityGrouping
                0x08009d44       0x16 CMakeFiles/ESC.dir/Drivers/STM32L4xx_HAL_Driver/Src/stm32l4xx_hal_cortex.c.obj
                0x08009d44                HAL_NVIC_SetPriorityGrouping
 .text.HAL_NVIC_SetPriority
                0x08009d5a       0x38 CMakeFiles/ESC.dir/Drivers/STM32L4xx_HAL_Driver/Src/stm32l4xx_hal_cortex.c.obj
                0x08009d5a                HAL_NVIC_SetPriority
 .text.HAL_NVIC_EnableIRQ
                0x08009d92       0x1c CMakeFiles/ESC.dir/Drivers/STM32L4xx_HAL_Driver/Src/stm32l4xx_hal_cortex.c.obj
                0x08009d92                HAL_NVIC_EnableIRQ
 .text.HAL_SYSTICK_Config
                0x08009dae       0x18 CMakeFiles/ESC.dir/Drivers/STM32L4xx_HAL_Driver/Src/stm32l4xx_hal_cortex.c.obj
                0x08009dae                HAL_SYSTICK_Config
 .text.LL_ADC_SetCommonClock
                0x08009dc6       0x26 CMakeFiles/ESC.dir/Drivers/STM32L4xx_HAL_Driver/Src/stm32l4xx_hal_adc.c.obj
 .text.LL_ADC_SetCommonPathInternalCh
                0x08009dec       0x26 CMakeFiles/ESC.dir/Drivers/STM32L4xx_HAL_Driver/Src/stm32l4xx_hal_adc.c.obj
 .text.LL_ADC_GetCommonPathInternalCh
                0x08009e12       0x1c CMakeFiles/ESC.dir/Drivers/STM32L4xx_HAL_Driver/Src/stm32l4xx_hal_adc.c.obj
 *fill*         0x08009e2e        0x2 
 .text.LL_ADC_SetOffset
                0x08009e30       0x48 CMakeFiles/ESC.dir/Drivers/STM32L4xx_HAL_Driver/Src/stm32l4xx_hal_adc.c.obj
 .text.LL_ADC_GetOffsetChannel
                0x08009e78       0x2c CMakeFiles/ESC.dir/Drivers/STM32L4xx_HAL_Driver/Src/stm32l4xx_hal_adc.c.obj
 .text.LL_ADC_SetOffsetState
                0x08009ea4       0x36 CMakeFiles/ESC.dir/Drivers/STM32L4xx_HAL_Driver/Src/stm32l4xx_hal_adc.c.obj
 .text.LL_ADC_SetSamplingTimeCommonConfig
                0x08009eda       0x26 CMakeFiles/ESC.dir/Drivers/STM32L4xx_HAL_Driver/Src/stm32l4xx_hal_adc.c.obj
 .text.LL_ADC_REG_IsTriggerSourceSWStart
                0x08009f00       0x26 CMakeFiles/ESC.dir/Drivers/STM32L4xx_HAL_Driver/Src/stm32l4xx_hal_adc.c.obj
 .text.LL_ADC_REG_SetSequencerRanks
                0x08009f26       0x58 CMakeFiles/ESC.dir/Drivers/STM32L4xx_HAL_Driver/Src/stm32l4xx_hal_adc.c.obj
 .text.LL_ADC_SetChannelSamplingTime
                0x08009f7e       0x56 CMakeFiles/ESC.dir/Drivers/STM32L4xx_HAL_Driver/Src/stm32l4xx_hal_adc.c.obj
 .text.LL_ADC_SetChannelSingleDiff
                0x08009fd4       0x48 CMakeFiles/ESC.dir/Drivers/STM32L4xx_HAL_Driver/Src/stm32l4xx_hal_adc.c.obj
 .text.LL_ADC_GetMultimode
                0x0800a01c       0x1c CMakeFiles/ESC.dir/Drivers/STM32L4xx_HAL_Driver/Src/stm32l4xx_hal_adc.c.obj
 .text.LL_ADC_GetMultiDMATransfer
                0x0800a038       0x1c CMakeFiles/ESC.dir/Drivers/STM32L4xx_HAL_Driver/Src/stm32l4xx_hal_adc.c.obj
 .text.LL_ADC_DisableDeepPowerDown
                0x0800a054       0x24 CMakeFiles/ESC.dir/Drivers/STM32L4xx_HAL_Driver/Src/stm32l4xx_hal_adc.c.obj
 .text.LL_ADC_IsDeepPowerDownEnabled
                0x0800a078       0x28 CMakeFiles/ESC.dir/Drivers/STM32L4xx_HAL_Driver/Src/stm32l4xx_hal_adc.c.obj
 .text.LL_ADC_EnableInternalRegulator
                0x0800a0a0       0x28 CMakeFiles/ESC.dir/Drivers/STM32L4xx_HAL_Driver/Src/stm32l4xx_hal_adc.c.obj
 .text.LL_ADC_IsInternalRegulatorEnabled
                0x0800a0c8       0x28 CMakeFiles/ESC.dir/Drivers/STM32L4xx_HAL_Driver/Src/stm32l4xx_hal_adc.c.obj
 .text.LL_ADC_Enable
                0x0800a0f0       0x28 CMakeFiles/ESC.dir/Drivers/STM32L4xx_HAL_Driver/Src/stm32l4xx_hal_adc.c.obj
 .text.LL_ADC_Disable
                0x0800a118       0x28 CMakeFiles/ESC.dir/Drivers/STM32L4xx_HAL_Driver/Src/stm32l4xx_hal_adc.c.obj
 .text.LL_ADC_IsEnabled
                0x0800a140       0x26 CMakeFiles/ESC.dir/Drivers/STM32L4xx_HAL_Driver/Src/stm32l4xx_hal_adc.c.obj
 .text.LL_ADC_IsDisableOngoing
                0x0800a166       0x26 CMakeFiles/ESC.dir/Drivers/STM32L4xx_HAL_Driver/Src/stm32l4xx_hal_adc.c.obj
 .text.LL_ADC_REG_StartConversion
                0x0800a18c       0x28 CMakeFiles/ESC.dir/Drivers/STM32L4xx_HAL_Driver/Src/stm32l4xx_hal_adc.c.obj
 .text.LL_ADC_REG_StopConversion
                0x0800a1b4       0x28 CMakeFiles/ESC.dir/Drivers/STM32L4xx_HAL_Driver/Src/stm32l4xx_hal_adc.c.obj
 .text.LL_ADC_REG_IsConversionOngoing
                0x0800a1dc       0x26 CMakeFiles/ESC.dir/Drivers/STM32L4xx_HAL_Driver/Src/stm32l4xx_hal_adc.c.obj
 .text.LL_ADC_INJ_StopConversion
                0x0800a202       0x28 CMakeFiles/ESC.dir/Drivers/STM32L4xx_HAL_Driver/Src/stm32l4xx_hal_adc.c.obj
 .text.LL_ADC_INJ_IsConversionOngoing
                0x0800a22a       0x26 CMakeFiles/ESC.dir/Drivers/STM32L4xx_HAL_Driver/Src/stm32l4xx_hal_adc.c.obj
 .text.HAL_ADC_Init
                0x0800a250      0x294 CMakeFiles/ESC.dir/Drivers/STM32L4xx_HAL_Driver/Src/stm32l4xx_hal_adc.c.obj
                0x0800a250                HAL_ADC_Init
 .text.HAL_ADC_Start
                0x0800a4e4      0x174 CMakeFiles/ESC.dir/Drivers/STM32L4xx_HAL_Driver/Src/stm32l4xx_hal_adc.c.obj
                0x0800a4e4                HAL_ADC_Start
 .text.HAL_ADC_Stop
                0x0800a658       0x66 CMakeFiles/ESC.dir/Drivers/STM32L4xx_HAL_Driver/Src/stm32l4xx_hal_adc.c.obj
                0x0800a658                HAL_ADC_Stop
 *fill*         0x0800a6be        0x2 
 .text.HAL_ADC_PollForConversion
                0x0800a6c0      0x1b0 CMakeFiles/ESC.dir/Drivers/STM32L4xx_HAL_Driver/Src/stm32l4xx_hal_adc.c.obj
                0x0800a6c0                HAL_ADC_PollForConversion
 .text.HAL_ADC_GetValue
                0x0800a870       0x1a CMakeFiles/ESC.dir/Drivers/STM32L4xx_HAL_Driver/Src/stm32l4xx_hal_adc.c.obj
                0x0800a870                HAL_ADC_GetValue
 *fill*         0x0800a88a        0x2 
 .text.HAL_ADC_ConfigChannel
                0x0800a88c      0x7f8 CMakeFiles/ESC.dir/Drivers/STM32L4xx_HAL_Driver/Src/stm32l4xx_hal_adc.c.obj
                0x0800a88c                HAL_ADC_ConfigChannel
 .text.ADC_ConversionStop
                0x0800b084      0x178 CMakeFiles/ESC.dir/Drivers/STM32L4xx_HAL_Driver/Src/stm32l4xx_hal_adc.c.obj
                0x0800b084                ADC_ConversionStop
 .text.ADC_Enable
                0x0800b1fc      0x10c CMakeFiles/ESC.dir/Drivers/STM32L4xx_HAL_Driver/Src/stm32l4xx_hal_adc.c.obj
                0x0800b1fc                ADC_Enable
 .text.ADC_Disable
                0x0800b308       0xbe CMakeFiles/ESC.dir/Drivers/STM32L4xx_HAL_Driver/Src/stm32l4xx_hal_adc.c.obj
                0x0800b308                ADC_Disable
 .text.LL_ADC_IsEnabled
                0x0800b3c6       0x26 CMakeFiles/ESC.dir/Drivers/STM32L4xx_HAL_Driver/Src/stm32l4xx_hal_adc_ex.c.obj
 .text.LL_ADC_REG_IsConversionOngoing
                0x0800b3ec       0x26 CMakeFiles/ESC.dir/Drivers/STM32L4xx_HAL_Driver/Src/stm32l4xx_hal_adc_ex.c.obj
 *fill*         0x0800b412        0x2 
 .text.HAL_ADCEx_MultiModeConfigChannel
                0x0800b414      0x148 CMakeFiles/ESC.dir/Drivers/STM32L4xx_HAL_Driver/Src/stm32l4xx_hal_adc_ex.c.obj
                0x0800b414                HAL_ADCEx_MultiModeConfigChannel
 .text.HAL_TIM_Base_Init
                0x0800b55c       0xae CMakeFiles/ESC.dir/Drivers/STM32L4xx_HAL_Driver/Src/stm32l4xx_hal_tim.c.obj
                0x0800b55c                HAL_TIM_Base_Init
 .text.HAL_TIM_PWM_Init
                0x0800b60a       0xae CMakeFiles/ESC.dir/Drivers/STM32L4xx_HAL_Driver/Src/stm32l4xx_hal_tim.c.obj
                0x0800b60a                HAL_TIM_PWM_Init
 .text.HAL_TIM_PWM_MspInit
                0x0800b6b8       0x14 CMakeFiles/ESC.dir/Drivers/STM32L4xx_HAL_Driver/Src/stm32l4xx_hal_tim.c.obj
                0x0800b6b8                HAL_TIM_PWM_MspInit
 .text.HAL_TIM_PWM_ConfigChannel
                0x0800b6cc      0x228 CMakeFiles/ESC.dir/Drivers/STM32L4xx_HAL_Driver/Src/stm32l4xx_hal_tim.c.obj
                0x0800b6cc                HAL_TIM_PWM_ConfigChannel
 .text.HAL_TIM_ConfigClockSource
                0x0800b8f4      0x192 CMakeFiles/ESC.dir/Drivers/STM32L4xx_HAL_Driver/Src/stm32l4xx_hal_tim.c.obj
                0x0800b8f4                HAL_TIM_ConfigClockSource
 *fill*         0x0800ba86        0x2 
 .text.TIM_Base_SetConfig
                0x0800ba88       0xe0 CMakeFiles/ESC.dir/Drivers/STM32L4xx_HAL_Driver/Src/stm32l4xx_hal_tim.c.obj
                0x0800ba88                TIM_Base_SetConfig
 .text.TIM_OC1_SetConfig
                0x0800bb68       0xf8 CMakeFiles/ESC.dir/Drivers/STM32L4xx_HAL_Driver/Src/stm32l4xx_hal_tim.c.obj
 .text.TIM_OC2_SetConfig
                0x0800bc60       0xf4 CMakeFiles/ESC.dir/Drivers/STM32L4xx_HAL_Driver/Src/stm32l4xx_hal_tim.c.obj
                0x0800bc60                TIM_OC2_SetConfig
 .text.TIM_OC3_SetConfig
                0x0800bd54       0xf0 CMakeFiles/ESC.dir/Drivers/STM32L4xx_HAL_Driver/Src/stm32l4xx_hal_tim.c.obj
 .text.TIM_OC4_SetConfig
                0x0800be44       0xbc CMakeFiles/ESC.dir/Drivers/STM32L4xx_HAL_Driver/Src/stm32l4xx_hal_tim.c.obj
 .text.TIM_OC5_SetConfig
                0x0800bf00       0xb0 CMakeFiles/ESC.dir/Drivers/STM32L4xx_HAL_Driver/Src/stm32l4xx_hal_tim.c.obj
 .text.TIM_OC6_SetConfig
                0x0800bfb0       0xb4 CMakeFiles/ESC.dir/Drivers/STM32L4xx_HAL_Driver/Src/stm32l4xx_hal_tim.c.obj
 .text.TIM_TI1_ConfigInputStage
                0x0800c064       0x5e CMakeFiles/ESC.dir/Drivers/STM32L4xx_HAL_Driver/Src/stm32l4xx_hal_tim.c.obj
 .text.TIM_TI2_ConfigInputStage
                0x0800c0c2       0x60 CMakeFiles/ESC.dir/Drivers/STM32L4xx_HAL_Driver/Src/stm32l4xx_hal_tim.c.obj
 .text.TIM_ITRx_SetConfig
                0x0800c122       0x36 CMakeFiles/ESC.dir/Drivers/STM32L4xx_HAL_Driver/Src/stm32l4xx_hal_tim.c.obj
 .text.TIM_ETR_SetConfig
                0x0800c158       0x40 CMakeFiles/ESC.dir/Drivers/STM32L4xx_HAL_Driver/Src/stm32l4xx_hal_tim.c.obj
                0x0800c158                TIM_ETR_SetConfig
 .text.HAL_TIMEx_MasterConfigSynchronization
                0x0800c198       0xcc CMakeFiles/ESC.dir/Drivers/STM32L4xx_HAL_Driver/Src/stm32l4xx_hal_tim_ex.c.obj
                0x0800c198                HAL_TIMEx_MasterConfigSynchronization
 .text.HAL_TIMEx_ConfigBreakDeadTime
                0x0800c264       0xf0 CMakeFiles/ESC.dir/Drivers/STM32L4xx_HAL_Driver/Src/stm32l4xx_hal_tim_ex.c.obj
                0x0800c264                HAL_TIMEx_ConfigBreakDeadTime
 .text.SystemInit
                0x0800c354       0x24 CMakeFiles/ESC.dir/Src/system_stm32l4xx.c.obj
                0x0800c354                SystemInit
 .text.USBD_Init
                0x0800c378       0x7c CMakeFiles/ESC.dir/Middlewares/ST/STM32_USB_Device_Library/Core/Src/usbd_core.c.obj
                0x0800c378                USBD_Init
 .text.USBD_RegisterClass
                0x0800c3f4       0x88 CMakeFiles/ESC.dir/Middlewares/ST/STM32_USB_Device_Library/Core/Src/usbd_core.c.obj
                0x0800c3f4                USBD_RegisterClass
 .text.USBD_Start
                0x0800c47c       0x18 CMakeFiles/ESC.dir/Middlewares/ST/STM32_USB_Device_Library/Core/Src/usbd_core.c.obj
                0x0800c47c                USBD_Start
 .text.USBD_RunTestMode
                0x0800c494       0x16 CMakeFiles/ESC.dir/Middlewares/ST/STM32_USB_Device_Library/Core/Src/usbd_core.c.obj
                0x0800c494                USBD_RunTestMode
 .text.USBD_SetClassConfig
                0x0800c4aa       0x38 CMakeFiles/ESC.dir/Middlewares/ST/STM32_USB_Device_Library/Core/Src/usbd_core.c.obj
                0x0800c4aa                USBD_SetClassConfig
 .text.USBD_ClrClassConfig
                0x0800c4e2       0x34 CMakeFiles/ESC.dir/Middlewares/ST/STM32_USB_Device_Library/Core/Src/usbd_core.c.obj
                0x0800c4e2                USBD_ClrClassConfig
 .text.USBD_LL_SetupStage
                0x0800c516       0xaa CMakeFiles/ESC.dir/Middlewares/ST/STM32_USB_Device_Library/Core/Src/usbd_core.c.obj
                0x0800c516                USBD_LL_SetupStage
 .text.USBD_LL_DataOutStage
                0x0800c5c0      0x166 CMakeFiles/ESC.dir/Middlewares/ST/STM32_USB_Device_Library/Core/Src/usbd_core.c.obj
                0x0800c5c0                USBD_LL_DataOutStage
 .text.USBD_LL_DataInStage
                0x0800c726      0x164 CMakeFiles/ESC.dir/Middlewares/ST/STM32_USB_Device_Library/Core/Src/usbd_core.c.obj
                0x0800c726                USBD_LL_DataInStage
 .text.USBD_LL_Reset
                0x0800c88a       0xa4 CMakeFiles/ESC.dir/Middlewares/ST/STM32_USB_Device_Library/Core/Src/usbd_core.c.obj
                0x0800c88a                USBD_LL_Reset
 .text.USBD_LL_SetSpeed
                0x0800c92e       0x20 CMakeFiles/ESC.dir/Middlewares/ST/STM32_USB_Device_Library/Core/Src/usbd_core.c.obj
                0x0800c92e                USBD_LL_SetSpeed
 .text.USBD_LL_Suspend
                0x0800c94e       0x38 CMakeFiles/ESC.dir/Middlewares/ST/STM32_USB_Device_Library/Core/Src/usbd_core.c.obj
                0x0800c94e                USBD_LL_Suspend
 .text.USBD_LL_Resume
                0x0800c986       0x30 CMakeFiles/ESC.dir/Middlewares/ST/STM32_USB_Device_Library/Core/Src/usbd_core.c.obj
                0x0800c986                USBD_LL_Resume
 .text.USBD_LL_SOF
                0x0800c9b6       0x40 CMakeFiles/ESC.dir/Middlewares/ST/STM32_USB_Device_Library/Core/Src/usbd_core.c.obj
                0x0800c9b6                USBD_LL_SOF
 .text.USBD_CoreFindIF
                0x0800c9f6       0x1a CMakeFiles/ESC.dir/Middlewares/ST/STM32_USB_Device_Library/Core/Src/usbd_core.c.obj
                0x0800c9f6                USBD_CoreFindIF
 .text.USBD_CoreFindEP
                0x0800ca10       0x1a CMakeFiles/ESC.dir/Middlewares/ST/STM32_USB_Device_Library/Core/Src/usbd_core.c.obj
                0x0800ca10                USBD_CoreFindEP
 .text.USBD_GetEpDesc
                0x0800ca2a       0x70 CMakeFiles/ESC.dir/Middlewares/ST/STM32_USB_Device_Library/Core/Src/usbd_core.c.obj
                0x0800ca2a                USBD_GetEpDesc
 .text.USBD_GetNextDesc
                0x0800ca9a       0x38 CMakeFiles/ESC.dir/Middlewares/ST/STM32_USB_Device_Library/Core/Src/usbd_core.c.obj
                0x0800ca9a                USBD_GetNextDesc
 .text.SWAPBYTE
                0x0800cad2       0x3e CMakeFiles/ESC.dir/Middlewares/ST/STM32_USB_Device_Library/Core/Src/usbd_ctlreq.c.obj
 .text.USBD_StdDevReq
                0x0800cb10       0xe4 CMakeFiles/ESC.dir/Middlewares/ST/STM32_USB_Device_Library/Core/Src/usbd_ctlreq.c.obj
                0x0800cb10                USBD_StdDevReq
 .text.USBD_StdItfReq
                0x0800cbf4       0xd8 CMakeFiles/ESC.dir/Middlewares/ST/STM32_USB_Device_Library/Core/Src/usbd_ctlreq.c.obj
                0x0800cbf4                USBD_StdItfReq
 .text.USBD_StdEPReq
                0x0800cccc      0x33a CMakeFiles/ESC.dir/Middlewares/ST/STM32_USB_Device_Library/Core/Src/usbd_ctlreq.c.obj
                0x0800cccc                USBD_StdEPReq
 *fill*         0x0800d006        0x2 
 .text.USBD_GetDescriptor
                0x0800d008      0x328 CMakeFiles/ESC.dir/Middlewares/ST/STM32_USB_Device_Library/Core/Src/usbd_ctlreq.c.obj
 .text.USBD_SetAddress
                0x0800d330       0x88 CMakeFiles/ESC.dir/Middlewares/ST/STM32_USB_Device_Library/Core/Src/usbd_ctlreq.c.obj
 .text.USBD_SetConfig
                0x0800d3b8      0x154 CMakeFiles/ESC.dir/Middlewares/ST/STM32_USB_Device_Library/Core/Src/usbd_ctlreq.c.obj
 .text.USBD_GetConfig
                0x0800d50c       0x6c CMakeFiles/ESC.dir/Middlewares/ST/STM32_USB_Device_Library/Core/Src/usbd_ctlreq.c.obj
 .text.USBD_GetStatus
                0x0800d578       0x68 CMakeFiles/ESC.dir/Middlewares/ST/STM32_USB_Device_Library/Core/Src/usbd_ctlreq.c.obj
 .text.USBD_SetFeature
                0x0800d5e0       0x52 CMakeFiles/ESC.dir/Middlewares/ST/STM32_USB_Device_Library/Core/Src/usbd_ctlreq.c.obj
 .text.USBD_ClrFeature
                0x0800d632       0x44 CMakeFiles/ESC.dir/Middlewares/ST/STM32_USB_Device_Library/Core/Src/usbd_ctlreq.c.obj
 .text.USBD_ParseSetupRequest
                0x0800d676       0x74 CMakeFiles/ESC.dir/Middlewares/ST/STM32_USB_Device_Library/Core/Src/usbd_ctlreq.c.obj
                0x0800d676                USBD_ParseSetupRequest
 .text.USBD_CtlError
                0x0800d6ea       0x22 CMakeFiles/ESC.dir/Middlewares/ST/STM32_USB_Device_Library/Core/Src/usbd_ctlreq.c.obj
                0x0800d6ea                USBD_CtlError
 .text.USBD_GetString
                0x0800d70c       0xa4 CMakeFiles/ESC.dir/Middlewares/ST/STM32_USB_Device_Library/Core/Src/usbd_ctlreq.c.obj
                0x0800d70c                USBD_GetString
 .text.USBD_GetLen
                0x0800d7b0       0x34 CMakeFiles/ESC.dir/Middlewares/ST/STM32_USB_Device_Library/Core/Src/usbd_ctlreq.c.obj
 .text.USBD_CtlSendData
                0x0800d7e4       0x36 CMakeFiles/ESC.dir/Middlewares/ST/STM32_USB_Device_Library/Core/Src/usbd_ioreq.c.obj
                0x0800d7e4                USBD_CtlSendData
 .text.USBD_CtlContinueSendData
                0x0800d81a       0x22 CMakeFiles/ESC.dir/Middlewares/ST/STM32_USB_Device_Library/Core/Src/usbd_ioreq.c.obj
                0x0800d81a                USBD_CtlContinueSendData
 .text.USBD_CtlPrepareRx
                0x0800d83c       0x3a CMakeFiles/ESC.dir/Middlewares/ST/STM32_USB_Device_Library/Core/Src/usbd_ioreq.c.obj
                0x0800d83c                USBD_CtlPrepareRx
 .text.USBD_CtlContinueRx
                0x0800d876       0x22 CMakeFiles/ESC.dir/Middlewares/ST/STM32_USB_Device_Library/Core/Src/usbd_ioreq.c.obj
                0x0800d876                USBD_CtlContinueRx
 .text.USBD_CtlSendStatus
                0x0800d898       0x26 CMakeFiles/ESC.dir/Middlewares/ST/STM32_USB_Device_Library/Core/Src/usbd_ioreq.c.obj
                0x0800d898                USBD_CtlSendStatus
 .text.USBD_CtlReceiveStatus
                0x0800d8be       0x26 CMakeFiles/ESC.dir/Middlewares/ST/STM32_USB_Device_Library/Core/Src/usbd_ioreq.c.obj
                0x0800d8be                USBD_CtlReceiveStatus
 .text.USBD_CDC_Init
                0x0800d8e4      0x1f0 CMakeFiles/ESC.dir/Middlewares/ST/STM32_USB_Device_Library/Class/CDC/Src/usbd_cdc.c.obj
 .text.USBD_CDC_DeInit
                0x0800dad4      0x104 CMakeFiles/ESC.dir/Middlewares/ST/STM32_USB_Device_Library/Class/CDC/Src/usbd_cdc.c.obj
 .text.USBD_CDC_Setup
                0x0800dbd8      0x1b8 CMakeFiles/ESC.dir/Middlewares/ST/STM32_USB_Device_Library/Class/CDC/Src/usbd_cdc.c.obj
 .text.USBD_CDC_DataIn
                0x0800dd90       0xfe CMakeFiles/ESC.dir/Middlewares/ST/STM32_USB_Device_Library/Class/CDC/Src/usbd_cdc.c.obj
 .text.USBD_CDC_DataOut
                0x0800de8e       0x70 CMakeFiles/ESC.dir/Middlewares/ST/STM32_USB_Device_Library/Class/CDC/Src/usbd_cdc.c.obj
 .text.USBD_CDC_EP0_RxReady
                0x0800defe       0x74 CMakeFiles/ESC.dir/Middlewares/ST/STM32_USB_Device_Library/Class/CDC/Src/usbd_cdc.c.obj
 *fill*         0x0800df72        0x2 
 .text.USBD_CDC_GetFSCfgDesc
                0x0800df74       0x70 CMakeFiles/ESC.dir/Middlewares/ST/STM32_USB_Device_Library/Class/CDC/Src/usbd_cdc.c.obj
 .text.USBD_CDC_GetHSCfgDesc
                0x0800dfe4       0x70 CMakeFiles/ESC.dir/Middlewares/ST/STM32_USB_Device_Library/Class/CDC/Src/usbd_cdc.c.obj
 .text.USBD_CDC_GetOtherSpeedCfgDesc
                0x0800e054       0x70 CMakeFiles/ESC.dir/Middlewares/ST/STM32_USB_Device_Library/Class/CDC/Src/usbd_cdc.c.obj
 .text.USBD_CDC_GetDeviceQualifierDescriptor
                0x0800e0c4       0x20 CMakeFiles/ESC.dir/Middlewares/ST/STM32_USB_Device_Library/Class/CDC/Src/usbd_cdc.c.obj
                0x0800e0c4                USBD_CDC_GetDeviceQualifierDescriptor
 .text.USBD_CDC_RegisterInterface
                0x0800e0e4       0x34 CMakeFiles/ESC.dir/Middlewares/ST/STM32_USB_Device_Library/Class/CDC/Src/usbd_cdc.c.obj
                0x0800e0e4                USBD_CDC_RegisterInterface
 .text.USBD_CDC_SetTxBuffer
                0x0800e118       0x44 CMakeFiles/ESC.dir/Middlewares/ST/STM32_USB_Device_Library/Class/CDC/Src/usbd_cdc.c.obj
                0x0800e118                USBD_CDC_SetTxBuffer
 .text.USBD_CDC_SetRxBuffer
                0x0800e15c       0x3a CMakeFiles/ESC.dir/Middlewares/ST/STM32_USB_Device_Library/Class/CDC/Src/usbd_cdc.c.obj
                0x0800e15c                USBD_CDC_SetRxBuffer
 *fill*         0x0800e196        0x2 
 .text.USBD_CDC_TransmitPacket
                0x0800e198       0x80 CMakeFiles/ESC.dir/Middlewares/ST/STM32_USB_Device_Library/Class/CDC/Src/usbd_cdc.c.obj
                0x0800e198                USBD_CDC_TransmitPacket
 .text.USBD_CDC_ReceivePacket
                0x0800e218       0x6c CMakeFiles/ESC.dir/Middlewares/ST/STM32_USB_Device_Library/Class/CDC/Src/usbd_cdc.c.obj
                0x0800e218                USBD_CDC_ReceivePacket
 .text._sbrk    0x0800e284       0x6c CMakeFiles/ESC.dir/Src/sysmem.c.obj
                0x0800e284                _sbrk
 .text._getpid  0x0800e2f0       0x10 CMakeFiles/ESC.dir/Src/syscalls.c.obj
                0x0800e2f0                _getpid
 .text._kill    0x0800e300       0x20 CMakeFiles/ESC.dir/Src/syscalls.c.obj
                0x0800e300                _kill
 .text._exit    0x0800e320       0x16 CMakeFiles/ESC.dir/Src/syscalls.c.obj
                0x0800e320                _exit
 .text._read    0x0800e336       0x3a CMakeFiles/ESC.dir/Src/syscalls.c.obj
                0x0800e336                _read
 .text._write   0x0800e370       0x38 CMakeFiles/ESC.dir/Src/syscalls.c.obj
                0x0800e370                _write
 .text._close   0x0800e3a8       0x18 CMakeFiles/ESC.dir/Src/syscalls.c.obj
                0x0800e3a8                _close
 .text._fstat   0x0800e3c0       0x20 CMakeFiles/ESC.dir/Src/syscalls.c.obj
                0x0800e3c0                _fstat
 .text._isatty  0x0800e3e0       0x16 CMakeFiles/ESC.dir/Src/syscalls.c.obj
                0x0800e3e0                _isatty
 .text._lseek   0x0800e3f6       0x1a CMakeFiles/ESC.dir/Src/syscalls.c.obj
                0x0800e3f6                _lseek
 .text.Reset_Handler
                0x0800e410       0x50 CMakeFiles/ESC.dir/startup_stm32l412xx.s.obj
                0x0800e410                Reset_Handler
 .text.Default_Handler
                0x0800e460        0x2 CMakeFiles/ESC.dir/startup_stm32l412xx.s.obj
                0x0800e460                RTC_Alarm_IRQHandler
                0x0800e460                EXTI2_IRQHandler
                0x0800e460                TIM1_CC_IRQHandler
                0x0800e460                TSC_IRQHandler
                0x0800e460                TIM6_IRQHandler
                0x0800e460                TAMP_STAMP_IRQHandler
                0x0800e460                EXTI3_IRQHandler
                0x0800e460                LPTIM2_IRQHandler
                0x0800e460                I2C3_ER_IRQHandler
                0x0800e460                EXTI0_IRQHandler
                0x0800e460                I2C2_EV_IRQHandler
                0x0800e460                FPU_IRQHandler
                0x0800e460                TIM1_UP_TIM16_IRQHandler
                0x0800e460                ADC1_2_IRQHandler
                0x0800e460                SPI1_IRQHandler
                0x0800e460                DMA2_Channel2_IRQHandler
                0x0800e460                DMA1_Channel4_IRQHandler
                0x0800e460                USART3_IRQHandler
                0x0800e460                DMA1_Channel7_IRQHandler
                0x0800e460                DMA2_Channel1_IRQHandler
                0x0800e460                QUADSPI_IRQHandler
                0x0800e460                I2C1_EV_IRQHandler
                0x0800e460                DMA1_Channel6_IRQHandler
                0x0800e460                DMA2_Channel4_IRQHandler
                0x0800e460                RCC_IRQHandler
                0x0800e460                TIM1_TRG_COM_IRQHandler
                0x0800e460                DMA1_Channel1_IRQHandler
                0x0800e460                Default_Handler
                0x0800e460                DMA2_Channel7_IRQHandler
                0x0800e460                EXTI15_10_IRQHandler
                0x0800e460                I2C3_EV_IRQHandler
                0x0800e460                EXTI9_5_IRQHandler
                0x0800e460                RTC_WKUP_IRQHandler
                0x0800e460                PVD_PVM_IRQHandler
                0x0800e460                SPI2_IRQHandler
                0x0800e460                DMA2_Channel5_IRQHandler
                0x0800e460                CRS_IRQHandler
                0x0800e460                DMA1_Channel5_IRQHandler
                0x0800e460                EXTI4_IRQHandler
                0x0800e460                RNG_IRQHandler
                0x0800e460                DMA1_Channel3_IRQHandler
                0x0800e460                COMP_IRQHandler
                0x0800e460                WWDG_IRQHandler
                0x0800e460                LPUART1_IRQHandler
                0x0800e460                DMA2_Channel6_IRQHandler
                0x0800e460                TIM2_IRQHandler
                0x0800e460                EXTI1_IRQHandler
                0x0800e460                USART2_IRQHandler
                0x0800e460                I2C2_ER_IRQHandler
                0x0800e460                DMA1_Channel2_IRQHandler
                0x0800e460                FLASH_IRQHandler
                0x0800e460                USART1_IRQHandler
                0x0800e460                I2C1_ER_IRQHandler
                0x0800e460                LPTIM1_IRQHandler
                0x0800e460                DMA2_Channel3_IRQHandler
                0x0800e460                TIM1_BRK_TIM15_IRQHandler
 *fill*         0x0800e462        0x2 
 .text.printf   0x0800e464       0x24 C:/PROGRA~2/ARMGNU~1/14EFD8~1.2RE/bin/../lib/gcc/arm-none-eabi/14.2.1/thumb/v7e-m+fp/hard\libg_nano.a(libc_a-printf.o)
                0x0800e464                iprintf
                0x0800e464                printf
 .text.putchar  0x0800e488       0x10 C:/PROGRA~2/ARMGNU~1/14EFD8~1.2RE/bin/../lib/gcc/arm-none-eabi/14.2.1/thumb/v7e-m+fp/hard\libg_nano.a(libc_a-putchar.o)
                0x0800e488                putchar
 .text._vsnprintf_r
                0x0800e498       0x5c C:/PROGRA~2/ARMGNU~1/14EFD8~1.2RE/bin/../lib/gcc/arm-none-eabi/14.2.1/thumb/v7e-m+fp/hard\libg_nano.a(libc_a-vsnprintf.o)
                0x0800e498                _vsniprintf_r
                0x0800e498                _vsnprintf_r
 .text.vsnprintf
                0x0800e4f4       0x1c C:/PROGRA~2/ARMGNU~1/14EFD8~1.2RE/bin/../lib/gcc/arm-none-eabi/14.2.1/thumb/v7e-m+fp/hard\libg_nano.a(libc_a-vsnprintf.o)
                0x0800e4f4                vsniprintf
                0x0800e4f4                vsnprintf
 .text.__errno  0x0800e510        0xc C:/PROGRA~2/ARMGNU~1/14EFD8~1.2RE/bin/../lib/gcc/arm-none-eabi/14.2.1/thumb/v7e-m+fp/hard\libg_nano.a(libc_a-errno.o)
                0x0800e510                __errno
 .text.__ssputs_r
                0x0800e51c       0xc0 C:/PROGRA~2/ARMGNU~1/14EFD8~1.2RE/bin/../lib/gcc/arm-none-eabi/14.2.1/thumb/v7e-m+fp/hard\libg_nano.a(libc_a-nano-svfprintf.o)
                0x0800e51c                __ssputs_r
 .text._svfprintf_r
                0x0800e5dc      0x1f8 C:/PROGRA~2/ARMGNU~1/14EFD8~1.2RE/bin/../lib/gcc/arm-none-eabi/14.2.1/thumb/v7e-m+fp/hard\libg_nano.a(libc_a-nano-svfprintf.o)
                0x0800e5dc                _svfiprintf_r
                0x0800e5dc                _svfprintf_r
 .text._putc_r  0x0800e7d4       0x68 C:/PROGRA~2/ARMGNU~1/14EFD8~1.2RE/bin/../lib/gcc/arm-none-eabi/14.2.1/thumb/v7e-m+fp/hard\libg_nano.a(libc_a-putc.o)
                0x0800e7d4                _putc_r
 *(.glue_7)
 .glue_7        0x0800e83c        0x0 linker stubs
 *(.glue_7t)
 .glue_7t       0x0800e83c        0x0 linker stubs
 *(.eh_frame)
 .eh_frame      0x0800e83c        0x0 C:/PROGRA~2/ARMGNU~1/14EFD8~1.2RE/bin/../lib/gcc/arm-none-eabi/14.2.1/thumb/v7e-m+fp/hard/crtbegin.o
 *(.init)
 .init          0x0800e83c        0x4 C:/PROGRA~2/ARMGNU~1/14EFD8~1.2RE/bin/../lib/gcc/arm-none-eabi/14.2.1/thumb/v7e-m+fp/hard/crti.o
                0x0800e83c                _init
 .init          0x0800e840        0x8 C:/PROGRA~2/ARMGNU~1/14EFD8~1.2RE/bin/../lib/gcc/arm-none-eabi/14.2.1/thumb/v7e-m+fp/hard/crtn.o
 *(.fini)
 .fini          0x0800e848        0x4 C:/PROGRA~2/ARMGNU~1/14EFD8~1.2RE/bin/../lib/gcc/arm-none-eabi/14.2.1/thumb/v7e-m+fp/hard/crti.o
                0x0800e848                _fini
 .fini          0x0800e84c        0x8 C:/PROGRA~2/ARMGNU~1/14EFD8~1.2RE/bin/../lib/gcc/arm-none-eabi/14.2.1/thumb/v7e-m+fp/hard/crtn.o
                0x0800e858                        . = ALIGN (0x8)
 *fill*         0x0800e854        0x4 
                0x0800e858                        _etext = .

.vfp11_veneer   0x0800e858        0x0
 .vfp11_veneer  0x0800e858        0x0 linker stubs

.v4_bx          0x0800e858        0x0
 .v4_bx         0x0800e858        0x0 linker stubs

.iplt           0x0800e858        0x0
 .iplt          0x0800e858        0x0 C:/PROGRA~2/ARMGNU~1/14EFD8~1.2RE/bin/../lib/gcc/arm-none-eabi/14.2.1/thumb/v7e-m+fp/hard/crtbegin.o

.rodata         0x0800e858      0x4b0
                0x0800e858                        . = ALIGN (0x8)
 *(.rodata)
 .rodata        0x0800e858       0x7b CMakeFiles/ESC.dir/Src/main.c.obj
 *fill*         0x0800e8d3        0x1 
 .rodata        0x0800e8d4       0x46 CMakeFiles/ESC.dir/Src/usbd_desc.c.obj
 *fill*         0x0800e91a        0x2 
 .rodata        0x0800e91c       0x35 CMakeFiles/ESC.dir/Middlewares/ST/STM32_USB_Device_Library/Core/Src/usbd_core.c.obj
 *(.rodata*)
 .rodata._printf_float.str1.1
                0x0800e951      0x173 C:/PROGRA~2/ARMGNU~1/14EFD8~1.2RE/bin/../lib/gcc/arm-none-eabi/14.2.1/thumb/v7e-m+fp/hard\libc_nano.a(libc_a-nano-vfprintf_float.o)
                                 0x12 (size before relaxing)
 .rodata._printf_i.str1.1
                0x0800eac4       0x22 C:/PROGRA~2/ARMGNU~1/14EFD8~1.2RE/bin/../lib/gcc/arm-none-eabi/14.2.1/thumb/v7e-m+fp/hard\libc_nano.a(libc_a-nano-vfprintf_i.o)
 .rodata._dtoa_r.str1.1
                0x0800eac4       0x90 C:/PROGRA~2/ARMGNU~1/14EFD8~1.2RE/bin/../lib/gcc/arm-none-eabi/14.2.1/thumb/v7e-m+fp/hard\libc_nano.a(libc_a-dtoa.o)
 .rodata._Balloc.str1.1
                0x0800eac4       0x71 C:/PROGRA~2/ARMGNU~1/14EFD8~1.2RE/bin/../lib/gcc/arm-none-eabi/14.2.1/thumb/v7e-m+fp/hard\libc_nano.a(libc_a-mprec.o)
 .rodata.__multadd.str1.1
                0x0800eac4       0x11 C:/PROGRA~2/ARMGNU~1/14EFD8~1.2RE/bin/../lib/gcc/arm-none-eabi/14.2.1/thumb/v7e-m+fp/hard\libc_nano.a(libc_a-mprec.o)
 .rodata.p05.0  0x0800eac4        0xc C:/PROGRA~2/ARMGNU~1/14EFD8~1.2RE/bin/../lib/gcc/arm-none-eabi/14.2.1/thumb/v7e-m+fp/hard\libc_nano.a(libc_a-mprec.o)
 .rodata.__mprec_bigtens
                0x0800ead0       0x28 C:/PROGRA~2/ARMGNU~1/14EFD8~1.2RE/bin/../lib/gcc/arm-none-eabi/14.2.1/thumb/v7e-m+fp/hard\libc_nano.a(libc_a-mprec.o)
                0x0800ead0                __mprec_bigtens
 .rodata.__mprec_tens
                0x0800eaf8       0xc8 C:/PROGRA~2/ARMGNU~1/14EFD8~1.2RE/bin/../lib/gcc/arm-none-eabi/14.2.1/thumb/v7e-m+fp/hard\libc_nano.a(libc_a-mprec.o)
                0x0800eaf8                __mprec_tens
 .rodata._setlocale_r.str1.1
                0x0800ebc0        0x9 C:/PROGRA~2/ARMGNU~1/14EFD8~1.2RE/bin/../lib/gcc/arm-none-eabi/14.2.1/thumb/v7e-m+fp/hard\libc_nano.a(libc_a-locale.o)
 .rodata.str1.1
                0x0800ebc0        0x2 C:/PROGRA~2/ARMGNU~1/14EFD8~1.2RE/bin/../lib/gcc/arm-none-eabi/14.2.1/thumb/v7e-m+fp/hard\libc_nano.a(libc_a-locale.o)
 .rodata.__assert_func.str1.1
                0x0800ebc0       0x3d C:/PROGRA~2/ARMGNU~1/14EFD8~1.2RE/bin/../lib/gcc/arm-none-eabi/14.2.1/thumb/v7e-m+fp/hard\libc_nano.a(libc_a-assert.o)
 .rodata._ctype_
                0x0800ebc0      0x101 C:/PROGRA~2/ARMGNU~1/14EFD8~1.2RE/bin/../lib/gcc/arm-none-eabi/14.2.1/thumb/v7e-m+fp/hard\libc_nano.a(libc_a-ctype_.o)
                0x0800ebc0                _ctype_
 .rodata._vfprintf_r.str1.1
                0x0800ecc1       0x11 C:/PROGRA~2/ARMGNU~1/14EFD8~1.2RE/bin/../lib/gcc/arm-none-eabi/14.2.1/thumb/v7e-m+fp/hard\libc_nano.a(libc_a-nano-vfprintf.o)
 *fill*         0x0800ecc1        0x3 
 .rodata.AHBPrescTable
                0x0800ecc4       0x10 CMakeFiles/ESC.dir/Src/system_stm32l4xx.c.obj
                0x0800ecc4                AHBPrescTable
 .rodata.MSIRangeTable
                0x0800ecd4       0x30 CMakeFiles/ESC.dir/Src/system_stm32l4xx.c.obj
                0x0800ecd4                MSIRangeTable
 .rodata._svfprintf_r.str1.1
                0x0800ed04       0x11 C:/PROGRA~2/ARMGNU~1/14EFD8~1.2RE/bin/../lib/gcc/arm-none-eabi/14.2.1/thumb/v7e-m+fp/hard\libg_nano.a(libc_a-nano-svfprintf.o)
                0x0800ed18                        . = ALIGN (0x8)
 *fill*         0x0800ed04        0x4 

.ARM.extab      0x0800ed08        0x0
                0x0800ed08                        . = ALIGN (0x8)
 *(.ARM.extab* .gnu.linkonce.armextab.*)
                0x0800ed08                        . = ALIGN (0x8)

.ARM            0x0800ed08        0x8
                0x0800ed08                        . = ALIGN (0x8)
                0x0800ed08                        __exidx_start = .
 *(.ARM.exidx*)
 .ARM.exidx     0x0800ed08        0x8 C:/PROGRA~2/ARMGNU~1/14EFD8~1.2RE/bin/../lib/gcc/arm-none-eabi/14.2.1/thumb/v7e-m+fp/hard\libc_nano.a(libc_a-memchr.o)
 .ARM.exidx     0x0800ed10        0x0 C:/PROGRA~2/ARMGNU~1/14EFD8~1.2RE/bin/../lib/gcc/arm-none-eabi/14.2.1/thumb/v7e-m+fp/hard\libc_nano.a(libc_a-strlen.o)
                                  0x8 (size before relaxing)
                0x0800ed10                        __exidx_end = .
                0x0800ed10                        . = ALIGN (0x8)

.rel.dyn        0x0800ed10        0x0
 .rel.iplt      0x0800ed10        0x0 C:/PROGRA~2/ARMGNU~1/14EFD8~1.2RE/bin/../lib/gcc/arm-none-eabi/14.2.1/thumb/v7e-m+fp/hard/crtbegin.o

.preinit_array  0x0800ed10        0x0
                0x0800ed10                        . = ALIGN (0x8)
                0x0800ed10                        PROVIDE (__preinit_array_start = .)
 *(.preinit_array*)
                0x0800ed10                        PROVIDE (__preinit_array_end = .)
                0x0800ed10                        . = ALIGN (0x8)

.init_array     0x0800ed10        0x8
                0x0800ed10                        . = ALIGN (0x8)
                0x0800ed10                        PROVIDE (__init_array_start = .)
 *(SORT_BY_NAME(.init_array.*))
 *(.init_array*)
 .init_array    0x0800ed10        0x4 C:/PROGRA~2/ARMGNU~1/14EFD8~1.2RE/bin/../lib/gcc/arm-none-eabi/14.2.1/thumb/v7e-m+fp/hard/crtbegin.o
                0x0800ed14                        PROVIDE (__init_array_end = .)
                0x0800ed18                        . = ALIGN (0x8)
 *fill*         0x0800ed14        0x4 

.fini_array     0x0800ed18        0x8
                0x0800ed18                        . = ALIGN (0x8)
                [!provide]                        PROVIDE (__fini_array_start = .)
 *(SORT_BY_NAME(.fini_array.*))
 *(.fini_array*)
 .fini_array    0x0800ed18        0x4 C:/PROGRA~2/ARMGNU~1/14EFD8~1.2RE/bin/../lib/gcc/arm-none-eabi/14.2.1/thumb/v7e-m+fp/hard/crtbegin.o
                [!provide]                        PROVIDE (__fini_array_end = .)
                0x0800ed20                        . = ALIGN (0x8)
 *fill*         0x0800ed1c        0x4 
                0x0800ed20                        _sidata = LOADADDR (.data)

.data           0x20000000      0x2d8 load address 0x0800ed20
                0x20000000                        . = ALIGN (0x8)
                0x20000000                        _sdata = .
 *(.data)
 *(.data*)
 .data.__sglue  0x20000000        0xc C:/PROGRA~2/ARMGNU~1/14EFD8~1.2RE/bin/../lib/gcc/arm-none-eabi/14.2.1/thumb/v7e-m+fp/hard\libc_nano.a(libc_a-findfp.o)
                0x20000000                __sglue
 .data._impure_ptr
                0x2000000c        0x4 C:/PROGRA~2/ARMGNU~1/14EFD8~1.2RE/bin/../lib/gcc/arm-none-eabi/14.2.1/thumb/v7e-m+fp/hard\libc_nano.a(libc_a-impure.o)
                0x2000000c                _impure_ptr
 .data._impure_data
                0x20000010       0x4c C:/PROGRA~2/ARMGNU~1/14EFD8~1.2RE/bin/../lib/gcc/arm-none-eabi/14.2.1/thumb/v7e-m+fp/hard\libc_nano.a(libc_a-impure.o)
                0x20000010                _impure_data
 .data.__global_locale
                0x2000005c      0x16c C:/PROGRA~2/ARMGNU~1/14EFD8~1.2RE/bin/../lib/gcc/arm-none-eabi/14.2.1/thumb/v7e-m+fp/hard\libc_nano.a(libc_a-locale.o)
                0x2000005c                __global_locale
 .data.FS_Desc  0x200001c8       0x20 CMakeFiles/ESC.dir/Src/usbd_desc.c.obj
                0x200001c8                FS_Desc
 .data.USBD_FS_DeviceDesc
                0x200001e8       0x12 CMakeFiles/ESC.dir/Src/usbd_desc.c.obj
                0x200001e8                USBD_FS_DeviceDesc
 *fill*         0x200001fa        0x2 
 .data.USBD_FS_BOSDesc
                0x200001fc        0xc CMakeFiles/ESC.dir/Src/usbd_desc.c.obj
                0x200001fc                USBD_FS_BOSDesc
 .data.USBD_LangIDDesc
                0x20000208        0x4 CMakeFiles/ESC.dir/Src/usbd_desc.c.obj
                0x20000208                USBD_LangIDDesc
 .data.USBD_StringSerial
                0x2000020c       0x1a CMakeFiles/ESC.dir/Src/usbd_desc.c.obj
                0x2000020c                USBD_StringSerial
 *fill*         0x20000226        0x2 
 .data.USBD_Interface_fops_FS
                0x20000228       0x14 CMakeFiles/ESC.dir/Src/usbd_cdc_if.c.obj
                0x20000228                USBD_Interface_fops_FS
 .data.uwTickPrio
                0x2000023c        0x4 CMakeFiles/ESC.dir/Drivers/STM32L4xx_HAL_Driver/Src/stm32l4xx_hal.c.obj
                0x2000023c                uwTickPrio
 .data.uwTickFreq
                0x20000240        0x1 CMakeFiles/ESC.dir/Drivers/STM32L4xx_HAL_Driver/Src/stm32l4xx_hal.c.obj
                0x20000240                uwTickFreq
 *fill*         0x20000241        0x3 
 .data.SystemCoreClock
                0x20000244        0x4 CMakeFiles/ESC.dir/Src/system_stm32l4xx.c.obj
                0x20000244                SystemCoreClock
 .data.USBD_CDC_DeviceQualifierDesc
                0x20000248        0xa CMakeFiles/ESC.dir/Middlewares/ST/STM32_USB_Device_Library/Class/CDC/Src/usbd_cdc.c.obj
 *fill*         0x20000252        0x2 
 .data.USBD_CDC
                0x20000254       0x38 CMakeFiles/ESC.dir/Middlewares/ST/STM32_USB_Device_Library/Class/CDC/Src/usbd_cdc.c.obj
                0x20000254                USBD_CDC
 .data.USBD_CDC_CfgDesc
                0x2000028c       0x43 CMakeFiles/ESC.dir/Middlewares/ST/STM32_USB_Device_Library/Class/CDC/Src/usbd_cdc.c.obj
 .data.CDCInEpAdd
                0x200002cf        0x1 CMakeFiles/ESC.dir/Middlewares/ST/STM32_USB_Device_Library/Class/CDC/Src/usbd_cdc.c.obj
 .data.CDCOutEpAdd
                0x200002d0        0x1 CMakeFiles/ESC.dir/Middlewares/ST/STM32_USB_Device_Library/Class/CDC/Src/usbd_cdc.c.obj
 .data.CDCCmdEpAdd
                0x200002d1        0x1 CMakeFiles/ESC.dir/Middlewares/ST/STM32_USB_Device_Library/Class/CDC/Src/usbd_cdc.c.obj
                0x200002d8                        . = ALIGN (0x8)
 *fill*         0x200002d2        0x6 
                0x200002d8                        _edata = .

.tm_clone_table
                0x200002d8        0x0 load address 0x0800eff8
 .tm_clone_table
                0x200002d8        0x0 C:/PROGRA~2/ARMGNU~1/14EFD8~1.2RE/bin/../lib/gcc/arm-none-eabi/14.2.1/thumb/v7e-m+fp/hard/crtbegin.o
 .tm_clone_table
                0x200002d8        0x0 C:/PROGRA~2/ARMGNU~1/14EFD8~1.2RE/bin/../lib/gcc/arm-none-eabi/14.2.1/thumb/v7e-m+fp/hard/crtend.o

.igot.plt       0x200002d8        0x0 load address 0x0800eff8
 .igot.plt      0x200002d8        0x0 C:/PROGRA~2/ARMGNU~1/14EFD8~1.2RE/bin/../lib/gcc/arm-none-eabi/14.2.1/thumb/v7e-m+fp/hard/crtbegin.o
                0x200002d8                        . = ALIGN (0x4)

.bss            0x200002d8     0x1454 load address 0x0800eff8
                0x200002d8                        _sbss = .
                0x200002d8                        __bss_start__ = _sbss
 *(.bss)
 *(.bss*)
 .bss.completed.1
                0x200002d8        0x1 C:/PROGRA~2/ARMGNU~1/14EFD8~1.2RE/bin/../lib/gcc/arm-none-eabi/14.2.1/thumb/v7e-m+fp/hard/crtbegin.o
 *fill*         0x200002d9        0x3 
 .bss.object.0  0x200002dc       0x18 C:/PROGRA~2/ARMGNU~1/14EFD8~1.2RE/bin/../lib/gcc/arm-none-eabi/14.2.1/thumb/v7e-m+fp/hard/crtbegin.o
 .bss.__sf      0x200002f4      0x138 C:/PROGRA~2/ARMGNU~1/14EFD8~1.2RE/bin/../lib/gcc/arm-none-eabi/14.2.1/thumb/v7e-m+fp/hard\libc_nano.a(libc_a-findfp.o)
                0x200002f4                __sf
 .bss.__stdio_exit_handler
                0x2000042c        0x4 C:/PROGRA~2/ARMGNU~1/14EFD8~1.2RE/bin/../lib/gcc/arm-none-eabi/14.2.1/thumb/v7e-m+fp/hard\libc_nano.a(libc_a-findfp.o)
                0x2000042c                __stdio_exit_handler
 .bss.errno     0x20000430        0x4 C:/PROGRA~2/ARMGNU~1/14EFD8~1.2RE/bin/../lib/gcc/arm-none-eabi/14.2.1/thumb/v7e-m+fp/hard\libc_nano.a(libc_a-reent.o)
                0x20000430                errno
 .bss.__lock___malloc_recursive_mutex
                0x20000434        0x1 C:/PROGRA~2/ARMGNU~1/14EFD8~1.2RE/bin/../lib/gcc/arm-none-eabi/14.2.1/thumb/v7e-m+fp/hard\libc_nano.a(libc_a-lock.o)
                0x20000434                __lock___malloc_recursive_mutex
 .bss.__lock___sfp_recursive_mutex
                0x20000435        0x1 C:/PROGRA~2/ARMGNU~1/14EFD8~1.2RE/bin/../lib/gcc/arm-none-eabi/14.2.1/thumb/v7e-m+fp/hard\libc_nano.a(libc_a-lock.o)
                0x20000435                __lock___sfp_recursive_mutex
 *fill*         0x20000436        0x2 
 .bss.__malloc_sbrk_start
                0x20000438        0x4 C:/PROGRA~2/ARMGNU~1/14EFD8~1.2RE/bin/../lib/gcc/arm-none-eabi/14.2.1/thumb/v7e-m+fp/hard\libc_nano.a(libc_a-mallocr.o)
                0x20000438                __malloc_sbrk_start
 .bss.__malloc_free_list
                0x2000043c        0x4 C:/PROGRA~2/ARMGNU~1/14EFD8~1.2RE/bin/../lib/gcc/arm-none-eabi/14.2.1/thumb/v7e-m+fp/hard\libc_nano.a(libc_a-mallocr.o)
                0x2000043c                __malloc_free_list
 .bss.hadc1     0x20000440       0x64 CMakeFiles/ESC.dir/Src/adc.c.obj
                0x20000440                hadc1
 .bss.hi2c1     0x200004a4       0x54 CMakeFiles/ESC.dir/Src/i2c.c.obj
                0x200004a4                hi2c1
 .bss.htim1     0x200004f8       0x4c CMakeFiles/ESC.dir/Src/tim.c.obj
                0x200004f8                htim1
 .bss.hUsbDeviceFS
                0x20000544      0x2dc CMakeFiles/ESC.dir/Src/usb_device.c.obj
                0x20000544                hUsbDeviceFS
 .bss.hpcd_USB_FS
                0x20000820      0x2e0 CMakeFiles/ESC.dir/Src/usbd_conf.c.obj
                0x20000820                hpcd_USB_FS
 .bss.mem.0     0x20000b00      0x220 CMakeFiles/ESC.dir/Src/usbd_conf.c.obj
 .bss.USBD_StrDesc
                0x20000d20      0x200 CMakeFiles/ESC.dir/Src/usbd_desc.c.obj
                0x20000d20                USBD_StrDesc
 .bss.UserRxBufferFS
                0x20000f20      0x400 CMakeFiles/ESC.dir/Src/usbd_cdc_if.c.obj
                0x20000f20                UserRxBufferFS
 .bss.UserTxBufferFS
                0x20001320      0x400 CMakeFiles/ESC.dir/Src/usbd_cdc_if.c.obj
                0x20001320                UserTxBufferFS
 .bss.uwTick    0x20001720        0x4 CMakeFiles/ESC.dir/Drivers/STM32L4xx_HAL_Driver/Src/stm32l4xx_hal.c.obj
                0x20001720                uwTick
 .bss.cfgidx.0  0x20001724        0x1 CMakeFiles/ESC.dir/Middlewares/ST/STM32_USB_Device_Library/Core/Src/usbd_ctlreq.c.obj
 *fill*         0x20001725        0x3 
 .bss.__sbrk_heap_end
                0x20001728        0x4 CMakeFiles/ESC.dir/Src/sysmem.c.obj
 *(COMMON)
                0x2000172c                        . = ALIGN (0x4)
                0x2000172c                        _ebss = .
                0x2000172c                        __bss_end__ = _ebss

._user_heap_stack
                0x2000172c      0x604 load address 0x0800eff8
                0x20001730                        . = ALIGN (0x8)
 *fill*         0x2000172c        0x4 
                [!provide]                        PROVIDE (end = .)
                0x20001730                        PROVIDE (_end = .)
                0x20001930                        . = (. + _Min_Heap_Size)
 *fill*         0x20001730      0x200 
                0x20001d30                        . = (. + _Min_Stack_Size)
 *fill*         0x20001930      0x400 
                0x20001d30                        . = ALIGN (0x8)

/DISCARD/
 libc.a(*)
 libm.a(*)
 libgcc.a(*)
OUTPUT(ESC.elf elf32-littlearm)
LOAD linker stubs
LOAD C:/PROGRA~2/ARMGNU~1/14EFD8~1.2RE/bin/../lib/gcc/arm-none-eabi/14.2.1/thumb/v7e-m+fp/hard\libc.a
LOAD C:/PROGRA~2/ARMGNU~1/14EFD8~1.2RE/bin/../lib/gcc/arm-none-eabi/14.2.1/thumb/v7e-m+fp/hard\libm.a
LOAD C:/PROGRA~2/ARMGNU~1/14EFD8~1.2RE/bin/../lib/gcc/arm-none-eabi/14.2.1/thumb/v7e-m+fp/hard\libgcc.a

.ARM.attributes
                0x00000000       0x30
 .ARM.attributes
                0x00000000       0x22 C:/PROGRA~2/ARMGNU~1/14EFD8~1.2RE/bin/../lib/gcc/arm-none-eabi/14.2.1/thumb/v7e-m+fp/hard/crti.o
 .ARM.attributes
                0x00000022       0x34 C:/PROGRA~2/ARMGNU~1/14EFD8~1.2RE/bin/../lib/gcc/arm-none-eabi/14.2.1/thumb/v7e-m+fp/hard/crtbegin.o
 .ARM.attributes
                0x00000056       0x34 C:/PROGRA~2/ARMGNU~1/14EFD8~1.2RE/bin/../lib/gcc/arm-none-eabi/14.2.1/thumb/v7e-m+fp/hard\libc_nano.a(libc_a-nano-vfprintf_float.o)
 .ARM.attributes
                0x0000008a       0x34 C:/PROGRA~2/ARMGNU~1/14EFD8~1.2RE/bin/../lib/gcc/arm-none-eabi/14.2.1/thumb/v7e-m+fp/hard\libc_nano.a(libc_a-nano-vfprintf_i.o)
 .ARM.attributes
                0x000000be       0x34 C:/PROGRA~2/ARMGNU~1/14EFD8~1.2RE/bin/../lib/gcc/arm-none-eabi/14.2.1/thumb/v7e-m+fp/hard\libc_nano.a(libc_a-findfp.o)
 .ARM.attributes
                0x000000f2       0x34 C:/PROGRA~2/ARMGNU~1/14EFD8~1.2RE/bin/../lib/gcc/arm-none-eabi/14.2.1/thumb/v7e-m+fp/hard\libc_nano.a(libc_a-fwalk.o)
 .ARM.attributes
                0x00000126       0x34 C:/PROGRA~2/ARMGNU~1/14EFD8~1.2RE/bin/../lib/gcc/arm-none-eabi/14.2.1/thumb/v7e-m+fp/hard\libc_nano.a(libc_a-stdio.o)
 .ARM.attributes
                0x0000015a       0x34 C:/PROGRA~2/ARMGNU~1/14EFD8~1.2RE/bin/../lib/gcc/arm-none-eabi/14.2.1/thumb/v7e-m+fp/hard\libc_nano.a(libc_a-memset.o)
 .ARM.attributes
                0x0000018e       0x34 C:/PROGRA~2/ARMGNU~1/14EFD8~1.2RE/bin/../lib/gcc/arm-none-eabi/14.2.1/thumb/v7e-m+fp/hard\libc_nano.a(libc_a-localeconv.o)
 .ARM.attributes
                0x000001c2       0x34 C:/PROGRA~2/ARMGNU~1/14EFD8~1.2RE/bin/../lib/gcc/arm-none-eabi/14.2.1/thumb/v7e-m+fp/hard\libc_nano.a(libc_a-closer.o)
 .ARM.attributes
                0x000001f6       0x34 C:/PROGRA~2/ARMGNU~1/14EFD8~1.2RE/bin/../lib/gcc/arm-none-eabi/14.2.1/thumb/v7e-m+fp/hard\libc_nano.a(libc_a-reent.o)
 .ARM.attributes
                0x0000022a       0x34 C:/PROGRA~2/ARMGNU~1/14EFD8~1.2RE/bin/../lib/gcc/arm-none-eabi/14.2.1/thumb/v7e-m+fp/hard\libc_nano.a(libc_a-impure.o)
 .ARM.attributes
                0x0000025e       0x34 C:/PROGRA~2/ARMGNU~1/14EFD8~1.2RE/bin/../lib/gcc/arm-none-eabi/14.2.1/thumb/v7e-m+fp/hard\libc_nano.a(libc_a-lseekr.o)
 .ARM.attributes
                0x00000292       0x34 C:/PROGRA~2/ARMGNU~1/14EFD8~1.2RE/bin/../lib/gcc/arm-none-eabi/14.2.1/thumb/v7e-m+fp/hard\libc_nano.a(libc_a-readr.o)
 .ARM.attributes
                0x000002c6       0x34 C:/PROGRA~2/ARMGNU~1/14EFD8~1.2RE/bin/../lib/gcc/arm-none-eabi/14.2.1/thumb/v7e-m+fp/hard\libc_nano.a(libc_a-writer.o)
 .ARM.attributes