Archive member included to satisfy reference by file (symbol)

C:/ST/STM32CubeCLT_1.16.0/GNU-tools-for-STM32/bin/../lib/gcc/arm-none-eabi/12.3.1/../../../../arm-none-eabi/lib/thumb/v7e-m+fp/hard\libc_nano.a(libc_a-exit.o)
                              C:/ST/STM32CubeCLT_1.16.0/GNU-tools-for-STM32/bin/../lib/gcc/arm-none-eabi/12.3.1/../../../../arm-none-eabi/lib/thumb/v7e-m+fp/hard/crt0.o (exit)
C:/ST/STM32CubeCLT_1.16.0/GNU-tools-for-STM32/bin/../lib/gcc/arm-none-eabi/12.3.1/../../../../arm-none-eabi/lib/thumb/v7e-m+fp/hard\libc_nano.a(libc_a-findfp.o)
                              C:/ST/STM32CubeCLT_1.16.0/GNU-tools-for-STM32/bin/../lib/gcc/arm-none-eabi/12.3.1/../../../../arm-none-eabi/lib/thumb/v7e-m+fp/hard\libc_nano.a(libc_a-exit.o) (__stdio_exit_handler)
C:/ST/STM32CubeCLT_1.16.0/GNU-tools-for-STM32/bin/../lib/gcc/arm-none-eabi/12.3.1/../../../../arm-none-eabi/lib/thumb/v7e-m+fp/hard\libc_nano.a(libc_a-fwalk.o)
                              C:/ST/STM32CubeCLT_1.16.0/GNU-tools-for-STM32/bin/../lib/gcc/arm-none-eabi/12.3.1/../../../../arm-none-eabi/lib/thumb/v7e-m+fp/hard\libc_nano.a(libc_a-findfp.o) (_fwalk_sglue)
C:/ST/STM32CubeCLT_1.16.0/GNU-tools-for-STM32/bin/../lib/gcc/arm-none-eabi/12.3.1/../../../../arm-none-eabi/lib/thumb/v7e-m+fp/hard\libc_nano.a(libc_a-stdio.o)
                              C:/ST/STM32CubeCLT_1.16.0/GNU-tools-for-STM32/bin/../lib/gcc/arm-none-eabi/12.3.1/../../../../arm-none-eabi/lib/thumb/v7e-m+fp/hard\libc_nano.a(libc_a-findfp.o) (__sread)
C:/ST/STM32CubeCLT_1.16.0/GNU-tools-for-STM32/bin/../lib/gcc/arm-none-eabi/12.3.1/../../../../arm-none-eabi/lib/thumb/v7e-m+fp/hard\libc_nano.a(libc_a-memset.o)
                              C:/ST/STM32CubeCLT_1.16.0/GNU-tools-for-STM32/bin/../lib/gcc/arm-none-eabi/12.3.1/../../../../arm-none-eabi/lib/thumb/v7e-m+fp/hard/crt0.o (memset)
C:/ST/STM32CubeCLT_1.16.0/GNU-tools-for-STM32/bin/../lib/gcc/arm-none-eabi/12.3.1/../../../../arm-none-eabi/lib/thumb/v7e-m+fp/hard\libc_nano.a(libc_a-closer.o)
                              C:/ST/STM32CubeCLT_1.16.0/GNU-tools-for-STM32/bin/../lib/gcc/arm-none-eabi/12.3.1/../../../../arm-none-eabi/lib/thumb/v7e-m+fp/hard\libc_nano.a(libc_a-stdio.o) (_close_r)
C:/ST/STM32CubeCLT_1.16.0/GNU-tools-for-STM32/bin/../lib/gcc/arm-none-eabi/12.3.1/../../../../arm-none-eabi/lib/thumb/v7e-m+fp/hard\libc_nano.a(libc_a-reent.o)
                              C:/ST/STM32CubeCLT_1.16.0/GNU-tools-for-STM32/bin/../lib/gcc/arm-none-eabi/12.3.1/../../../../arm-none-eabi/lib/thumb/v7e-m+fp/hard\libc_nano.a(libc_a-closer.o) (errno)
C:/ST/STM32CubeCLT_1.16.0/GNU-tools-for-STM32/bin/../lib/gcc/arm-none-eabi/12.3.1/../../../../arm-none-eabi/lib/thumb/v7e-m+fp/hard\libc_nano.a(libc_a-impure.o)
                              C:/ST/STM32CubeCLT_1.16.0/GNU-tools-for-STM32/bin/../lib/gcc/arm-none-eabi/12.3.1/../../../../arm-none-eabi/lib/thumb/v7e-m+fp/hard\libc_nano.a(libc_a-reent.o) (_impure_ptr)
C:/ST/STM32CubeCLT_1.16.0/GNU-tools-for-STM32/bin/../lib/gcc/arm-none-eabi/12.3.1/../../../../arm-none-eabi/lib/thumb/v7e-m+fp/hard\libc_nano.a(libc_a-lseekr.o)
                              C:/ST/STM32CubeCLT_1.16.0/GNU-tools-for-STM32/bin/../lib/gcc/arm-none-eabi/12.3.1/../../../../arm-none-eabi/lib/thumb/v7e-m+fp/hard\libc_nano.a(libc_a-stdio.o) (_lseek_r)
C:/ST/STM32CubeCLT_1.16.0/GNU-tools-for-STM32/bin/../lib/gcc/arm-none-eabi/12.3.1/../../../../arm-none-eabi/lib/thumb/v7e-m+fp/hard\libc_nano.a(libc_a-readr.o)
                              C:/ST/STM32CubeCLT_1.16.0/GNU-tools-for-STM32/bin/../lib/gcc/arm-none-eabi/12.3.1/../../../../arm-none-eabi/lib/thumb/v7e-m+fp/hard\libc_nano.a(libc_a-stdio.o) (_read_r)
C:/ST/STM32CubeCLT_1.16.0/GNU-tools-for-STM32/bin/../lib/gcc/arm-none-eabi/12.3.1/../../../../arm-none-eabi/lib/thumb/v7e-m+fp/hard\libc_nano.a(libc_a-writer.o)
                              C:/ST/STM32CubeCLT_1.16.0/GNU-tools-for-STM32/bin/../lib/gcc/arm-none-eabi/12.3.1/../../../../arm-none-eabi/lib/thumb/v7e-m+fp/hard\libc_nano.a(libc_a-stdio.o) (_write_r)
C:/ST/STM32CubeCLT_1.16.0/GNU-tools-for-STM32/bin/../lib/gcc/arm-none-eabi/12.3.1/../../../../arm-none-eabi/lib/thumb/v7e-m+fp/hard\libc_nano.a(libc_a-init.o)
                              C:/ST/STM32CubeCLT_1.16.0/GNU-tools-for-STM32/bin/../lib/gcc/arm-none-eabi/12.3.1/../../../../arm-none-eabi/lib/thumb/v7e-m+fp/hard/crt0.o (__libc_init_array)
C:/ST/STM32CubeCLT_1.16.0/GNU-tools-for-STM32/bin/../lib/gcc/arm-none-eabi/12.3.1/../../../../arm-none-eabi/lib/thumb/v7e-m+fp/hard\libc_nano.a(libc_a-lock.o)
                              C:/ST/STM32CubeCLT_1.16.0/GNU-tools-for-STM32/bin/../lib/gcc/arm-none-eabi/12.3.1/../../../../arm-none-eabi/lib/thumb/v7e-m+fp/hard\libc_nano.a(libc_a-findfp.o) (__retarget_lock_init_recursive)
C:/ST/STM32CubeCLT_1.16.0/GNU-tools-for-STM32/bin/../lib/gcc/arm-none-eabi/12.3.1/../../../../arm-none-eabi/lib/thumb/v7e-m+fp/hard\libc_nano.a(libc_a-freer.o)
[...]
Memory Configuration

Name             Origin             Length             Attributes
RAM              0x20000000         0x00008000         xrw
RAM2             0x10000000         0x00002000         xrw
FLASH            0x08000000         0x00020000         xr
*default*        0x00000000         0xffffffff

Linker script and memory map

LOAD C:/ST/STM32CubeCLT_1.16.0/GNU-tools-for-STM32/bin/../lib/gcc/arm-none-eabi/12.3.1/thumb/v7e-m+fp/hard/crti.o
LOAD C:/ST/STM32CubeCLT_1.16.0/GNU-tools-for-STM32/bin/../lib/gcc/arm-none-eabi/12.3.1/thumb/v7e-m+fp/hard/crtbegin.o
LOAD C:/ST/STM32CubeCLT_1.16.0/GNU-tools-for-STM32/bin/../lib/gcc/arm-none-eabi/12.3.1/../../../../arm-none-eabi/lib/thumb/v7e-m+fp/hard/crt0.o
START GROUP
LOAD C:/ST/STM32CubeCLT_1.16.0/GNU-tools-for-STM32/bin/../lib/gcc/arm-none-eabi/12.3.1/../../../../arm-none-eabi/lib/thumb/v7e-m+fp/hard\libc_nano.a
LOAD C:/ST/STM32CubeCLT_1.16.0/GNU-tools-for-STM32/bin/../lib/gcc/arm-none-eabi/12.3.1/../../../../arm-none-eabi/lib/thumb/v7e-m+fp/hard\libm.a
END GROUP
LOAD CMakeFiles/ESC-FIRMWARE-V1.dir/Src/main.c.obj
LOAD CMakeFiles/ESC-FIRMWARE-V1.dir/Src/usb_device.c.obj
LOAD CMakeFiles/ESC-FIRMWARE-V1.dir/Src/usbd_conf.c.obj
LOAD CMakeFiles/ESC-FIRMWARE-V1.dir/Src/usbd_desc.c.obj
LOAD CMakeFiles/ESC-FIRMWARE-V1.dir/Src/usbd_cdc_if.c.obj
LOAD CMakeFiles/ESC-FIRMWARE-V1.dir/Src/stm32l4xx_it.c.obj
LOAD CMakeFiles/ESC-FIRMWARE-V1.dir/Src/stm32l4xx_hal_msp.c.obj
LOAD CMakeFiles/ESC-FIRMWARE-V1.dir/Drivers/STM32L4xx_HAL_Driver/Src/stm32l4xx_hal_pcd.c.obj
LOAD CMakeFiles/ESC-FIRMWARE-V1.dir/Drivers/STM32L4xx_HAL_Driver/Src/stm32l4xx_hal_pcd_ex.c.obj
LOAD CMakeFiles/ESC-FIRMWARE-V1.dir/Drivers/STM32L4xx_HAL_Driver/Src/stm32l4xx_ll_usb.c.obj
LOAD CMakeFiles/ESC-FIRMWARE-V1.dir/Drivers/STM32L4xx_HAL_Driver/Src/stm32l4xx_hal.c.obj
LOAD CMakeFiles/ESC-FIRMWARE-V1.dir/Drivers/STM32L4xx_HAL_Driver/Src/stm32l4xx_hal_rcc.c.obj
LOAD CMakeFiles/ESC-FIRMWARE-V1.dir/Drivers/STM32L4xx_HAL_Driver/Src/stm32l4xx_hal_rcc_ex.c.obj
LOAD CMakeFiles/ESC-FIRMWARE-V1.dir/Drivers/STM32L4xx_HAL_Driver/Src/stm32l4xx_hal_flash.c.obj
LOAD CMakeFiles/ESC-FIRMWARE-V1.dir/Drivers/STM32L4xx_HAL_Driver/Src/stm32l4xx_hal_flash_ex.c.obj
LOAD CMakeFiles/ESC-FIRMWARE-V1.dir/Drivers/STM32L4xx_HAL_Driver/Src/stm32l4xx_hal_flash_ramfunc.c.obj
LOAD CMakeFiles/ESC-FIRMWARE-V1.dir/Drivers/STM32L4xx_HAL_Driver/Src/stm32l4xx_hal_gpio.c.obj
LOAD CMakeFiles/ESC-FIRMWARE-V1.dir/Drivers/STM32L4xx_HAL_Driver/Src/stm32l4xx_hal_i2c.c.obj
LOAD CMakeFiles/ESC-FIRMWARE-V1.dir/Drivers/STM32L4xx_HAL_Driver/Src/stm32l4xx_hal_i2c_ex.c.obj
LOAD CMakeFiles/ESC-FIRMWARE-V1.dir/Drivers/STM32L4xx_HAL_Driver/Src/stm32l4xx_hal_dma.c.obj
LOAD CMakeFiles/ESC-FIRMWARE-V1.dir/Drivers/STM32L4xx_HAL_Driver/Src/stm32l4xx_hal_dma_ex.c.obj
LOAD CMakeFiles/ESC-FIRMWARE-V1.dir/Drivers/STM32L4xx_HAL_Driver/Src/stm32l4xx_hal_pwr.c.obj
LOAD CMakeFiles/ESC-FIRMWARE-V1.dir/Drivers/STM32L4xx_HAL_Driver/Src/stm32l4xx_hal_pwr_ex.c.obj
LOAD CMakeFiles/ESC-FIRMWARE-V1.dir/Drivers/STM32L4xx_HAL_Driver/Src/stm32l4xx_hal_cortex.c.obj
LOAD CMakeFiles/ESC-FIRMWARE-V1.dir/Drivers/STM32L4xx_HAL_Driver/Src/stm32l4xx_hal_exti.c.obj
LOAD CMakeFiles/ESC-FIRMWARE-V1.dir/Drivers/STM32L4xx_HAL_Driver/Src/stm32l4xx_hal_adc.c.obj
LOAD CMakeFiles/ESC-FIRMWARE-V1.dir/Drivers/STM32L4xx_HAL_Driver/Src/stm32l4xx_hal_adc_ex.c.obj
LOAD CMakeFiles/ESC-FIRMWARE-V1.dir/Drivers/STM32L4xx_HAL_Driver/Src/stm32l4xx_hal_tim.c.obj
LOAD CMakeFiles/ESC-FIRMWARE-V1.dir/Drivers/STM32L4xx_HAL_Driver/Src/stm32l4xx_hal_tim_ex.c.obj
LOAD CMakeFiles/ESC-FIRMWARE-V1.dir/Src/system_stm32l4xx.c.obj
LOAD CMakeFiles/ESC-FIRMWARE-V1.dir/Middlewares/ST/STM32_USB_Device_Library/Core/Src/usbd_core.c.obj
LOAD CMakeFiles/ESC-FIRMWARE-V1.dir/Middlewares/ST/STM32_USB_Device_Library/Core/Src/usbd_ctlreq.c.obj
LOAD CMakeFiles/ESC-FIRMWARE-V1.dir/Middlewares/ST/STM32_USB_Device_Library/Core/Src/usbd_ioreq.c.obj
LOAD CMakeFiles/ESC-FIRMWARE-V1.dir/Middlewares/ST/STM32_USB_Device_Library/Class/CDC/Src/usbd_cdc.c.obj
LOAD CMakeFiles/ESC-FIRMWARE-V1.dir/Src/sysmem.c.obj
LOAD CMakeFiles/ESC-FIRMWARE-V1.dir/Src/syscalls.c.obj
LOAD CMakeFiles/ESC-FIRMWARE-V1.dir/startup_stm32l412xx.s.obj
START GROUP
LOAD C:/ST/STM32CubeCLT_1.16.0/GNU-tools-for-STM32/bin/../lib/gcc/arm-none-eabi/12.3.1/thumb/v7e-m+fp/hard\libgcc.a
LOAD C:/ST/STM32CubeCLT_1.16.0/GNU-tools-for-STM32/bin/../lib/gcc/arm-none-eabi/12.3.1/../../../../arm-none-eabi/lib/thumb/v7e-m+fp/hard\libg_nano.a
LOAD C:/ST/STM32CubeCLT_1.16.0/GNU-tools-for-STM32/bin/../lib/gcc/arm-none-eabi/12.3.1/../../../../arm-none-eabi/lib/thumb/v7e-m+fp/hard\libc_nano.a
END GROUP
START GROUP
LOAD C:/ST/STM32CubeCLT_1.16.0/GNU-tools-for-STM32/bin/../lib/gcc/arm-none-eabi/12.3.1/thumb/v7e-m+fp/hard\libgcc.a
LOAD C:/ST/STM32CubeCLT_1.16.0/GNU-tools-for-STM32/bin/../lib/gcc/arm-none-eabi/12.3.1/../../../../arm-none-eabi/lib/thumb/v7e-m+fp/hard\libc_nano.a
END GROUP
LOAD C:/ST/STM32CubeCLT_1.16.0/GNU-tools-for-STM32/bin/../lib/gcc/arm-none-eabi/12.3.1/thumb/v7e-m+fp/hard/crtend.o
LOAD C:/ST/STM32CubeCLT_1.16.0/GNU-tools-for-STM32/bin/../lib/gcc/arm-none-eabi/12.3.1/thumb/v7e-m+fp/hard/crtn.o
                0x20008000                        _estack = (ORIGIN (RAM) + LENGTH (RAM))
                0x00000200                        _Min_Heap_Size = 0x200
                0x00000400                        _Min_Stack_Size = 0x400

.isr_vector     0x08000000      0x18c
                0x08000000                        . = ALIGN (0x4)
 *(.isr_vector)
 .isr_vector    0x08000000      0x18c CMakeFiles/ESC-FIRMWARE-V1.dir/startup_stm32l412xx.s.obj
                0x08000000                g_pfnVectors
                0x0800018c                        . = ALIGN (0x4)

.text           0x08000190     0xb510
                0x08000190                        . = ALIGN (0x4)
 *(.text)
 .text          0x08000190       0x40 C:/ST/STM32CubeCLT_1.16.0/GNU-tools-for-STM32/bin/../lib/gcc/arm-none-eabi/12.3.1/thumb/v7e-m+fp/hard/crtbegin.o
 .text          0x080001d0       0xa0 C:/ST/STM32CubeCLT_1.16.0/GNU-tools-for-STM32/bin/../lib/gcc/arm-none-eabi/12.3.1/../../../../arm-none-eabi/lib/thumb/v7e-m+fp/hard\libg_nano.a(libc_a-memchr.o)
                0x080001d0                memchr
 *(.text*)
 .text.std      0x08000270       0x6c C:/ST/STM32CubeCLT_1.16.0/GNU-tools-for-STM32/bin/../lib/gcc/arm-none-eabi/12.3.1/../../../../arm-none-eabi/lib/thumb/v7e-m+fp/hard\libc_nano.a(libc_a-findfp.o)
 .text.stdio_exit_handler
                0x080002dc       0x18 C:/ST/STM32CubeCLT_1.16.0/GNU-tools-for-STM32/bin/../lib/gcc/arm-none-eabi/12.3.1/../../../../arm-none-eabi/lib/thumb/v7e-m+fp/hard\libc_nano.a(libc_a-findfp.o)
 .text.cleanup_stdio
                0x080002f4       0x40 C:/ST/STM32CubeCLT_1.16.0/GNU-tools-for-STM32/bin/../lib/gcc/arm-none-eabi/12.3.1/../../../../arm-none-eabi/lib/thumb/v7e-m+fp/hard\libc_nano.a(libc_a-findfp.o)
 .text.global_stdio_init.part.0
                0x08000334       0x3c C:/ST/STM32CubeCLT_1.16.0/GNU-tools-for-STM32/bin/../lib/gcc/arm-none-eabi/12.3.1/../../../../arm-none-eabi/lib/thumb/v7e-m+fp/hard\libc_nano.a(libc_a-findfp.o)
 .text.__sfp_lock_acquire
                0x08000370        0xc C:/ST/STM32CubeCLT_1.16.0/GNU-tools-for-STM32/bin/../lib/gcc/arm-none-eabi/12.3.1/../../../../arm-none-eabi/lib/thumb/v7e-m+fp/hard\libc_nano.a(libc_a-findfp.o)
                0x08000370                __sfp_lock_acquire
 .text.__sfp_lock_release
                0x0800037c        0xc C:/ST/STM32CubeCLT_1.16.0/GNU-tools-for-STM32/bin/../lib/gcc/arm-none-eabi/12.3.1/../../../../arm-none-eabi/lib/thumb/v7e-m+fp/hard\libc_nano.a(libc_a-findfp.o)
                0x0800037c                __sfp_lock_release
 .text.__sinit  0x08000388       0x30 C:/ST/STM32CubeCLT_1.16.0/GNU-tools-for-STM32/bin/../lib/gcc/arm-none-eabi/12.3.1/../../../../arm-none-eabi/lib/thumb/v7e-m+fp/hard\libc_nano.a(libc_a-findfp.o)
                0x08000388                __sinit
 .text._fwalk_sglue
                0x080003b8       0x3c C:/ST/STM32CubeCLT_1.16.0/GNU-tools-for-STM32/bin/../lib/gcc/arm-none-eabi/12.3.1/../../../../arm-none-eabi/lib/thumb/v7e-m+fp/hard\libc_nano.a(libc_a-fwalk.o)
                0x080003b8                _fwalk_sglue
 .text.__sread  0x080003f4       0x22 C:/ST/STM32CubeCLT_1.16.0/GNU-tools-for-STM32/bin/../lib/gcc/arm-none-eabi/12.3.1/../../../../arm-none-eabi/lib/thumb/v7e-m+fp/hard\libc_nano.a(libc_a-stdio.o)
                0x080003f4                __sread
 .text.__swrite
                0x08000416       0x38 C:/ST/STM32CubeCLT_1.16.0/GNU-tools-for-STM32/bin/../lib/gcc/arm-none-eabi/12.3.1/../../../../arm-none-eabi/lib/thumb/v7e-m+fp/hard\libc_nano.a(libc_a-stdio.o)
                0x08000416                __swrite
 .text.__sseek  0x0800044e       0x24 C:/ST/STM32CubeCLT_1.16.0/GNU-tools-for-STM32/bin/../lib/gcc/arm-none-eabi/12.3.1/../../../../arm-none-eabi/lib/thumb/v7e-m+fp/hard\libc_nano.a(libc_a-stdio.o)
                0x0800044e                __sseek
 .text.__sclose
                0x08000472        0x8 C:/ST/STM32CubeCLT_1.16.0/GNU-tools-for-STM32/bin/../lib/gcc/arm-none-eabi/12.3.1/../../../../arm-none-eabi/lib/thumb/v7e-m+fp/hard\libc_nano.a(libc_a-stdio.o)
                0x08000472                __sclose
 .text.memset   0x0800047a       0x10 C:/ST/STM32CubeCLT_1.16.0/GNU-tools-for-STM32/bin/../lib/gcc/arm-none-eabi/12.3.1/../../../../arm-none-eabi/lib/thumb/v7e-m+fp/hard\libc_nano.a(libc_a-memset.o)
                0x0800047a                memset
 *fill*         0x0800048a        0x2 
 .text._close_r
                0x0800048c       0x20 C:/ST/STM32CubeCLT_1.16.0/GNU-tools-for-STM32/bin/../lib/gcc/arm-none-eabi/12.3.1/../../../../arm-none-eabi/lib/thumb/v7e-m+fp/hard\libc_nano.a(libc_a-closer.o)
                0x0800048c                _close_r
 .text._lseek_r
                0x080004ac       0x24 C:/ST/STM32CubeCLT_1.16.0/GNU-tools-for-STM32/bin/../lib/gcc/arm-none-eabi/12.3.1/../../../../arm-none-eabi/lib/thumb/v7e-m+fp/hard\libc_nano.a(libc_a-lseekr.o)
                0x080004ac                _lseek_r
 .text._read_r  0x080004d0       0x24 C:/ST/STM32CubeCLT_1.16.0/GNU-tools-for-STM32/bin/../lib/gcc/arm-none-eabi/12.3.1/../../../../arm-none-eabi/lib/thumb/v7e-m+fp/hard\libc_nano.a(libc_a-readr.o)
                0x080004d0                _read_r
 .text._write_r
                0x080004f4       0x24 C:/ST/STM32CubeCLT_1.16.0/GNU-tools-for-STM32/bin/../lib/gcc/arm-none-eabi/12.3.1/../../../../arm-none-eabi/lib/thumb/v7e-m+fp/hard\libc_nano.a(libc_a-writer.o)
                0x080004f4                _write_r
 .text.__libc_init_array
                0x08000518       0x48 C:/ST/STM32CubeCLT_1.16.0/GNU-tools-for-STM32/bin/../lib/gcc/arm-none-eabi/12.3.1/../../../../arm-none-eabi/lib/thumb/v7e-m+fp/hard\libc_nano.a(libc_a-init.o)
                0x08000518                __libc_init_array
 .text.__retarget_lock_init_recursive
                0x08000560        0x2 C:/ST/STM32CubeCLT_1.16.0/GNU-tools-for-STM32/bin/../lib/gcc/arm-none-eabi/12.3.1/../../../../arm-none-eabi/lib/thumb/v7e-m+fp/hard\libc_nano.a(libc_a-lock.o)
                0x08000560                __retarget_lock_init_recursive
 .text.__retarget_lock_acquire_recursive
                0x08000562        0x2 C:/ST/STM32CubeCLT_1.16.0/GNU-tools-for-STM32/bin/../lib/gcc/arm-none-eabi/12.3.1/../../../../arm-none-eabi/lib/thumb/v7e-m+fp/hard\libc_nano.a(libc_a-lock.o)
                0x08000562                __retarget_lock_acquire_recursive
 .text.__retarget_lock_release_recursive
                0x08000564        0x2 C:/ST/STM32CubeCLT_1.16.0/GNU-tools-for-STM32/bin/../lib/gcc/arm-none-eabi/12.3.1/../../../../arm-none-eabi/lib/thumb/v7e-m+fp/hard\libc_nano.a(libc_a-lock.o)
                0x08000564                __retarget_lock_release_recursive
 *fill*         0x08000566        0x2 
 .text._free_r  0x08000568       0x94 C:/ST/STM32CubeCLT_1.16.0/GNU-tools-for-STM32/bin/../lib/gcc/arm-none-eabi/12.3.1/../../../../arm-none-eabi/lib/thumb/v7e-m+fp/hard\libc_nano.a(libc_a-freer.o)
                0x08000568                _free_r
 .text.sbrk_aligned
                0x080005fc       0x44 C:/ST/STM32CubeCLT_1.16.0/GNU-tools-for-STM32/bin/../lib/gcc/arm-none-eabi/12.3.1/../../../../arm-none-eabi/lib/thumb/v7e-m+fp/hard\libc_nano.a(libc_a-mallocr.o)
 .text._malloc_r
                0x08000640      0x100 C:/ST/STM32CubeCLT_1.16.0/GNU-tools-for-STM32/bin/../lib/gcc/arm-none-eabi/12.3.1/../../../../arm-none-eabi/lib/thumb/v7e-m+fp/hard\libc_nano.a(libc_a-mallocr.o)
                0x08000640                _malloc_r
 .text.__malloc_lock
                0x08000740        0xc C:/ST/STM32CubeCLT_1.16.0/GNU-tools-for-STM32/bin/../lib/gcc/arm-none-eabi/12.3.1/../../../../arm-none-eabi/lib/thumb/v7e-m+fp/hard\libc_nano.a(libc_a-mlock.o)
                0x08000740                __malloc_lock
 .text.__malloc_unlock
                0x0800074c        0xc C:/ST/STM32CubeCLT_1.16.0/GNU-tools-for-STM32/bin/../lib/gcc/arm-none-eabi/12.3.1/../../../../arm-none-eabi/lib/thumb/v7e-m+fp/hard\libc_nano.a(libc_a-mlock.o)
                0x0800074c                __malloc_unlock
 .text.__sflush_r
                0x08000758      0x108 C:/ST/STM32CubeCLT_1.16.0/GNU-tools-for-STM32/bin/../lib/gcc/arm-none-eabi/12.3.1/../../../../arm-none-eabi/lib/thumb/v7e-m+fp/hard\libc_nano.a(libc_a-fflush.o)
                0x08000758                __sflush_r
 .text._fflush_r
                0x08000860       0x50 C:/ST/STM32CubeCLT_1.16.0/GNU-tools-for-STM32/bin/../lib/gcc/arm-none-eabi/12.3.1/../../../../arm-none-eabi/lib/thumb/v7e-m+fp/hard\libc_nano.a(libc_a-fflush.o)
                0x08000860                _fflush_r
 .text._sbrk_r  0x080008b0       0x20 C:/ST/STM32CubeCLT_1.16.0/GNU-tools-for-STM32/bin/../lib/gcc/arm-none-eabi/12.3.1/../../../../arm-none-eabi/lib/thumb/v7e-m+fp/hard\libc_nano.a(libc_a-sbrkr.o)
                0x080008b0                _sbrk_r
 .text.main     0x080008d0       0x38 CMakeFiles/ESC-FIRMWARE-V1.dir/Src/main.c.obj
                0x080008d0                main
 .text.SystemClock_Config
                0x08000908       0xaa CMakeFiles/ESC-FIRMWARE-V1.dir/Src/main.c.obj
                0x08000908                SystemClock_Config
 *fill*         0x080009b2        0x2 
 .text.MX_ADC1_Init
                0x080009b4       0xf0 CMakeFiles/ESC-FIRMWARE-V1.dir/Src/main.c.obj
 .text.MX_I2C1_Init
                0x08000aa4       0x80 CMakeFiles/ESC-FIRMWARE-V1.dir/Src/main.c.obj
 .text.MX_TIM1_Init
                0x08000b24      0x158 CMakeFiles/ESC-FIRMWARE-V1.dir/Src/main.c.obj
 .text.MX_DMA_Init
                0x08000c7c       0x3c CMakeFiles/ESC-FIRMWARE-V1.dir/Src/main.c.obj
 .text.MX_GPIO_Init
                0x08000cb8       0x6c CMakeFiles/ESC-FIRMWARE-V1.dir/Src/main.c.obj
 .text.Error_Handler
                0x08000d24        0xc CMakeFiles/ESC-FIRMWARE-V1.dir/Src/main.c.obj
                0x08000d24                Error_Handler
 .text.MX_USB_DEVICE_Init
                0x08000d30       0x60 CMakeFiles/ESC-FIRMWARE-V1.dir/Src/usb_device.c.obj
                0x08000d30                MX_USB_DEVICE_Init
 .text.HAL_PCD_MspInit
                0x08000d90       0xc4 CMakeFiles/ESC-FIRMWARE-V1.dir/Src/usbd_conf.c.obj
                0x08000d90                HAL_PCD_MspInit
 .text.HAL_PCD_SetupStageCallback
                0x08000e54       0x24 CMakeFiles/ESC-FIRMWARE-V1.dir/Src/usbd_conf.c.obj
                0x08000e54                HAL_PCD_SetupStageCallback
 .text.HAL_PCD_DataOutStageCallback
                0x08000e78       0x36 CMakeFiles/ESC-FIRMWARE-V1.dir/Src/usbd_conf.c.obj
                0x08000e78                HAL_PCD_DataOutStageCallback
 .text.HAL_PCD_DataInStageCallback
                0x08000eae       0x34 CMakeFiles/ESC-FIRMWARE-V1.dir/Src/usbd_conf.c.obj
                0x08000eae                HAL_PCD_DataInStageCallback
 .text.HAL_PCD_SOFCallback
                0x08000ee2       0x1c CMakeFiles/ESC-FIRMWARE-V1.dir/Src/usbd_conf.c.obj
                0x08000ee2                HAL_PCD_SOFCallback
 .text.HAL_PCD_ResetCallback
                0x08000efe       0x3c CMakeFiles/ESC-FIRMWARE-V1.dir/Src/usbd_conf.c.obj
                0x08000efe                HAL_PCD_ResetCallback
 *fill*         0x08000f3a        0x2 
 .text.HAL_PCD_SuspendCallback
                0x08000f3c       0x34 CMakeFiles/ESC-FIRMWARE-V1.dir/Src/usbd_conf.c.obj
                0x08000f3c                HAL_PCD_SuspendCallback
 .text.HAL_PCD_ResumeCallback
                0x08000f70       0x38 CMakeFiles/ESC-FIRMWARE-V1.dir/Src/usbd_conf.c.obj
                0x08000f70                HAL_PCD_ResumeCallback
 .text.USBD_LL_Init
                0x08000fa8       0xc4 CMakeFiles/ESC-FIRMWARE-V1.dir/Src/usbd_conf.c.obj
                0x08000fa8                USBD_LL_Init
 .text.USBD_LL_Start
                0x0800106c       0x64 CMakeFiles/ESC-FIRMWARE-V1.dir/Src/usbd_conf.c.obj
                0x0800106c                USBD_LL_Start
 .text.USBD_LL_OpenEP
                0x080010d0       0x7c CMakeFiles/ESC-FIRMWARE-V1.dir/Src/usbd_conf.c.obj
                0x080010d0                USBD_LL_OpenEP
 .text.USBD_LL_CloseEP
                0x0800114c       0x6c CMakeFiles/ESC-FIRMWARE-V1.dir/Src/usbd_conf.c.obj
                0x0800114c                USBD_LL_CloseEP
 .text.USBD_LL_StallEP
                0x080011b8       0x6c CMakeFiles/ESC-FIRMWARE-V1.dir/Src/usbd_conf.c.obj
                0x080011b8                USBD_LL_StallEP
 .text.USBD_LL_ClearStallEP
                0x08001224       0x6c CMakeFiles/ESC-FIRMWARE-V1.dir/Src/usbd_conf.c.obj
                0x08001224                USBD_LL_ClearStallEP
 .text.USBD_LL_IsStallEP
                0x08001290       0x58 CMakeFiles/ESC-FIRMWARE-V1.dir/Src/usbd_conf.c.obj
                0x08001290                USBD_LL_IsStallEP
 .text.USBD_LL_SetUSBAddress
                0x080012e8       0x6c CMakeFiles/ESC-FIRMWARE-V1.dir/Src/usbd_conf.c.obj
                0x080012e8                USBD_LL_SetUSBAddress
 .text.USBD_LL_Transmit
                0x08001354       0x70 CMakeFiles/ESC-FIRMWARE-V1.dir/Src/usbd_conf.c.obj
                0x08001354                USBD_LL_Transmit
 .text.USBD_LL_PrepareReceive
                0x080013c4       0x70 CMakeFiles/ESC-FIRMWARE-V1.dir/Src/usbd_conf.c.obj
                0x080013c4                USBD_LL_PrepareReceive
 .text.USBD_LL_GetRxDataSize
                0x08001434       0x26 CMakeFiles/ESC-FIRMWARE-V1.dir/Src/usbd_conf.c.obj
                0x08001434                USBD_LL_GetRxDataSize
 *fill*         0x0800145a        0x2 
 .text.HAL_PCDEx_LPM_Callback
                0x0800145c       0x6c CMakeFiles/ESC-FIRMWARE-V1.dir/Src/usbd_conf.c.obj
                0x0800145c                HAL_PCDEx_LPM_Callback
 .text.USBD_static_malloc
                0x080014c8       0x1c CMakeFiles/ESC-FIRMWARE-V1.dir/Src/usbd_conf.c.obj
                0x080014c8                USBD_static_malloc
 .text.USBD_static_free
                0x080014e4       0x14 CMakeFiles/ESC-FIRMWARE-V1.dir/Src/usbd_conf.c.obj
                0x080014e4                USBD_static_free
 .text.SystemClockConfig_Resume
                0x080014f8        0xc CMakeFiles/ESC-FIRMWARE-V1.dir/Src/usbd_conf.c.obj
 .text.USBD_FS_DeviceDescriptor
                0x08001504       0x24 CMakeFiles/ESC-FIRMWARE-V1.dir/Src/usbd_desc.c.obj
                0x08001504                USBD_FS_DeviceDescriptor
 .text.USBD_FS_LangIDStrDescriptor
                0x08001528       0x24 CMakeFiles/ESC-FIRMWARE-V1.dir/Src/usbd_desc.c.obj
                0x08001528                USBD_FS_LangIDStrDescriptor
 .text.USBD_FS_ProductStrDescriptor
                0x0800154c       0x3c CMakeFiles/ESC-FIRMWARE-V1.dir/Src/usbd_desc.c.obj
                0x0800154c                USBD_FS_ProductStrDescriptor
 .text.USBD_FS_ManufacturerStrDescriptor
                0x08001588       0x28 CMakeFiles/ESC-FIRMWARE-V1.dir/Src/usbd_desc.c.obj
                0x08001588                USBD_FS_ManufacturerStrDescriptor
 .text.USBD_FS_SerialStrDescriptor
                0x080015b0       0x24 CMakeFiles/ESC-FIRMWARE-V1.dir/Src/usbd_desc.c.obj
                0x080015b0                USBD_FS_SerialStrDescriptor
 .text.USBD_FS_ConfigStrDescriptor
                0x080015d4       0x3c CMakeFiles/ESC-FIRMWARE-V1.dir/Src/usbd_desc.c.obj
                0x080015d4                USBD_FS_ConfigStrDescriptor
 .text.USBD_FS_InterfaceStrDescriptor
                0x08001610       0x3c CMakeFiles/ESC-FIRMWARE-V1.dir/Src/usbd_desc.c.obj
                0x08001610                USBD_FS_InterfaceStrDescriptor
 .text.USBD_FS_USR_BOSDescriptor
                0x0800164c       0x24 CMakeFiles/ESC-FIRMWARE-V1.dir/Src/usbd_desc.c.obj
                0x0800164c                USBD_FS_USR_BOSDescriptor
 .text.Get_SerialNum
                0x08001670       0x58 CMakeFiles/ESC-FIRMWARE-V1.dir/Src/usbd_desc.c.obj
 .text.IntToUnicode
                0x080016c8       0x7e CMakeFiles/ESC-FIRMWARE-V1.dir/Src/usbd_desc.c.obj
 *fill*         0x08001746        0x2 
 .text.CDC_Init_FS
                0x08001748       0x28 CMakeFiles/ESC-FIRMWARE-V1.dir/Src/usbd_cdc_if.c.obj
 .text.CDC_DeInit_FS
                0x08001770       0x10 CMakeFiles/ESC-FIRMWARE-V1.dir/Src/usbd_cdc_if.c.obj
 .text.CDC_Control_FS
                0x08001780       0xbc CMakeFiles/ESC-FIRMWARE-V1.dir/Src/usbd_cdc_if.c.obj
 .text.CDC_Receive_FS
                0x0800183c       0x28 CMakeFiles/ESC-FIRMWARE-V1.dir/Src/usbd_cdc_if.c.obj
 .text.CDC_TransmitCplt_FS
                0x08001864       0x22 CMakeFiles/ESC-FIRMWARE-V1.dir/Src/usbd_cdc_if.c.obj
 .text.NMI_Handler
                0x08001886        0x8 CMakeFiles/ESC-FIRMWARE-V1.dir/Src/stm32l4xx_it.c.obj
                0x08001886                NMI_Handler
 .text.HardFault_Handler
                0x0800188e        0x8 CMakeFiles/ESC-FIRMWARE-V1.dir/Src/stm32l4xx_it.c.obj
                0x0800188e                HardFault_Handler
 .text.MemManage_Handler
                0x08001896        0x8 CMakeFiles/ESC-FIRMWARE-V1.dir/Src/stm32l4xx_it.c.obj
                0x08001896                MemManage_Handler
 .text.BusFault_Handler
                0x0800189e        0x8 CMakeFiles/ESC-FIRMWARE-V1.dir/Src/stm32l4xx_it.c.obj
                0x0800189e                BusFault_Handler
 .text.UsageFault_Handler
                0x080018a6        0x8 CMakeFiles/ESC-FIRMWARE-V1.dir/Src/stm32l4xx_it.c.obj
                0x080018a6                UsageFault_Handler
 .text.SVC_Handler
                0x080018ae        0xe CMakeFiles/ESC-FIRMWARE-V1.dir/Src/stm32l4xx_it.c.obj
                0x080018ae                SVC_Handler
 .text.DebugMon_Handler
                0x080018bc        0xe CMakeFiles/ESC-FIRMWARE-V1.dir/Src/stm32l4xx_it.c.obj
                0x080018bc                DebugMon_Handler
 .text.PendSV_Handler
                0x080018ca        0xe CMakeFiles/ESC-FIRMWARE-V1.dir/Src/stm32l4xx_it.c.obj
                0x080018ca                PendSV_Handler
 .text.SysTick_Handler
                0x080018d8        0xc CMakeFiles/ESC-FIRMWARE-V1.dir/Src/stm32l4xx_it.c.obj
                0x080018d8                SysTick_Handler
 .text.DMA1_Channel1_IRQHandler
                0x080018e4       0x14 CMakeFiles/ESC-FIRMWARE-V1.dir/Src/stm32l4xx_it.c.obj
                0x080018e4                DMA1_Channel1_IRQHandler
 .text.USB_IRQHandler
                0x080018f8       0x14 CMakeFiles/ESC-FIRMWARE-V1.dir/Src/stm32l4xx_it.c.obj
                0x080018f8                USB_IRQHandler
 .text.HAL_MspInit
                0x0800190c       0x48 CMakeFiles/ESC-FIRMWARE-V1.dir/Src/stm32l4xx_hal_msp.c.obj
                0x0800190c                HAL_MspInit
 .text.HAL_ADC_MspInit
                0x08001954       0xdc CMakeFiles/ESC-FIRMWARE-V1.dir/Src/stm32l4xx_hal_msp.c.obj
                0x08001954                HAL_ADC_MspInit
 .text.HAL_I2C_MspInit
                0x08001a30       0xb0 CMakeFiles/ESC-FIRMWARE-V1.dir/Src/stm32l4xx_hal_msp.c.obj
                0x08001a30                HAL_I2C_MspInit
 .text.HAL_TIM_Base_MspInit
                0x08001ae0       0x40 CMakeFiles/ESC-FIRMWARE-V1.dir/Src/stm32l4xx_hal_msp.c.obj
                0x08001ae0                HAL_TIM_Base_MspInit
 .text.HAL_TIM_MspPostInit
                0x08001b20       0x70 CMakeFiles/ESC-FIRMWARE-V1.dir/Src/stm32l4xx_hal_msp.c.obj
                0x08001b20                HAL_TIM_MspPostInit
 .text.HAL_PCD_Init
                0x08001b90      0x1fa CMakeFiles/ESC-FIRMWARE-V1.dir/Drivers/STM32L4xx_HAL_Driver/Src/stm32l4xx_hal_pcd.c.obj
                0x08001b90                HAL_PCD_Init
 .text.HAL_PCD_Start
                0x08001d8a       0x44 CMakeFiles/ESC-FIRMWARE-V1.dir/Drivers/STM32L4xx_HAL_Driver/Src/stm32l4xx_hal_pcd.c.obj
                0x08001d8a                HAL_PCD_Start
 .text.HAL_PCD_IRQHandler
                0x08001dce      0x24e CMakeFiles/ESC-FIRMWARE-V1.dir/Drivers/STM32L4xx_HAL_Driver/Src/stm32l4xx_hal_pcd.c.obj
                0x08001dce                HAL_PCD_IRQHandler
 .text.HAL_PCD_SetAddress
                0x0800201c       0x48 CMakeFiles/ESC-FIRMWARE-V1.dir/Drivers/STM32L4xx_HAL_Driver/Src/stm32l4xx_hal_pcd.c.obj
                0x0800201c                HAL_PCD_SetAddress
 .text.HAL_PCD_EP_Open
                0x08002064       0xbe CMakeFiles/ESC-FIRMWARE-V1.dir/Drivers/STM32L4xx_HAL_Driver/Src/stm32l4xx_hal_pcd.c.obj
                0x08002064                HAL_PCD_EP_Open
 .text.HAL_PCD_EP_Close
                0x08002122       0x90 CMakeFiles/ESC-FIRMWARE-V1.dir/Drivers/STM32L4xx_HAL_Driver/Src/stm32l4xx_hal_pcd.c.obj
                0x08002122                HAL_PCD_EP_Close
 .text.HAL_PCD_EP_Receive
                0x080021b2       0x62 CMakeFiles/ESC-FIRMWARE-V1.dir/Drivers/STM32L4xx_HAL_Driver/Src/stm32l4xx_hal_pcd.c.obj
                0x080021b2                HAL_PCD_EP_Receive
 .text.HAL_PCD_EP_GetRxCount
                0x08002214       0x30 CMakeFiles/ESC-FIRMWARE-V1.dir/Drivers/STM32L4xx_HAL_Driver/Src/stm32l4xx_hal_pcd.c.obj
                0x08002214                HAL_PCD_EP_GetRxCount
 .text.HAL_PCD_EP_Transmit
                0x08002244       0x6e CMakeFiles/ESC-FIRMWARE-V1.dir/Drivers/STM32L4xx_HAL_Driver/Src/stm32l4xx_hal_pcd.c.obj
                0x08002244                HAL_PCD_EP_Transmit
 .text.HAL_PCD_EP_SetStall
                0x080022b2       0xc0 CMakeFiles/ESC-FIRMWARE-V1.dir/Drivers/STM32L4xx_HAL_Driver/Src/stm32l4xx_hal_pcd.c.obj
                0x080022b2                HAL_PCD_EP_SetStall
 .text.HAL_PCD_EP_ClrStall
                0x08002372       0xa8 CMakeFiles/ESC-FIRMWARE-V1.dir/Drivers/STM32L4xx_HAL_Driver/Src/stm32l4xx_hal_pcd.c.obj
                0x08002372                HAL_PCD_EP_ClrStall
 .text.PCD_EP_ISR_Handler
                0x0800241a      0x68e CMakeFiles/ESC-FIRMWARE-V1.dir/Drivers/STM32L4xx_HAL_Driver/Src/stm32l4xx_hal_pcd.c.obj
 .text.HAL_PCD_EP_DB_Receive
                0x08002aa8      0x212 CMakeFiles/ESC-FIRMWARE-V1.dir/Drivers/STM32L4xx_HAL_Driver/Src/stm32l4xx_hal_pcd.c.obj
 .text.HAL_PCD_EP_DB_Transmit
                0x08002cba      0x878 CMakeFiles/ESC-FIRMWARE-V1.dir/Drivers/STM32L4xx_HAL_Driver/Src/stm32l4xx_hal_pcd.c.obj
 .text.HAL_PCDEx_PMAConfig
                0x08003532       0x86 CMakeFiles/ESC-FIRMWARE-V1.dir/Drivers/STM32L4xx_HAL_Driver/Src/stm32l4xx_hal_pcd_ex.c.obj
                0x08003532                HAL_PCDEx_PMAConfig
 .text.HAL_PCDEx_ActivateLPM
                0x080035b8       0x54 CMakeFiles/ESC-FIRMWARE-V1.dir/Drivers/STM32L4xx_HAL_Driver/Src/stm32l4xx_hal_pcd_ex.c.obj
                0x080035b8                HAL_PCDEx_ActivateLPM
 .text.USB_CoreInit
                0x0800360c       0x1c CMakeFiles/ESC-FIRMWARE-V1.dir/Drivers/STM32L4xx_HAL_Driver/Src/stm32l4xx_ll_usb.c.obj
                0x0800360c                USB_CoreInit
 .text.USB_EnableGlobalInt
                0x08003628       0x2e CMakeFiles/ESC-FIRMWARE-V1.dir/Drivers/STM32L4xx_HAL_Driver/Src/stm32l4xx_ll_usb.c.obj
                0x08003628                USB_EnableGlobalInt
 .text.USB_DisableGlobalInt
                0x08003656       0x36 CMakeFiles/ESC-FIRMWARE-V1.dir/Drivers/STM32L4xx_HAL_Driver/Src/stm32l4xx_ll_usb.c.obj
                0x08003656                USB_DisableGlobalInt
 .text.USB_SetCurrentMode
                0x0800368c       0x1a CMakeFiles/ESC-FIRMWARE-V1.dir/Drivers/STM32L4xx_HAL_Driver/Src/stm32l4xx_ll_usb.c.obj
                0x0800368c                USB_SetCurrentMode
 .text.USB_DevInit
                0x080036a6       0x3c CMakeFiles/ESC-FIRMWARE-V1.dir/Drivers/STM32L4xx_HAL_Driver/Src/stm32l4xx_ll_usb.c.obj
                0x080036a6                USB_DevInit
 *fill*         0x080036e2        0x2 
 .text.USB_ActivateEndpoint
                0x080036e4      0x9d0 CMakeFiles/ESC-FIRMWARE-V1.dir/Drivers/STM32L4xx_HAL_Driver/Src/stm32l4xx_ll_usb.c.obj
                0x080036e4                USB_ActivateEndpoint
 .text.USB_DeactivateEndpoint
                0x080040b4      0x3da CMakeFiles/ESC-FIRMWARE-V1.dir/Drivers/STM32L4xx_HAL_Driver/Src/stm32l4xx_ll_usb.c.obj
                0x080040b4                USB_DeactivateEndpoint
 .text.USB_EPStartXfer
                0x0800448e      0xb5e CMakeFiles/ESC-FIRMWARE-V1.dir/Drivers/STM32L4xx_HAL_Driver/Src/stm32l4xx_ll_usb.c.obj
                0x0800448e                USB_EPStartXfer
 .text.USB_EPSetStall
                0x08004fec       0xa2 CMakeFiles/ESC-FIRMWARE-V1.dir/Drivers/STM32L4xx_HAL_Driver/Src/stm32l4xx_ll_usb.c.obj
                0x08004fec                USB_EPSetStall
 .text.USB_EPClearStall
                0x0800508e      0x152 CMakeFiles/ESC-FIRMWARE-V1.dir/Drivers/STM32L4xx_HAL_Driver/Src/stm32l4xx_ll_usb.c.obj
                0x0800508e                USB_EPClearStall
 .text.USB_SetDevAddress
                0x080051e0       0x28 CMakeFiles/ESC-FIRMWARE-V1.dir/Drivers/STM32L4xx_HAL_Driver/Src/stm32l4xx_ll_usb.c.obj
                0x080051e0                USB_SetDevAddress
 .text.USB_DevConnect
                0x08005208       0x2e CMakeFiles/ESC-FIRMWARE-V1.dir/Drivers/STM32L4xx_HAL_Driver/Src/stm32l4xx_ll_usb.c.obj
                0x08005208                USB_DevConnect
 .text.USB_DevDisconnect
                0x08005236       0x2a CMakeFiles/ESC-FIRMWARE-V1.dir/Drivers/STM32L4xx_HAL_Driver/Src/stm32l4xx_ll_usb.c.obj
                0x08005236                USB_DevDisconnect
 .text.USB_ReadInterrupts
                0x08005260       0x20 CMakeFiles/ESC-FIRMWARE-V1.dir/Drivers/STM32L4xx_HAL_Driver/Src/stm32l4xx_ll_usb.c.obj
                0x08005260                USB_ReadInterrupts
 .text.USB_EP0_OutStart
                0x08005280       0x18 CMakeFiles/ESC-FIRMWARE-V1.dir/Drivers/STM32L4xx_HAL_Driver/Src/stm32l4xx_ll_usb.c.obj
                0x08005280                USB_EP0_OutStart
 .text.USB_WritePMA
                0x08005298       0x84 CMakeFiles/ESC-FIRMWARE-V1.dir/Drivers/STM32L4xx_HAL_Driver/Src/stm32l4xx_ll_usb.c.obj
                0x08005298                USB_WritePMA
 .text.USB_ReadPMA
                0x0800531c       0x98 CMakeFiles/ESC-FIRMWARE-V1.dir/Drivers/STM32L4xx_HAL_Driver/Src/stm32l4xx_ll_usb.c.obj
                0x0800531c                USB_ReadPMA
 .text.HAL_Init
                0x080053b4       0x30 CMakeFiles/ESC-FIRMWARE-V1.dir/Drivers/STM32L4xx_HAL_Driver/Src/stm32l4xx_hal.c.obj
                0x080053b4                HAL_Init
 .text.HAL_InitTick
                0x080053e4       0x78 CMakeFiles/ESC-FIRMWARE-V1.dir/Drivers/STM32L4xx_HAL_Driver/Src/stm32l4xx_hal.c.obj
                0x080053e4                HAL_InitTick
 .text.HAL_IncTick
                0x0800545c       0x28 CMakeFiles/ESC-FIRMWARE-V1.dir/Drivers/STM32L4xx_HAL_Driver/Src/stm32l4xx_hal.c.obj
                0x0800545c                HAL_IncTick
 .text.HAL_GetTick
                0x08005484       0x18 CMakeFiles/ESC-FIRMWARE-V1.dir/Drivers/STM32L4xx_HAL_Driver/Src/stm32l4xx_hal.c.obj
                0x08005484                HAL_GetTick
 .text.HAL_Delay
                0x0800549c       0x48 CMakeFiles/ESC-FIRMWARE-V1.dir/Drivers/STM32L4xx_HAL_Driver/Src/stm32l4xx_hal.c.obj
                0x0800549c                HAL_Delay
 .text.HAL_RCC_OscConfig
                0x080054e4      0x8c4 CMakeFiles/ESC-FIRMWARE-V1.dir/Drivers/STM32L4xx_HAL_Driver/Src/stm32l4xx_hal_rcc.c.obj
                0x080054e4                HAL_RCC_OscConfig
 .text.HAL_RCC_ClockConfig
                0x08005da8      0x200 CMakeFiles/ESC-FIRMWARE-V1.dir/Drivers/STM32L4xx_HAL_Driver/Src/stm32l4xx_hal_rcc.c.obj
                0x08005da8                HAL_RCC_ClockConfig
 .text.HAL_RCC_GetSysClockFreq
                0x08005fa8      0x118 CMakeFiles/ESC-FIRMWARE-V1.dir/Drivers/STM32L4xx_HAL_Driver/Src/stm32l4xx_hal_rcc.c.obj
                0x08005fa8                HAL_RCC_GetSysClockFreq
 .text.RCC_SetFlashLatencyFromMSIRange
                0x080060c0       0xc0 CMakeFiles/ESC-FIRMWARE-V1.dir/Drivers/STM32L4xx_HAL_Driver/Src/stm32l4xx_hal_rcc.c.obj
 .text.HAL_RCCEx_PeriphCLKConfig
                0x08006180      0x30c CMakeFiles/ESC-FIRMWARE-V1.dir/Drivers/STM32L4xx_HAL_Driver/Src/stm32l4xx_hal_rcc_ex.c.obj
                0x08006180                HAL_RCCEx_PeriphCLKConfig
 .text.HAL_GPIO_Init
                0x0800648c      0x2e4 CMakeFiles/ESC-FIRMWARE-V1.dir/Drivers/STM32L4xx_HAL_Driver/Src/stm32l4xx_hal_gpio.c.obj
                0x0800648c                HAL_GPIO_Init
 .text.HAL_I2C_Init
                0x08006770      0x136 CMakeFiles/ESC-FIRMWARE-V1.dir/Drivers/STM32L4xx_HAL_Driver/Src/stm32l4xx_hal_i2c.c.obj
                0x08006770                HAL_I2C_Init
 .text.HAL_I2CEx_ConfigAnalogFilter
                0x080068a6       0x96 CMakeFiles/ESC-FIRMWARE-V1.dir/Drivers/STM32L4xx_HAL_Driver/Src/stm32l4xx_hal_i2c_ex.c.obj
                0x080068a6                HAL_I2CEx_ConfigAnalogFilter
 .text.HAL_I2CEx_ConfigDigitalFilter
                0x0800693c       0x98 CMakeFiles/ESC-FIRMWARE-V1.dir/Drivers/STM32L4xx_HAL_Driver/Src/stm32l4xx_hal_i2c_ex.c.obj
                0x0800693c                HAL_I2CEx_ConfigDigitalFilter
 .text.HAL_DMA_Init
                0x080069d4      0x170 CMakeFiles/ESC-FIRMWARE-V1.dir/Drivers/STM32L4xx_HAL_Driver/Src/stm32l4xx_hal_dma.c.obj
                0x080069d4                HAL_DMA_Init
 .text.HAL_DMA_IRQHandler
                0x08006b44      0x15e CMakeFiles/ESC-FIRMWARE-V1.dir/Drivers/STM32L4xx_HAL_Driver/Src/stm32l4xx_hal_dma.c.obj
                0x08006b44                HAL_DMA_IRQHandler
 *fill*         0x08006ca2        0x2 
 .text.HAL_PWREx_GetVoltageRange
                0x08006ca4       0x1c CMakeFiles/ESC-FIRMWARE-V1.dir/Drivers/STM32L4xx_HAL_Driver/Src/stm32l4xx_hal_pwr_ex.c.obj
                0x08006ca4                HAL_PWREx_GetVoltageRange
 .text.HAL_PWREx_ControlVoltageScaling
                0x08006cc0       0xac CMakeFiles/ESC-FIRMWARE-V1.dir/Drivers/STM32L4xx_HAL_Driver/Src/stm32l4xx_hal_pwr_ex.c.obj
                0x08006cc0                HAL_PWREx_ControlVoltageScaling
 .text.HAL_PWREx_EnableVddUSB
                0x08006d6c       0x20 CMakeFiles/ESC-FIRMWARE-V1.dir/Drivers/STM32L4xx_HAL_Driver/Src/stm32l4xx_hal_pwr_ex.c.obj
                0x08006d6c                HAL_PWREx_EnableVddUSB
 .text.__NVIC_SetPriorityGrouping
                0x08006d8c       0x48 CMakeFiles/ESC-FIRMWARE-V1.dir/Drivers/STM32L4xx_HAL_Driver/Src/stm32l4xx_hal_cortex.c.obj
 .text.__NVIC_GetPriorityGrouping
                0x08006dd4       0x1c CMakeFiles/ESC-FIRMWARE-V1.dir/Drivers/STM32L4xx_HAL_Driver/Src/stm32l4xx_hal_cortex.c.obj
 .text.__NVIC_EnableIRQ
                0x08006df0       0x3c CMakeFiles/ESC-FIRMWARE-V1.dir/Drivers/STM32L4xx_HAL_Driver/Src/stm32l4xx_hal_cortex.c.obj
 .text.__NVIC_SetPriority
                0x08006e2c       0x54 CMakeFiles/ESC-FIRMWARE-V1.dir/Drivers/STM32L4xx_HAL_Driver/Src/stm32l4xx_hal_cortex.c.obj
 .text.NVIC_EncodePriority
                0x08006e80       0x66 CMakeFiles/ESC-FIRMWARE-V1.dir/Drivers/STM32L4xx_HAL_Driver/Src/stm32l4xx_hal_cortex.c.obj
 *fill*         0x08006ee6        0x2 
 .text.SysTick_Config
                0x08006ee8       0x44 CMakeFiles/ESC-FIRMWARE-V1.dir/Drivers/STM32L4xx_HAL_Driver/Src/stm32l4xx_hal_cortex.c.obj
 .text.HAL_NVIC_SetPriorityGrouping
                0x08006f2c       0x16 CMakeFiles/ESC-FIRMWARE-V1.dir/Drivers/STM32L4xx_HAL_Driver/Src/stm32l4xx_hal_cortex.c.obj
                0x08006f2c                HAL_NVIC_SetPriorityGrouping
 .text.HAL_NVIC_SetPriority
                0x08006f42       0x38 CMakeFiles/ESC-FIRMWARE-V1.dir/Drivers/STM32L4xx_HAL_Driver/Src/stm32l4xx_hal_cortex.c.obj
                0x08006f42                HAL_NVIC_SetPriority
 .text.HAL_NVIC_EnableIRQ
                0x08006f7a       0x1c CMakeFiles/ESC-FIRMWARE-V1.dir/Drivers/STM32L4xx_HAL_Driver/Src/stm32l4xx_hal_cortex.c.obj
                0x08006f7a                HAL_NVIC_EnableIRQ
 .text.HAL_SYSTICK_Config
                0x08006f96       0x18 CMakeFiles/ESC-FIRMWARE-V1.dir/Drivers/STM32L4xx_HAL_Driver/Src/stm32l4xx_hal_cortex.c.obj
                0x08006f96                HAL_SYSTICK_Config
 .text.LL_ADC_SetCommonClock
                0x08006fae       0x26 CMakeFiles/ESC-FIRMWARE-V1.dir/Drivers/STM32L4xx_HAL_Driver/Src/stm32l4xx_hal_adc.c.obj
 .text.LL_ADC_SetCommonPathInternalCh
                0x08006fd4       0x26 CMakeFiles/ESC-FIRMWARE-V1.dir/Drivers/STM32L4xx_HAL_Driver/Src/stm32l4xx_hal_adc.c.obj
 .text.LL_ADC_GetCommonPathInternalCh
                0x08006ffa       0x1c CMakeFiles/ESC-FIRMWARE-V1.dir/Drivers/STM32L4xx_HAL_Driver/Src/stm32l4xx_hal_adc.c.obj
 *fill*         0x08007016        0x2 
 .text.LL_ADC_SetOffset
                0x08007018       0x48 CMakeFiles/ESC-FIRMWARE-V1.dir/Drivers/STM32L4xx_HAL_Driver/Src/stm32l4xx_hal_adc.c.obj
 .text.LL_ADC_GetOffsetChannel
                0x08007060       0x2c CMakeFiles/ESC-FIRMWARE-V1.dir/Drivers/STM32L4xx_HAL_Driver/Src/stm32l4xx_hal_adc.c.obj
 .text.LL_ADC_SetOffsetState
                0x0800708c       0x36 CMakeFiles/ESC-FIRMWARE-V1.dir/Drivers/STM32L4xx_HAL_Driver/Src/stm32l4xx_hal_adc.c.obj
 .text.LL_ADC_SetSamplingTimeCommonConfig
                0x080070c2       0x26 CMakeFiles/ESC-FIRMWARE-V1.dir/Drivers/STM32L4xx_HAL_Driver/Src/stm32l4xx_hal_adc.c.obj
 .text.LL_ADC_REG_SetSequencerRanks
                0x080070e8       0x58 CMakeFiles/ESC-FIRMWARE-V1.dir/Drivers/STM32L4xx_HAL_Driver/Src/stm32l4xx_hal_adc.c.obj
 .text.LL_ADC_SetChannelSamplingTime
                0x08007140       0x56 CMakeFiles/ESC-FIRMWARE-V1.dir/Drivers/STM32L4xx_HAL_Driver/Src/stm32l4xx_hal_adc.c.obj
 *fill*         0x08007196        0x2 
 .text.LL_ADC_SetChannelSingleDiff
                0x08007198       0x48 CMakeFiles/ESC-FIRMWARE-V1.dir/Drivers/STM32L4xx_HAL_Driver/Src/stm32l4xx_hal_adc.c.obj
 .text.LL_ADC_DisableDeepPowerDown
                0x080071e0       0x24 CMakeFiles/ESC-FIRMWARE-V1.dir/Drivers/STM32L4xx_HAL_Driver/Src/stm32l4xx_hal_adc.c.obj
 .text.LL_ADC_IsDeepPowerDownEnabled
                0x08007204       0x28 CMakeFiles/ESC-FIRMWARE-V1.dir/Drivers/STM32L4xx_HAL_Driver/Src/stm32l4xx_hal_adc.c.obj
 .text.LL_ADC_EnableInternalRegulator
                0x0800722c       0x28 CMakeFiles/ESC-FIRMWARE-V1.dir/Drivers/STM32L4xx_HAL_Driver/Src/stm32l4xx_hal_adc.c.obj
 .text.LL_ADC_IsInternalRegulatorEnabled
                0x08007254       0x28 CMakeFiles/ESC-FIRMWARE-V1.dir/Drivers/STM32L4xx_HAL_Driver/Src/stm32l4xx_hal_adc.c.obj
 .text.LL_ADC_IsEnabled
                0x0800727c       0x26 CMakeFiles/ESC-FIRMWARE-V1.dir/Drivers/STM32L4xx_HAL_Driver/Src/stm32l4xx_hal_adc.c.obj
 .text.LL_ADC_REG_IsConversionOngoing
                0x080072a2       0x26 CMakeFiles/ESC-FIRMWARE-V1.dir/Drivers/STM32L4xx_HAL_Driver/Src/stm32l4xx_hal_adc.c.obj
 .text.LL_ADC_INJ_IsConversionOngoing
                0x080072c8       0x26 CMakeFiles/ESC-FIRMWARE-V1.dir/Drivers/STM32L4xx_HAL_Driver/Src/stm32l4xx_hal_adc.c.obj
 *fill*         0x080072ee        0x2 
 .text.HAL_ADC_Init
                0x080072f0      0x294 CMakeFiles/ESC-FIRMWARE-V1.dir/Drivers/STM32L4xx_HAL_Driver/Src/stm32l4xx_hal_adc.c.obj
                0x080072f0                HAL_ADC_Init
 .text.HAL_ADC_ConfigChannel
                0x08007584      0x7f8 CMakeFiles/ESC-FIRMWARE-V1.dir/Drivers/STM32L4xx_HAL_Driver/Src/stm32l4xx_hal_adc.c.obj
                0x08007584                HAL_ADC_ConfigChannel
 .text.LL_ADC_IsEnabled
                0x08007d7c       0x26 CMakeFiles/ESC-FIRMWARE-V1.dir/Drivers/STM32L4xx_HAL_Driver/Src/stm32l4xx_hal_adc_ex.c.obj
 .text.LL_ADC_REG_IsConversionOngoing
                0x08007da2       0x26 CMakeFiles/ESC-FIRMWARE-V1.dir/Drivers/STM32L4xx_HAL_Driver/Src/stm32l4xx_hal_adc_ex.c.obj
 .text.HAL_ADCEx_MultiModeConfigChannel
                0x08007dc8      0x148 CMakeFiles/ESC-FIRMWARE-V1.dir/Drivers/STM32L4xx_HAL_Driver/Src/stm32l4xx_hal_adc_ex.c.obj
                0x08007dc8                HAL_ADCEx_MultiModeConfigChannel
 .text.HAL_TIM_Base_Init
                0x08007f10       0xae CMakeFiles/ESC-FIRMWARE-V1.dir/Drivers/STM32L4xx_HAL_Driver/Src/stm32l4xx_hal_tim.c.obj
                0x08007f10                HAL_TIM_Base_Init
 .text.HAL_TIM_PWM_Init
                0x08007fbe       0xae CMakeFiles/ESC-FIRMWARE-V1.dir/Drivers/STM32L4xx_HAL_Driver/Src/stm32l4xx_hal_tim.c.obj
                0x08007fbe                HAL_TIM_PWM_Init
 .text.HAL_TIM_PWM_MspInit
                0x0800806c       0x14 CMakeFiles/ESC-FIRMWARE-V1.dir/Drivers/STM32L4xx_HAL_Driver/Src/stm32l4xx_hal_tim.c.obj
                0x0800806c                HAL_TIM_PWM_MspInit
 .text.HAL_TIM_PWM_ConfigChannel
                0x08008080      0x228 CMakeFiles/ESC-FIRMWARE-V1.dir/Drivers/STM32L4xx_HAL_Driver/Src/stm32l4xx_hal_tim.c.obj
                0x08008080                HAL_TIM_PWM_ConfigChannel
 .text.HAL_TIM_ConfigClockSource
                0x080082a8      0x192 CMakeFiles/ESC-FIRMWARE-V1.dir/Drivers/STM32L4xx_HAL_Driver/Src/stm32l4xx_hal_tim.c.obj
                0x080082a8                HAL_TIM_ConfigClockSource
 *fill*         0x0800843a        0x2 
 .text.TIM_Base_SetConfig
                0x0800843c       0xe0 CMakeFiles/ESC-FIRMWARE-V1.dir/Drivers/STM32L4xx_HAL_Driver/Src/stm32l4xx_hal_tim.c.obj
                0x0800843c                TIM_Base_SetConfig
 .text.TIM_OC1_SetConfig
                0x0800851c       0xf8 CMakeFiles/ESC-FIRMWARE-V1.dir/Drivers/STM32L4xx_HAL_Driver/Src/stm32l4xx_hal_tim.c.obj
 .text.TIM_OC2_SetConfig
                0x08008614       0xf4 CMakeFiles/ESC-FIRMWARE-V1.dir/Drivers/STM32L4xx_HAL_Driver/Src/stm32l4xx_hal_tim.c.obj
                0x08008614                TIM_OC2_SetConfig
 .text.TIM_OC3_SetConfig
                0x08008708       0xf0 CMakeFiles/ESC-FIRMWARE-V1.dir/Drivers/STM32L4xx_HAL_Driver/Src/stm32l4xx_hal_tim.c.obj
 .text.TIM_OC4_SetConfig
                0x080087f8       0xbc CMakeFiles/ESC-FIRMWARE-V1.dir/Drivers/STM32L4xx_HAL_Driver/Src/stm32l4xx_hal_tim.c.obj
 .text.TIM_OC5_SetConfig
                0x080088b4       0xb0 CMakeFiles/ESC-FIRMWARE-V1.dir/Drivers/STM32L4xx_HAL_Driver/Src/stm32l4xx_hal_tim.c.obj
 .text.TIM_OC6_SetConfig
                0x08008964       0xb4 CMakeFiles/ESC-FIRMWARE-V1.dir/Drivers/STM32L4xx_HAL_Driver/Src/stm32l4xx_hal_tim.c.obj
 .text.TIM_TI1_ConfigInputStage
                0x08008a18       0x5e CMakeFiles/ESC-FIRMWARE-V1.dir/Drivers/STM32L4xx_HAL_Driver/Src/stm32l4xx_hal_tim.c.obj
 .text.TIM_TI2_ConfigInputStage
                0x08008a76       0x60 CMakeFiles/ESC-FIRMWARE-V1.dir/Drivers/STM32L4xx_HAL_Driver/Src/stm32l4xx_hal_tim.c.obj
 .text.TIM_ITRx_SetConfig
                0x08008ad6       0x36 CMakeFiles/ESC-FIRMWARE-V1.dir/Drivers/STM32L4xx_HAL_Driver/Src/stm32l4xx_hal_tim.c.obj
 .text.TIM_ETR_SetConfig
                0x08008b0c       0x40 CMakeFiles/ESC-FIRMWARE-V1.dir/Drivers/STM32L4xx_HAL_Driver/Src/stm32l4xx_hal_tim.c.obj
                0x08008b0c                TIM_ETR_SetConfig
 .text.HAL_TIMEx_MasterConfigSynchronization
                0x08008b4c       0xcc CMakeFiles/ESC-FIRMWARE-V1.dir/Drivers/STM32L4xx_HAL_Driver/Src/stm32l4xx_hal_tim_ex.c.obj
                0x08008b4c                HAL_TIMEx_MasterConfigSynchronization
 .text.HAL_TIMEx_ConfigBreakDeadTime
                0x08008c18       0xf0 CMakeFiles/ESC-FIRMWARE-V1.dir/Drivers/STM32L4xx_HAL_Driver/Src/stm32l4xx_hal_tim_ex.c.obj
                0x08008c18                HAL_TIMEx_ConfigBreakDeadTime
 .text.SystemInit
                0x08008d08       0x24 CMakeFiles/ESC-FIRMWARE-V1.dir/Src/system_stm32l4xx.c.obj
                0x08008d08                SystemInit
 .text.USBD_Init
                0x08008d2c       0x7c CMakeFiles/ESC-FIRMWARE-V1.dir/Middlewares/ST/STM32_USB_Device_Library/Core/Src/usbd_core.c.obj
                0x08008d2c                USBD_Init
 .text.USBD_RegisterClass
                0x08008da8       0x88 CMakeFiles/ESC-FIRMWARE-V1.dir/Middlewares/ST/STM32_USB_Device_Library/Core/Src/usbd_core.c.obj
                0x08008da8                USBD_RegisterClass
 .text.USBD_Start
                0x08008e30       0x18 CMakeFiles/ESC-FIRMWARE-V1.dir/Middlewares/ST/STM32_USB_Device_Library/Core/Src/usbd_core.c.obj
                0x08008e30                USBD_Start
 .text.USBD_RunTestMode
                0x08008e48       0x16 CMakeFiles/ESC-FIRMWARE-V1.dir/Middlewares/ST/STM32_USB_Device_Library/Core/Src/usbd_core.c.obj
                0x08008e48                USBD_RunTestMode
 .text.USBD_SetClassConfig
                0x08008e5e       0x38 CMakeFiles/ESC-FIRMWARE-V1.dir/Middlewares/ST/STM32_USB_Device_Library/Core/Src/usbd_core.c.obj
                0x08008e5e                USBD_SetClassConfig
 .text.USBD_ClrClassConfig
                0x08008e96       0x34 CMakeFiles/ESC-FIRMWARE-V1.dir/Middlewares/ST/STM32_USB_Device_Library/Core/Src/usbd_core.c.obj
                0x08008e96                USBD_ClrClassConfig
 .text.USBD_LL_SetupStage
                0x08008eca       0xaa CMakeFiles/ESC-FIRMWARE-V1.dir/Middlewares/ST/STM32_USB_Device_Library/Core/Src/usbd_core.c.obj
                0x08008eca                USBD_LL_SetupStage
 .text.USBD_LL_DataOutStage
                0x08008f74      0x166 CMakeFiles/ESC-FIRMWARE-V1.dir/Middlewares/ST/STM32_USB_Device_Library/Core/Src/usbd_core.c.obj
                0x08008f74                USBD_LL_DataOutStage
 .text.USBD_LL_DataInStage
                0x080090da      0x164 CMakeFiles/ESC-FIRMWARE-V1.dir/Middlewares/ST/STM32_USB_Device_Library/Core/Src/usbd_core.c.obj
                0x080090da                USBD_LL_DataInStage
 .text.USBD_LL_Reset
                0x0800923e       0xa4 CMakeFiles/ESC-FIRMWARE-V1.dir/Middlewares/ST/STM32_USB_Device_Library/Core/Src/usbd_core.c.obj
                0x0800923e                USBD_LL_Reset
 .text.USBD_LL_SetSpeed
                0x080092e2       0x20 CMakeFiles/ESC-FIRMWARE-V1.dir/Middlewares/ST/STM32_USB_Device_Library/Core/Src/usbd_core.c.obj
                0x080092e2                USBD_LL_SetSpeed
 .text.USBD_LL_Suspend
                0x08009302       0x38 CMakeFiles/ESC-FIRMWARE-V1.dir/Middlewares/ST/STM32_USB_Device_Library/Core/Src/usbd_core.c.obj
                0x08009302                USBD_LL_Suspend
 .text.USBD_LL_Resume
                0x0800933a       0x30 CMakeFiles/ESC-FIRMWARE-V1.dir/Middlewares/ST/STM32_USB_Device_Library/Core/Src/usbd_core.c.obj
                0x0800933a                USBD_LL_Resume
 .text.USBD_LL_SOF
                0x0800936a       0x40 CMakeFiles/ESC-FIRMWARE-V1.dir/Middlewares/ST/STM32_USB_Device_Library/Core/Src/usbd_core.c.obj
                0x0800936a                USBD_LL_SOF
 .text.USBD_CoreFindIF
                0x080093aa       0x1a CMakeFiles/ESC-FIRMWARE-V1.dir/Middlewares/ST/STM32_USB_Device_Library/Core/Src/usbd_core.c.obj
                0x080093aa                USBD_CoreFindIF
 .text.USBD_CoreFindEP
                0x080093c4       0x1a CMakeFiles/ESC-FIRMWARE-V1.dir/Middlewares/ST/STM32_USB_Device_Library/Core/Src/usbd_core.c.obj
                0x080093c4                USBD_CoreFindEP
 .text.USBD_GetEpDesc
                0x080093de       0x70 CMakeFiles/ESC-FIRMWARE-V1.dir/Middlewares/ST/STM32_USB_Device_Library/Core/Src/usbd_core.c.obj
                0x080093de                USBD_GetEpDesc
 .text.USBD_GetNextDesc
                0x0800944e       0x38 CMakeFiles/ESC-FIRMWARE-V1.dir/Middlewares/ST/STM32_USB_Device_Library/Core/Src/usbd_core.c.obj
                0x0800944e                USBD_GetNextDesc
 .text.SWAPBYTE
                0x08009486       0x3c CMakeFiles/ESC-FIRMWARE-V1.dir/Middlewares/ST/STM32_USB_Device_Library/Core/Src/usbd_ctlreq.c.obj
 *fill*         0x080094c2        0x2 
 .text.USBD_StdDevReq
                0x080094c4       0xe4 CMakeFiles/ESC-FIRMWARE-V1.dir/Middlewares/ST/STM32_USB_Device_Library/Core/Src/usbd_ctlreq.c.obj
                0x080094c4                USBD_StdDevReq
 .text.USBD_StdItfReq
                0x080095a8       0xd8 CMakeFiles/ESC-FIRMWARE-V1.dir/Middlewares/ST/STM32_USB_Device_Library/Core/Src/usbd_ctlreq.c.obj
                0x080095a8                USBD_StdItfReq
 .text.USBD_StdEPReq
                0x08009680      0x33a CMakeFiles/ESC-FIRMWARE-V1.dir/Middlewares/ST/STM32_USB_Device_Library/Core/Src/usbd_ctlreq.c.obj
                0x08009680                USBD_StdEPReq
 *fill*         0x080099ba        0x2 
 .text.USBD_GetDescriptor
                0x080099bc      0x328 CMakeFiles/ESC-FIRMWARE-V1.dir/Middlewares/ST/STM32_USB_Device_Library/Core/Src/usbd_ctlreq.c.obj
 .text.USBD_SetAddress
                0x08009ce4       0x88 CMakeFiles/ESC-FIRMWARE-V1.dir/Middlewares/ST/STM32_USB_Device_Library/Core/Src/usbd_ctlreq.c.obj
 .text.USBD_SetConfig
                0x08009d6c      0x154 CMakeFiles/ESC-FIRMWARE-V1.dir/Middlewares/ST/STM32_USB_Device_Library/Core/Src/usbd_ctlreq.c.obj
 .text.USBD_GetConfig
                0x08009ec0       0x6c CMakeFiles/ESC-FIRMWARE-V1.dir/Middlewares/ST/STM32_USB_Device_Library/Core/Src/usbd_ctlreq.c.obj
 .text.USBD_GetStatus
                0x08009f2c       0x68 CMakeFiles/ESC-FIRMWARE-V1.dir/Middlewares/ST/STM32_USB_Device_Library/Core/Src/usbd_ctlreq.c.obj
 .text.USBD_SetFeature
                0x08009f94       0x52 CMakeFiles/ESC-FIRMWARE-V1.dir/Middlewares/ST/STM32_USB_Device_Library/Core/Src/usbd_ctlreq.c.obj
 .text.USBD_ClrFeature
                0x08009fe6       0x44 CMakeFiles/ESC-FIRMWARE-V1.dir/Middlewares/ST/STM32_USB_Device_Library/Core/Src/usbd_ctlreq.c.obj
 .text.USBD_ParseSetupRequest
                0x0800a02a       0x74 CMakeFiles/ESC-FIRMWARE-V1.dir/Middlewares/ST/STM32_USB_Device_Library/Core/Src/usbd_ctlreq.c.obj
                0x0800a02a                USBD_ParseSetupRequest
 .text.USBD_CtlError
                0x0800a09e       0x22 CMakeFiles/ESC-FIRMWARE-V1.dir/Middlewares/ST/STM32_USB_Device_Library/Core/Src/usbd_ctlreq.c.obj
                0x0800a09e                USBD_CtlError
 .text.USBD_GetString
                0x0800a0c0       0xa4 CMakeFiles/ESC-FIRMWARE-V1.dir/Middlewares/ST/STM32_USB_Device_Library/Core/Src/usbd_ctlreq.c.obj
                0x0800a0c0                USBD_GetString
 .text.USBD_GetLen
                0x0800a164       0x34 CMakeFiles/ESC-FIRMWARE-V1.dir/Middlewares/ST/STM32_USB_Device_Library/Core/Src/usbd_ctlreq.c.obj
 .text.USBD_CtlSendData
                0x0800a198       0x36 CMakeFiles/ESC-FIRMWARE-V1.dir/Middlewares/ST/STM32_USB_Device_Library/Core/Src/usbd_ioreq.c.obj
                0x0800a198                USBD_CtlSendData
 .text.USBD_CtlContinueSendData
                0x0800a1ce       0x22 CMakeFiles/ESC-FIRMWARE-V1.dir/Middlewares/ST/STM32_USB_Device_Library/Core/Src/usbd_ioreq.c.obj
                0x0800a1ce                USBD_CtlContinueSendData
 .text.USBD_CtlPrepareRx
                0x0800a1f0       0x3a CMakeFiles/ESC-FIRMWARE-V1.dir/Middlewares/ST/STM32_USB_Device_Library/Core/Src/usbd_ioreq.c.obj
                0x0800a1f0                USBD_CtlPrepareRx
 .text.USBD_CtlContinueRx
                0x0800a22a       0x22 CMakeFiles/ESC-FIRMWARE-V1.dir/Middlewares/ST/STM32_USB_Device_Library/Core/Src/usbd_ioreq.c.obj
                0x0800a22a                USBD_CtlContinueRx
 .text.USBD_CtlSendStatus
                0x0800a24c       0x26 CMakeFiles/ESC-FIRMWARE-V1.dir/Middlewares/ST/STM32_USB_Device_Library/Core/Src/usbd_ioreq.c.obj
                0x0800a24c                USBD_CtlSendStatus
 .text.USBD_CtlReceiveStatus
                0x0800a272       0x26 CMakeFiles/ESC-FIRMWARE-V1.dir/Middlewares/ST/STM32_USB_Device_Library/Core/Src/usbd_ioreq.c.obj
                0x0800a272                USBD_CtlReceiveStatus
 .text.USBD_CDC_Init
                0x0800a298      0x1f0 CMakeFiles/ESC-FIRMWARE-V1.dir/Middlewares/ST/STM32_USB_Device_Library/Class/CDC/Src/usbd_cdc.c.obj
 .text.USBD_CDC_DeInit
                0x0800a488      0x104 CMakeFiles/ESC-FIRMWARE-V1.dir/Middlewares/ST/STM32_USB_Device_Library/Class/CDC/Src/usbd_cdc.c.obj
 .text.USBD_CDC_Setup
                0x0800a58c      0x1b8 CMakeFiles/ESC-FIRMWARE-V1.dir/Middlewares/ST/STM32_USB_Device_Library/Class/CDC/Src/usbd_cdc.c.obj
 .text.USBD_CDC_DataIn
                0x0800a744       0xfe CMakeFiles/ESC-FIRMWARE-V1.dir/Middlewares/ST/STM32_USB_Device_Library/Class/CDC/Src/usbd_cdc.c.obj
 .text.USBD_CDC_DataOut
                0x0800a842       0x70 CMakeFiles/ESC-FIRMWARE-V1.dir/Middlewares/ST/STM32_USB_Device_Library/Class/CDC/Src/usbd_cdc.c.obj
 .text.USBD_CDC_EP0_RxReady
                0x0800a8b2       0x74 CMakeFiles/ESC-FIRMWARE-V1.dir/Middlewares/ST/STM32_USB_Device_Library/Class/CDC/Src/usbd_cdc.c.obj
 *fill*         0x0800a926        0x2 
 .text.USBD_CDC_GetFSCfgDesc
                0x0800a928       0x70 CMakeFiles/ESC-FIRMWARE-V1.dir/Middlewares/ST/STM32_USB_Device_Library/Class/CDC/Src/usbd_cdc.c.obj
 .text.USBD_CDC_GetHSCfgDesc
                0x0800a998       0x70 CMakeFiles/ESC-FIRMWARE-V1.dir/Middlewares/ST/STM32_USB_Device_Library/Class/CDC/Src/usbd_cdc.c.obj
 .text.USBD_CDC_GetOtherSpeedCfgDesc
                0x0800aa08       0x70 CMakeFiles/ESC-FIRMWARE-V1.dir/Middlewares/ST/STM32_USB_Device_Library/Class/CDC/Src/usbd_cdc.c.obj
 .text.USBD_CDC_GetDeviceQualifierDescriptor
                0x0800aa78       0x20 CMakeFiles/ESC-FIRMWARE-V1.dir/Middlewares/ST/STM32_USB_Device_Library/Class/CDC/Src/usbd_cdc.c.obj
                0x0800aa78                USBD_CDC_GetDeviceQualifierDescriptor
 .text.USBD_CDC_RegisterInterface
                0x0800aa98       0x34 CMakeFiles/ESC-FIRMWARE-V1.dir/Middlewares/ST/STM32_USB_Device_Library/Class/CDC/Src/usbd_cdc.c.obj
                0x0800aa98                USBD_CDC_RegisterInterface
 .text.USBD_CDC_SetTxBuffer
                0x0800aacc       0x44 CMakeFiles/ESC-FIRMWARE-V1.dir/Middlewares/ST/STM32_USB_Device_Library/Class/CDC/Src/usbd_cdc.c.obj
                0x0800aacc                USBD_CDC_SetTxBuffer
 .text.USBD_CDC_SetRxBuffer
                0x0800ab10       0x3a CMakeFiles/ESC-FIRMWARE-V1.dir/Middlewares/ST/STM32_USB_Device_Library/Class/CDC/Src/usbd_cdc.c.obj
                0x0800ab10                USBD_CDC_SetRxBuffer
 *fill*         0x0800ab4a        0x2 
 .text.USBD_CDC_ReceivePacket
                0x0800ab4c       0x6c CMakeFiles/ESC-FIRMWARE-V1.dir/Middlewares/ST/STM32_USB_Device_Library/Class/CDC/Src/usbd_cdc.c.obj
                0x0800ab4c                USBD_CDC_ReceivePacket
 .text._sbrk    0x0800abb8       0x6c CMakeFiles/ESC-FIRMWARE-V1.dir/Src/sysmem.c.obj
                0x0800abb8                _sbrk
 .text._read    0x0800ac24       0x3a CMakeFiles/ESC-FIRMWARE-V1.dir/Src/syscalls.c.obj
                0x0800ac24                _read
 .text._write   0x0800ac5e       0x38 CMakeFiles/ESC-FIRMWARE-V1.dir/Src/syscalls.c.obj
                0x0800ac5e                _write
 .text._close   0x0800ac96       0x18 CMakeFiles/ESC-FIRMWARE-V1.dir/Src/syscalls.c.obj
                0x0800ac96                _close
 .text._fstat   0x0800acae       0x20 CMakeFiles/ESC-FIRMWARE-V1.dir/Src/syscalls.c.obj
                0x0800acae                _fstat
 .text._isatty  0x0800acce       0x16 CMakeFiles/ESC-FIRMWARE-V1.dir/Src/syscalls.c.obj
                0x0800acce                _isatty
 .text._lseek   0x0800ace4       0x1a CMakeFiles/ESC-FIRMWARE-V1.dir/Src/syscalls.c.obj
                0x0800ace4                _lseek
 *fill*         0x0800acfe        0x2 
 .text.Reset_Handler
                0x0800ad00       0x50 CMakeFiles/ESC-FIRMWARE-V1.dir/startup_stm32l412xx.s.obj
                0x0800ad00                Reset_Handler
 .text.Default_Handler
                0x0800ad50        0x2 CMakeFiles/ESC-FIRMWARE-V1.dir/startup_stm32l412xx.s.obj
                0x0800ad50                RTC_Alarm_IRQHandler
                0x0800ad50                EXTI2_IRQHandler
                0x0800ad50                TIM1_CC_IRQHandler
                0x0800ad50                TSC_IRQHandler
                0x0800ad50                TIM6_IRQHandler
                0x0800ad50                TAMP_STAMP_IRQHandler
                0x0800ad50                EXTI3_IRQHandler
                0x0800ad50                LPTIM2_IRQHandler
                0x0800ad50                I2C3_ER_IRQHandler
                0x0800ad50                EXTI0_IRQHandler
                0x0800ad50                I2C2_EV_IRQHandler
                0x0800ad50                FPU_IRQHandler
                0x0800ad50                TIM1_UP_TIM16_IRQHandler
                0x0800ad50                ADC1_2_IRQHandler
                0x0800ad50                SPI1_IRQHandler
                0x0800ad50                DMA2_Channel2_IRQHandler
                0x0800ad50                DMA1_Channel4_IRQHandler
                0x0800ad50                USART3_IRQHandler
                0x0800ad50                DMA1_Channel7_IRQHandler
                0x0800ad50                DMA2_Channel1_IRQHandler
                0x0800ad50                QUADSPI_IRQHandler
                0x0800ad50                I2C1_EV_IRQHandler
                0x0800ad50                DMA1_Channel6_IRQHandler
                0x0800ad50                DMA2_Channel4_IRQHandler
                0x0800ad50                RCC_IRQHandler
                0x0800ad50                TIM1_TRG_COM_IRQHandler
                0x0800ad50                Default_Handler
                0x0800ad50                DMA2_Channel7_IRQHandler
                0x0800ad50                EXTI15_10_IRQHandler
                0x0800ad50                I2C3_EV_IRQHandler
                0x0800ad50                EXTI9_5_IRQHandler
                0x0800ad50                RTC_WKUP_IRQHandler
                0x0800ad50                PVD_PVM_IRQHandler
                0x0800ad50                SPI2_IRQHandler
                0x0800ad50                DMA2_Channel5_IRQHandler
                0x0800ad50                CRS_IRQHandler
                0x0800ad50                DMA1_Channel5_IRQHandler
                0x0800ad50                EXTI4_IRQHandler
                0x0800ad50                RNG_IRQHandler
                0x0800ad50                DMA1_Channel3_IRQHandler
                0x0800ad50                COMP_IRQHandler
                0x0800ad50                WWDG_IRQHandler
                0x0800ad50                LPUART1_IRQHandler
                0x0800ad50                DMA2_Channel6_IRQHandler
                0x0800ad50                TIM2_IRQHandler
                0x0800ad50                EXTI1_IRQHandler
                0x0800ad50                USART2_IRQHandler
                0x0800ad50                I2C2_ER_IRQHandler
                0x0800ad50                DMA1_Channel2_IRQHandler
                0x0800ad50                FLASH_IRQHandler
                0x0800ad50                USART1_IRQHandler
                0x0800ad50                I2C1_ER_IRQHandler
                0x0800ad50                LPTIM1_IRQHandler
                0x0800ad50                DMA2_Channel3_IRQHandler
                0x0800ad50                TIM1_BRK_TIM15_IRQHandler
 *fill*         0x0800ad52        0x2 
 .text.printf   0x0800ad54       0x24 C:/ST/STM32CubeCLT_1.16.0/GNU-tools-for-STM32/bin/../lib/gcc/arm-none-eabi/12.3.1/../../../../arm-none-eabi/lib/thumb/v7e-m+fp/hard\libg_nano.a(libc_a-printf.o)
                0x0800ad54                iprintf
                0x0800ad54                printf
 .text.putchar  0x0800ad78       0x10 C:/ST/STM32CubeCLT_1.16.0/GNU-tools-for-STM32/bin/../lib/gcc/arm-none-eabi/12.3.1/../../../../arm-none-eabi/lib/thumb/v7e-m+fp/hard\libg_nano.a(libc_a-putchar.o)
                0x0800ad78                putchar
 .text._puts_r  0x0800ad88       0xaa C:/ST/STM32CubeCLT_1.16.0/GNU-tools-for-STM32/bin/../lib/gcc/arm-none-eabi/12.3.1/../../../../arm-none-eabi/lib/thumb/v7e-m+fp/hard\libg_nano.a(libc_a-puts.o)
                0x0800ad88                _puts_r
 *fill*         0x0800ae32        0x2 
 .text.puts     0x0800ae34       0x10 C:/ST/STM32CubeCLT_1.16.0/GNU-tools-for-STM32/bin/../lib/gcc/arm-none-eabi/12.3.1/../../../../arm-none-eabi/lib/thumb/v7e-m+fp/hard\libg_nano.a(libc_a-puts.o)
                0x0800ae34                puts
 .text.__swbuf_r
                0x0800ae44       0x7c C:/ST/STM32CubeCLT_1.16.0/GNU-tools-for-STM32/bin/../lib/gcc/arm-none-eabi/12.3.1/../../../../arm-none-eabi/lib/thumb/v7e-m+fp/hard\libg_nano.a(libc_a-wbuf.o)
                0x0800ae44                __swbuf_r
 .text.__swsetup_r
                0x0800aec0       0xac C:/ST/STM32CubeCLT_1.16.0/GNU-tools-for-STM32/bin/../lib/gcc/arm-none-eabi/12.3.1/../../../../arm-none-eabi/lib/thumb/v7e-m+fp/hard\libg_nano.a(libc_a-wsetup.o)
                0x0800aec0                __swsetup_r
 .text.__errno  0x0800af6c        0xc C:/ST/STM32CubeCLT_1.16.0/GNU-tools-for-STM32/bin/../lib/gcc/arm-none-eabi/12.3.1/../../../../arm-none-eabi/lib/thumb/v7e-m+fp/hard\libg_nano.a(libc_a-errno.o)
                0x0800af6c                __errno
 .text.__sfputc_r
                0x0800af78       0x2e C:/ST/STM32CubeCLT_1.16.0/GNU-tools-for-STM32/bin/../lib/gcc/arm-none-eabi/12.3.1/../../../../arm-none-eabi/lib/thumb/v7e-m+fp/hard\libg_nano.a(libc_a-nano-vfprintf.o)
 .text.__sfputs_r
                0x0800afa6       0x24 C:/ST/STM32CubeCLT_1.16.0/GNU-tools-for-STM32/bin/../lib/gcc/arm-none-eabi/12.3.1/../../../../arm-none-eabi/lib/thumb/v7e-m+fp/hard\libg_nano.a(libc_a-nano-vfprintf.o)
                0x0800afa6                __sfputs_r
 *fill*         0x0800afca        0x2 
 .text._vfprintf_r
                0x0800afcc      0x230 C:/ST/STM32CubeCLT_1.16.0/GNU-tools-for-STM32/bin/../lib/gcc/arm-none-eabi/12.3.1/../../../../arm-none-eabi/lib/thumb/v7e-m+fp/hard\libg_nano.a(libc_a-nano-vfprintf.o)
                0x0800afcc                _vfprintf_r
                0x0800afcc                _vfiprintf_r
 .text._printf_common
                0x0800b1fc       0xda C:/ST/STM32CubeCLT_1.16.0/GNU-tools-for-STM32/bin/../lib/gcc/arm-none-eabi/12.3.1/../../../../arm-none-eabi/lib/thumb/v7e-m+fp/hard\libg_nano.a(libc_a-nano-vfprintf_i.o)
                0x0800b1fc                _printf_common
 *fill*         0x0800b2d6        0x2 
 .text._printf_i
                0x0800b2d8      0x240 C:/ST/STM32CubeCLT_1.16.0/GNU-tools-for-STM32/bin/../lib/gcc/arm-none-eabi/12.3.1/../../../../arm-none-eabi/lib/thumb/v7e-m+fp/hard\libg_nano.a(libc_a-nano-vfprintf_i.o)
                0x0800b2d8                _printf_i
 .text.__swhatbuf_r
                0x0800b518       0x4c C:/ST/STM32CubeCLT_1.16.0/GNU-tools-for-STM32/bin/../lib/gcc/arm-none-eabi/12.3.1/../../../../arm-none-eabi/lib/thumb/v7e-m+fp/hard\libg_nano.a(libc_a-makebuf.o)
                0x0800b518                __swhatbuf_r
 .text.__smakebuf_r
                0x0800b564       0x78 C:/ST/STM32CubeCLT_1.16.0/GNU-tools-for-STM32/bin/../lib/gcc/arm-none-eabi/12.3.1/../../../../arm-none-eabi/lib/thumb/v7e-m+fp/hard\libg_nano.a(libc_a-makebuf.o)
                0x0800b564                __smakebuf_r
 .text._putc_r  0x0800b5dc       0x68 C:/ST/STM32CubeCLT_1.16.0/GNU-tools-for-STM32/bin/../lib/gcc/arm-none-eabi/12.3.1/../../../../arm-none-eabi/lib/thumb/v7e-m+fp/hard\libg_nano.a(libc_a-putc.o)
                0x0800b5dc                _putc_r
 .text._fstat_r
                0x0800b644       0x24 C:/ST/STM32CubeCLT_1.16.0/GNU-tools-for-STM32/bin/../lib/gcc/arm-none-eabi/12.3.1/../../../../arm-none-eabi/lib/thumb/v7e-m+fp/hard\libg_nano.a(libc_a-fstatr.o)
                0x0800b644                _fstat_r
 .text._isatty_r
                0x0800b668       0x20 C:/ST/STM32CubeCLT_1.16.0/GNU-tools-for-STM32/bin/../lib/gcc/arm-none-eabi/12.3.1/../../../../arm-none-eabi/lib/thumb/v7e-m+fp/hard\libg_nano.a(libc_a-isattyr.o)
                0x0800b668                _isatty_r
 *(.glue_7)
 .glue_7        0x0800b688        0x0 linker stubs
 *(.glue_7t)
 .glue_7t       0x0800b688        0x0 linker stubs
 *(.eh_frame)
 .eh_frame      0x0800b688        0x0 C:/ST/STM32CubeCLT_1.16.0/GNU-tools-for-STM32/bin/../lib/gcc/arm-none-eabi/12.3.1/thumb/v7e-m+fp/hard/crtbegin.o
 *(.init)
 .init          0x0800b688        0x4 C:/ST/STM32CubeCLT_1.16.0/GNU-tools-for-STM32/bin/../lib/gcc/arm-none-eabi/12.3.1/thumb/v7e-m+fp/hard/crti.o
                0x0800b688                _init
 .init          0x0800b68c        0x8 C:/ST/STM32CubeCLT_1.16.0/GNU-tools-for-STM32/bin/../lib/gcc/arm-none-eabi/12.3.1/thumb/v7e-m+fp/hard/crtn.o
 *(.fini)
 .fini          0x0800b694        0x4 C:/ST/STM32CubeCLT_1.16.0/GNU-tools-for-STM32/bin/../lib/gcc/arm-none-eabi/12.3.1/thumb/v7e-m+fp/hard/crti.o
                0x0800b694                _fini
 .fini          0x0800b698        0x8 C:/ST/STM32CubeCLT_1.16.0/GNU-tools-for-STM32/bin/../lib/gcc/arm-none-eabi/12.3.1/thumb/v7e-m+fp/hard/crtn.o
                0x0800b6a0                        . = ALIGN (0x4)
                0x0800b6a0                        _etext = .

.vfp11_veneer   0x0800b6a0        0x0
 .vfp11_veneer  0x0800b6a0        0x0 linker stubs

.v4_bx          0x0800b6a0        0x0
 .v4_bx         0x0800b6a0        0x0 linker stubs

.iplt           0x0800b6a0        0x0
 .iplt          0x0800b6a0        0x0 C:/ST/STM32CubeCLT_1.16.0/GNU-tools-for-STM32/bin/../lib/gcc/arm-none-eabi/12.3.1/thumb/v7e-m+fp/hard/crtbegin.o

.rodata         0x0800b6a0      0x13c
                0x0800b6a0                        . = ALIGN (0x4)
 *(.rodata)
 .rodata        0x0800b6a0       0x4c CMakeFiles/ESC-FIRMWARE-V1.dir/Src/main.c.obj
 .rodata        0x0800b6ec       0x42 CMakeFiles/ESC-FIRMWARE-V1.dir/Src/usbd_desc.c.obj
 *fill*         0x0800b72e        0x2 
 .rodata        0x0800b730       0x35 CMakeFiles/ESC-FIRMWARE-V1.dir/Middlewares/ST/STM32_USB_Device_Library/Core/Src/usbd_core.c.obj
 *(.rodata*)
 *fill*         0x0800b765        0x3 
 .rodata.AHBPrescTable
                0x0800b768       0x10 CMakeFiles/ESC-FIRMWARE-V1.dir/Src/system_stm32l4xx.c.obj
                0x0800b768                AHBPrescTable
 .rodata.MSIRangeTable
                0x0800b778       0x30 CMakeFiles/ESC-FIRMWARE-V1.dir/Src/system_stm32l4xx.c.obj
                0x0800b778                MSIRangeTable
 .rodata._vfprintf_r.str1.1
                0x0800b7a8       0x11 C:/ST/STM32CubeCLT_1.16.0/GNU-tools-for-STM32/bin/../lib/gcc/arm-none-eabi/12.3.1/../../../../arm-none-eabi/lib/thumb/v7e-m+fp/hard\libg_nano.a(libc_a-nano-vfprintf.o)
 .rodata._printf_i.str1.1
                0x0800b7b9       0x22 C:/ST/STM32CubeCLT_1.16.0/GNU-tools-for-STM32/bin/../lib/gcc/arm-none-eabi/12.3.1/../../../../arm-none-eabi/lib/thumb/v7e-m+fp/hard\libg_nano.a(libc_a-nano-vfprintf_i.o)
                0x0800b7dc                        . = ALIGN (0x4)
 *fill*         0x0800b7db        0x1 

.ARM.extab      0x0800b7dc        0x0
                0x0800b7dc                        . = ALIGN (0x4)
 *(.ARM.extab* .gnu.linkonce.armextab.*)
                0x0800b7dc                        . = ALIGN (0x4)

.ARM            0x0800b7dc        0x8
                0x0800b7dc                        . = ALIGN (0x4)
                0x0800b7dc                        __exidx_start = .
 *(.ARM.exidx*)
 .ARM.exidx     0x0800b7dc        0x8 C:/ST/STM32CubeCLT_1.16.0/GNU-tools-for-STM32/bin/../lib/gcc/arm-none-eabi/12.3.1/../../../../arm-none-eabi/lib/thumb/v7e-m+fp/hard\libg_nano.a(libc_a-memchr.o)
                0x0800b7e4                        __exidx_end = .
                0x0800b7e4                        . = ALIGN (0x4)

.preinit_array  0x0800b7e4        0x0
                0x0800b7e4                        . = ALIGN (0x4)
                0x0800b7e4                        PROVIDE (__preinit_array_start = .)
 *(.preinit_array*)
                0x0800b7e4                        PROVIDE (__preinit_array_end = .)
                0x0800b7e4                        . = ALIGN (0x4)

.init_array     0x0800b7e4        0x4
                0x0800b7e4                        . = ALIGN (0x4)
                0x0800b7e4                        PROVIDE (__init_array_start = .)
 *(SORT_BY_NAME(.init_array.*))
 *(.init_array*)
 .init_array    0x0800b7e4        0x4 C:/ST/STM32CubeCLT_1.16.0/GNU-tools-for-STM32/bin/../lib/gcc/arm-none-eabi/12.3.1/thumb/v7e-m+fp/hard/crtbegin.o
                0x0800b7e8                        PROVIDE (__init_array_end = .)
                0x0800b7e8                        . = ALIGN (0x4)

.fini_array     0x0800b7e8        0x4
                0x0800b7e8                        . = ALIGN (0x4)
                [!provide]                        PROVIDE (__fini_array_start = .)
 *(SORT_BY_NAME(.fini_array.*))
 *(.fini_array*)
 .fini_array    0x0800b7e8        0x4 C:/ST/STM32CubeCLT_1.16.0/GNU-tools-for-STM32/bin/../lib/gcc/arm-none-eabi/12.3.1/thumb/v7e-m+fp/hard/crtbegin.o
                [!provide]                        PROVIDE (__fini_array_end = .)
                0x0800b7ec                        . = ALIGN (0x4)
                0x0800b7ec                        _sidata = LOADADDR (.data)

.rel.dyn        0x0800b7ec        0x0
 .rel.iplt      0x0800b7ec        0x0 C:/ST/STM32CubeCLT_1.16.0/GNU-tools-for-STM32/bin/../lib/gcc/arm-none-eabi/12.3.1/thumb/v7e-m+fp/hard/crtbegin.o

.data           0x20000000      0x168 load address 0x0800b7ec
                0x20000000                        . = ALIGN (0x4)
                0x20000000                        _sdata = .
 *(.data)
 *(.data*)
 .data.__sglue  0x20000000        0xc C:/ST/STM32CubeCLT_1.16.0/GNU-tools-for-STM32/bin/../lib/gcc/arm-none-eabi/12.3.1/../../../../arm-none-eabi/lib/thumb/v7e-m+fp/hard\libc_nano.a(libc_a-findfp.o)
                0x20000000                __sglue
 .data._impure_ptr
                0x2000000c        0x4 C:/ST/STM32CubeCLT_1.16.0/GNU-tools-for-STM32/bin/../lib/gcc/arm-none-eabi/12.3.1/../../../../arm-none-eabi/lib/thumb/v7e-m+fp/hard\libc_nano.a(libc_a-impure.o)
                0x2000000c                _impure_ptr
 .data._impure_data
                0x20000010       0x4c C:/ST/STM32CubeCLT_1.16.0/GNU-tools-for-STM32/bin/../lib/gcc/arm-none-eabi/12.3.1/../../../../arm-none-eabi/lib/thumb/v7e-m+fp/hard\libc_nano.a(libc_a-impure.o)
                0x20000010                _impure_data
 .data.FS_Desc  0x2000005c       0x20 CMakeFiles/ESC-FIRMWARE-V1.dir/Src/usbd_desc.c.obj
                0x2000005c                FS_Desc
 .data.USBD_FS_DeviceDesc
                0x2000007c       0x12 CMakeFiles/ESC-FIRMWARE-V1.dir/Src/usbd_desc.c.obj
                0x2000007c                USBD_FS_DeviceDesc
 *fill*         0x2000008e        0x2 
 .data.USBD_FS_BOSDesc
                0x20000090        0xc CMakeFiles/ESC-FIRMWARE-V1.dir/Src/usbd_desc.c.obj
                0x20000090                USBD_FS_BOSDesc
 .data.USBD_LangIDDesc
                0x2000009c        0x4 CMakeFiles/ESC-FIRMWARE-V1.dir/Src/usbd_desc.c.obj
                0x2000009c                USBD_LangIDDesc
 .data.USBD_StringSerial
                0x200000a0       0x1a CMakeFiles/ESC-FIRMWARE-V1.dir/Src/usbd_desc.c.obj
                0x200000a0                USBD_StringSerial
 *fill*         0x200000ba        0x2 
 .data.USBD_Interface_fops_FS
                0x200000bc       0x14 CMakeFiles/ESC-FIRMWARE-V1.dir/Src/usbd_cdc_if.c.obj
                0x200000bc                USBD_Interface_fops_FS
 .data.uwTickPrio
                0x200000d0        0x4 CMakeFiles/ESC-FIRMWARE-V1.dir/Drivers/STM32L4xx_HAL_Driver/Src/stm32l4xx_hal.c.obj
                0x200000d0                uwTickPrio
 .data.uwTickFreq
                0x200000d4        0x1 CMakeFiles/ESC-FIRMWARE-V1.dir/Drivers/STM32L4xx_HAL_Driver/Src/stm32l4xx_hal.c.obj
                0x200000d4                uwTickFreq
 *fill*         0x200000d5        0x3 
 .data.SystemCoreClock
                0x200000d8        0x4 CMakeFiles/ESC-FIRMWARE-V1.dir/Src/system_stm32l4xx.c.obj
                0x200000d8                SystemCoreClock
 .data.USBD_CDC_DeviceQualifierDesc
                0x200000dc        0xa CMakeFiles/ESC-FIRMWARE-V1.dir/Middlewares/ST/STM32_USB_Device_Library/Class/CDC/Src/usbd_cdc.c.obj
 *fill*         0x200000e6        0x2 
 .data.USBD_CDC
                0x200000e8       0x38 CMakeFiles/ESC-FIRMWARE-V1.dir/Middlewares/ST/STM32_USB_Device_Library/Class/CDC/Src/usbd_cdc.c.obj
                0x200000e8                USBD_CDC
 .data.USBD_CDC_CfgDesc
                0x20000120       0x43 CMakeFiles/ESC-FIRMWARE-V1.dir/Middlewares/ST/STM32_USB_Device_Library/Class/CDC/Src/usbd_cdc.c.obj
 .data.CDCInEpAdd
                0x20000163        0x1 CMakeFiles/ESC-FIRMWARE-V1.dir/Middlewares/ST/STM32_USB_Device_Library/Class/CDC/Src/usbd_cdc.c.obj
 .data.CDCOutEpAdd
                0x20000164        0x1 CMakeFiles/ESC-FIRMWARE-V1.dir/Middlewares/ST/STM32_USB_Device_Library/Class/CDC/Src/usbd_cdc.c.obj
 .data.CDCCmdEpAdd
                0x20000165        0x1 CMakeFiles/ESC-FIRMWARE-V1.dir/Middlewares/ST/STM32_USB_Device_Library/Class/CDC/Src/usbd_cdc.c.obj
 *(.RamFunc)
 *(.RamFunc*)
                0x20000168                        . = ALIGN (0x4)
 *fill*         0x20000166        0x2 
                0x20000168                        _edata = .

.igot.plt       0x20000168        0x0 load address 0x0800b954
 .igot.plt      0x20000168        0x0 C:/ST/STM32CubeCLT_1.16.0/GNU-tools-for-STM32/bin/../lib/gcc/arm-none-eabi/12.3.1/thumb/v7e-m+fp/hard/crtbegin.o
                0x20000168                        . = ALIGN (0x4)

.bss            0x20000168     0x149c load address 0x0800b954
                0x20000168                        _sbss = .
                0x20000168                        __bss_start__ = _sbss
 *(.bss)
 .bss           0x20000168       0x1c C:/ST/STM32CubeCLT_1.16.0/GNU-tools-for-STM32/bin/../lib/gcc/arm-none-eabi/12.3.1/thumb/v7e-m+fp/hard/crtbegin.o
 *(.bss*)
 .bss.__sf      0x20000184      0x138 C:/ST/STM32CubeCLT_1.16.0/GNU-tools-for-STM32/bin/../lib/gcc/arm-none-eabi/12.3.1/../../../../arm-none-eabi/lib/thumb/v7e-m+fp/hard\libc_nano.a(libc_a-findfp.o)
                0x20000184                __sf
 .bss.__stdio_exit_handler
                0x200002bc        0x4 C:/ST/STM32CubeCLT_1.16.0/GNU-tools-for-STM32/bin/../lib/gcc/arm-none-eabi/12.3.1/../../../../arm-none-eabi/lib/thumb/v7e-m+fp/hard\libc_nano.a(libc_a-findfp.o)
                0x200002bc                __stdio_exit_handler
 .bss.errno     0x200002c0        0x4 C:/ST/STM32CubeCLT_1.16.0/GNU-tools-for-STM32/bin/../lib/gcc/arm-none-eabi/12.3.1/../../../../arm-none-eabi/lib/thumb/v7e-m+fp/hard\libc_nano.a(libc_a-reent.o)
                0x200002c0                errno
 .bss.__lock___malloc_recursive_mutex
                0x200002c4        0x1 C:/ST/STM32CubeCLT_1.16.0/GNU-tools-for-STM32/bin/../lib/gcc/arm-none-eabi/12.3.1/../../../../arm-none-eabi/lib/thumb/v7e-m+fp/hard\libc_nano.a(libc_a-lock.o)
                0x200002c4                __lock___malloc_recursive_mutex
 .bss.__lock___sfp_recursive_mutex
                0x200002c5        0x1 C:/ST/STM32CubeCLT_1.16.0/GNU-tools-for-STM32/bin/../lib/gcc/arm-none-eabi/12.3.1/../../../../arm-none-eabi/lib/thumb/v7e-m+fp/hard\libc_nano.a(libc_a-lock.o)
                0x200002c5                __lock___sfp_recursive_mutex
 *fill*         0x200002c6        0x2 
 .bss.__malloc_sbrk_start
                0x200002c8        0x4 C:/ST/STM32CubeCLT_1.16.0/GNU-tools-for-STM32/bin/../lib/gcc/arm-none-eabi/12.3.1/../../../../arm-none-eabi/lib/thumb/v7e-m+fp/hard\libc_nano.a(libc_a-mallocr.o)
                0x200002c8                __malloc_sbrk_start
 .bss.__malloc_free_list
                0x200002cc        0x4 C:/ST/STM32CubeCLT_1.16.0/GNU-tools-for-STM32/bin/../lib/gcc/arm-none-eabi/12.3.1/../../../../arm-none-eabi/lib/thumb/v7e-m+fp/hard\libc_nano.a(libc_a-mallocr.o)
                0x200002cc                __malloc_free_list
 .bss.hadc1     0x200002d0       0x64 CMakeFiles/ESC-FIRMWARE-V1.dir/Src/main.c.obj
                0x200002d0                hadc1
 .bss.hdma_adc1
                0x20000334       0x48 CMakeFiles/ESC-FIRMWARE-V1.dir/Src/main.c.obj
                0x20000334                hdma_adc1
 .bss.hi2c1     0x2000037c       0x54 CMakeFiles/ESC-FIRMWARE-V1.dir/Src/main.c.obj
                0x2000037c                hi2c1
 .bss.htim1     0x200003d0       0x4c CMakeFiles/ESC-FIRMWARE-V1.dir/Src/main.c.obj
                0x200003d0                htim1
 .bss.hUsbDeviceFS
                0x2000041c      0x2dc CMakeFiles/ESC-FIRMWARE-V1.dir/Src/usb_device.c.obj
                0x2000041c                hUsbDeviceFS
 .bss.hpcd_USB_FS
                0x200006f8      0x2e0 CMakeFiles/ESC-FIRMWARE-V1.dir/Src/usbd_conf.c.obj
                0x200006f8                hpcd_USB_FS
 .bss.mem.0     0x200009d8      0x220 CMakeFiles/ESC-FIRMWARE-V1.dir/Src/usbd_conf.c.obj
 .bss.USBD_StrDesc
                0x20000bf8      0x200 CMakeFiles/ESC-FIRMWARE-V1.dir/Src/usbd_desc.c.obj
                0x20000bf8                USBD_StrDesc
 .bss.UserRxBufferFS
                0x20000df8      0x400 CMakeFiles/ESC-FIRMWARE-V1.dir/Src/usbd_cdc_if.c.obj
                0x20000df8                UserRxBufferFS
 .bss.UserTxBufferFS
                0x200011f8      0x400 CMakeFiles/ESC-FIRMWARE-V1.dir/Src/usbd_cdc_if.c.obj
                0x200011f8                UserTxBufferFS
 .bss.uwTick    0x200015f8        0x4 CMakeFiles/ESC-FIRMWARE-V1.dir/Drivers/STM32L4xx_HAL_Driver/Src/stm32l4xx_hal.c.obj
                0x200015f8                uwTick
 .bss.cfgidx.0  0x200015fc        0x1 CMakeFiles/ESC-FIRMWARE-V1.dir/Middlewares/ST/STM32_USB_Device_Library/Core/Src/usbd_ctlreq.c.obj
 *fill*         0x200015fd        0x3 
 .bss.__sbrk_heap_end
                0x20001600        0x4 CMakeFiles/ESC-FIRMWARE-V1.dir/Src/sysmem.c.obj
 *(COMMON)
                0x20001604                        . = ALIGN (0x4)
                0x20001604                        _ebss = .
                0x20001604                        __bss_end__ = _ebss

._user_heap_stack
                0x20001604      0x604 load address 0x0800b954
                0x20001608                        . = ALIGN (0x8)
 *fill*         0x20001604        0x4 
                [!provide]                        PROVIDE (end = .)
                0x20001608                        PROVIDE (_end = .)
                0x20001808                        . = (. + _Min_Heap_Size)
 *fill*         0x20001608      0x200 
                0x20001c08                        . = (. + _Min_Stack_Size)
 *fill*         0x20001808      0x400 
                0x20001c08                        . = ALIGN (0x8)

/DISCARD/
 libc.a(*)
 libm.a(*)
 libgcc.a(*)

.ARM.attributes
                0x00000000       0x30
 *(.ARM.attributes)
 .ARM.attributes
                0x00000000       0x22 C:/ST/STM32CubeCLT_1.16.0/GNU-tools-for-STM32/bin/../lib/gcc/arm-none-eabi/12.3.1/thumb/v7e-m+fp/hard/crti.o
 .ARM.attributes
                0x00000022       0x34 C:/ST/STM32CubeCLT_1.16.0/GNU-tools-for-STM32/bin/../lib/gcc/arm-none-eabi/12.3.1/thumb/v7e-m+fp/hard/crtbegin.o
 .ARM.attributes
                0x00000056       0x34 C:/ST/STM32CubeCLT_1.16.0/GNU-tools-for-STM32/bin/../lib/gcc/arm-none-eabi/12.3.1/../../../../arm-none-eabi/lib/thumb/v7e-m+fp/hard\libc_nano.a(libc_a-findfp.o)
 .ARM.attributes
                0x0000008a       0x34 C:/ST/STM32CubeCLT_1.16.0/GNU-tools-for-STM32/bin/../lib/gcc/arm-none-eabi/12.3.1/../../../../arm-none-eabi/lib/thumb/v7e-m+fp/hard\libc_nano.a(libc_a-fwalk.o)
 .ARM.attributes
                0x000000be       0x34 C:/ST/STM32CubeCLT_1.16.0/GNU-tools-for-STM32/bin/../lib/gcc/arm-none-eabi/12.3.1/../../../../arm-none-eabi/lib/thumb/v7e-m+fp/hard\libc_nano.a(libc_a-stdio.o)
 .ARM.attributes
                0x000000f2       0x34 C:/ST/STM32CubeCLT_1.16.0/GNU-tools-for-STM32/bin/../lib/gcc/arm-none-eabi/12.3.1/../../../../arm-none-eabi/lib/thumb/v7e-m+fp/hard\libc_nano.a(libc_a-memset.o)
 .ARM.attributes
                0x00000126       0x34 C:/ST/STM32CubeCLT_1.16.0/GNU-tools-for-STM32/bin/../lib/gcc/arm-none-eabi/12.3.1/../../../../arm-none-eabi/lib/thumb/v7e-m+fp/hard\libc_nano.a(libc_a-closer.o)
 .ARM.attributes
                0x0000015a       0x34 C:/ST/STM32CubeCLT_1.16.0/GNU-tools-for-STM32/bin/../lib/gcc/arm-none-eabi/12.3.1/../../../../arm-none-eabi/lib/thumb/v7e-m+fp/hard\libc_nano.a(libc_a-reent.o)
 .ARM.attributes
                0x0000018e       0x34 C:/ST/STM32CubeCLT_1.16.0/GNU-tools-for-STM32/bin/../lib/gcc/arm-none-eabi/12.3.1/../../../../arm-none-eabi/lib/thumb/v7e-m+fp/hard\libc_nano.a(libc_a-impure.o)
 .ARM.attributes
                0x000001c2       0x34 C:/ST/STM32CubeCLT_1.16.0/GNU-tools-for-STM32/bin/../lib/gcc/arm-none-eabi/12.3.1/../../../../arm-none-eabi/lib/thumb/v7e-m+fp/hard\libc_nano.a(libc_a-lseekr.o)
 .ARM.attributes
                0x000001f6       0x34 C:/ST/STM32CubeCLT_1.16.0/GNU-tools-for-STM32/bin/../lib/gcc/arm-none-eabi/12.3.1/../../../../arm-none-eabi/lib/thumb/v7e-m+fp/hard\libc_nano.a(libc_a-readr.o)
 .ARM.attributes
                0x0000022a       0x34 C:/ST/STM32CubeCLT_1.16.0/GNU-tools-for-STM32/bin/../lib/gcc/arm-none-eabi/12.3.1/../../../../arm-none-eabi/lib/thumb/v7e-m+fp/hard\libc_nano.a(libc_a-writer.o)
 .ARM.attributes
                0x0000025e       0x34 C:/ST/STM32CubeCLT_1.16.0/GNU-tools-for-STM32/bin/../lib/gcc/arm-none-eabi/12.3.1/../../../../arm-none-eabi/lib/thumb/v7e-m+fp/hard\libc_nano.a(libc_a-init.o)
 .ARM.attributes
                0x00000292       0x34 C:/ST/STM32CubeCLT_1.16.0/GNU-tools-for-STM32/bin/../lib/gcc/arm-none-eabi/12.3.1/../../../../arm-none-eabi/lib/thumb/v7e-m+fp/hard\libc_nano.a(libc_a-lock.o)
 .ARM.attributes
                0x000002c6       0x34 C:/ST/STM32CubeCLT_1.16.0/GNU-tools-for-STM32/bin/../lib/gcc/arm-none-eabi/12.3.1/../../../../arm-none-eabi/lib/thumb/v7e-m+fp/hard\libc_nano.a(libc_a-freer.o)
 .ARM.attributes
                0x000002fa       0x34 C:/ST/STM32CubeCLT_1.16.0/GNU-tools-for-STM32/bin/../lib/gcc/arm-none-eabi/12.3.1/../../../../arm-none-eabi/lib/thumb/v7e-m+fp/hard\libc_nano.a(libc_a-mallocr.o)
 .ARM.attributes
                0x0000032e       0x34 C:/ST/STM32CubeCLT_1.16.0/GNU-tools-for-STM32/bin/../lib/gcc/arm-none-eabi/12.3.1/../../../../arm-none-eabi/lib/thumb/v7e-m+fp/hard\libc_nano.a(libc_a-mlock.o)
 .ARM.attributes
                0x00000362       0x34 C:/ST/STM32CubeCLT_1.16.0/GNU-tools-for-STM32/bin/../lib/gcc/arm-none-eabi/12.3.1/../../../../arm-none-eabi/lib/thumb/v7e-m+fp/hard\libc_nano.a(libc_a-fflush.o)
 .ARM.attributes
                0x00000396       0x34 C:/ST/STM32CubeCLT_1.16.0/GNU-tools-for-STM32/bin/../lib/gcc/arm-none-eabi/12.3.1/../../../../arm-none-eabi/lib/thumb/v7e-m+fp/hard\libc_nano.a(libc_a-sbrkr.o)
 .ARM.attributes
                0x000003ca       0x34 CMakeFiles/ESC-FIRMWARE-V1.dir/Src/main.c.obj
 .ARM.attributes
                0x000003fe       0x34 CMakeFiles/ESC-FIRMWARE-V1.dir/Src/usb_device.c.obj
 .ARM.attributes
                0x00000432       0x34 CMakeFiles/ESC-FIRMWARE-V1.dir/Src/usbd_conf.c.obj
 .ARM.attributes
                0x00000466       0x34 CMakeFiles/ESC-FIRMWARE-V1.dir/Src/usbd_desc.c.obj
 .ARM.attributes
                0x0000049a       0x34 CMakeFiles/ESC-FIRMWARE-V1.dir/Src/usbd_cdc_if.c.obj
 .ARM.attributes
                0x000004ce       0x34 CMakeFiles/ESC-FIRMWARE-V1.dir/Src/stm32l4xx_it.c.obj
 .ARM.attributes
                0x00000502       0x34 CMakeFiles/ESC-FIRMWARE-V1.dir/Src/stm32l4xx_hal_msp.c.obj
 .ARM.attributes
                0x00000536       0x34 CMakeFiles/ESC-FIRMWARE-V1.dir/Drivers/STM32L4xx_HAL_Driver/Src/stm32l4xx_hal_pcd.c.obj
 .ARM.attributes
                0x0000056a       0x34 CMakeFiles/ESC-FIRMWARE-V1.dir/Drivers/STM32L4xx_HAL_Driver/Src/stm32l4xx_hal_pcd_ex.c.obj
 .ARM.attributes
                0x0000059e       0x34 CMakeFiles/ESC-FIRMWARE-V1.dir/Drivers/STM32L4xx_HAL_Driver/Src/stm32l4xx_ll_usb.c.obj
 .ARM.attributes
                0x000005d2       0x34 CMakeFiles/ESC-FIRMWARE-V1.dir/Drivers/STM32L4xx_HAL_Driver/Src/stm32l4xx_hal.c.obj
 .ARM.attributes
                0x00000606       0x34 CMakeFiles/ESC-FIRMWARE-V1.dir/Drivers/STM32L4xx_HAL_Driver/Src/stm32l4xx_hal_rcc.c.obj
 .ARM.attributes
                0x0000063a       0x34 CMakeFiles/ESC-FIRMWARE-V1.dir/Drivers/STM32L4xx_HAL_Driver/Src/stm32l4xx_hal_rcc_ex.c.obj
 .ARM.attributes
                0x0000066e       0x34 CMakeFiles/ESC-FIRMWARE-V1.dir/Drivers/STM32L4xx_HAL_Driver/Src/stm32l4xx_hal_gpio.c.obj
 .ARM.attributes
                0x000006a2       0x34 CMakeFiles/ESC-FIRMWARE-V1.dir/Drivers/STM32L4xx_HAL_Driver/Src/stm32l4xx_hal_i2c.c.obj
 .ARM.attributes
                0x000006d6       0x34 CMakeFiles/ESC-FIRMWARE-V1.dir/Drivers/STM32L4xx_HAL_Driver/Src/stm32l4xx_hal_i2c_ex.c.obj
 .ARM.attributes
                0x0000070a       0x34 CMakeFiles/ESC-FIRMWARE-V1.dir/Drivers/STM32L4xx_HAL_Driver/Src/stm32l4xx_hal_dma.c.obj
 .ARM.attributes
                0x0000073e       0x34 CMakeFiles/ESC-FIRMWARE-V1.dir/Drivers/STM32L4xx_HAL_Driver/Src/stm32l4xx_hal_pwr_ex.c.obj
 .ARM.attributes
                0x00000772       0x34 CMakeFiles/ESC-FIRMWARE-V1.dir/Drivers/STM32L4xx_HAL_Driver/Src/stm32l4xx_hal_cortex.c.obj
 .ARM.attributes
                0x000007a6       0x34 CMakeFiles/ESC-FIRMWARE-V1.dir/Drivers/STM32L4xx_HAL_Driver/Src/stm32l4xx_hal_adc.c.obj
 .ARM.attributes
                0x000007da       0x34 CMakeFiles/ESC-FIRMWARE-V1.dir/Drivers/STM32L4xx_HAL_Driver/Src/stm32l4xx_hal_adc_ex.c.obj
 .ARM.attributes
                0x0000080e       0x34 CMakeFiles/ESC-FIRMWARE-V1.dir/Drivers/STM32L4xx_HAL_Driver/Src/stm32l4xx_hal_tim.c.obj
 .ARM.attributes
                0x00000842       0x34 CMakeFiles/ESC-FIRMWARE-V1.dir/Drivers/STM32L4xx_HAL_Driver/Src/stm32l4xx_hal_tim_ex.c.obj
 .ARM.attributes
                0x00000876       0x34 CMakeFiles/ESC-FIRMWARE-V1.dir/Src/system_stm32l4xx.c.obj
 .ARM.attributes
                0x000008aa       0x34 CMakeFiles/ESC-FIRMWARE-V1.dir/Middlewares/ST/STM32_USB_Device_Library/Core/Src/usbd_core.c.obj
 .ARM.attributes
                0x000008de       0x34 CMakeFiles/ESC-FIRMWARE-V1.dir/Middlewares/ST/STM32_USB_Device_Library/Core/Src/usbd_ctlreq.c.obj
 .ARM.attributes
                0x00000912       0x34 CMakeFiles/ESC-FIRMWARE-V1.dir/Middlewares/ST/STM32_USB_Device_Library/Core/Src/usbd_ioreq.c.obj
 .ARM.attributes
                0x00000946       0x34 CMakeFiles/ESC-FIRMWARE-V1.dir/Middlewares/ST/STM32_USB_Device_Library/Class/CDC/Src/usbd_cdc.c.obj
 .ARM.attributes
                0x0000097a       0x34 CMakeFiles/ESC-FIRMWARE-V1.dir/Src/sysmem.c.obj
 .ARM.attributes
                0x000009ae       0x34 CMakeFiles/ESC-FIRMWARE-V1.dir/Src/syscalls.c.obj
 .ARM.attributes
                0x000009e2       0x21 CMakeFiles/ESC-FIRMWARE-V1.dir/startup_stm32l412xx.s.obj
 .ARM.attributes
                0x00000a03       0x34 C:/ST/STM32CubeCLT_1.16.0/GNU-tools-for-STM32/bin/../lib/gcc/arm-none-eabi/12.3.1/../../../../arm-none-eabi/lib/thumb/v7e-m+fp/hard\libg_nano.a(libc_a-printf.o)
 .ARM.attributes
                0x00000a37       0x34 C:/ST/STM32CubeCLT_1.16.0/GNU-tools-for-STM32/bin/../lib/gcc/arm-none-eabi/12.3.1/../../../../arm-none-eabi/lib/thumb/v7e-m+fp/hard\libg_nano.a(libc_a-putchar.o)
 .ARM.attributes
                0x00000a6b       0x34 C:/ST/STM32CubeCLT_1.16.0/GNU-tools-for-STM32/bin/../lib/gcc/arm-none-eabi/12.3.1/../../../../arm-none-eabi/lib/thumb/v7e-m+fp/hard\libg_nano.a(libc_a-puts.o)
 .ARM.attributes
                0x00000a9f       0x34 C:/ST/STM32CubeCLT_1.16.0/GNU-tools-for-STM32/bin/../lib/gcc/arm-none-eabi/12.3.1/../../../../arm-none-eabi/lib/thumb/v7e-m+fp/hard\libg_nano.a(libc_a-wbuf.o)
 .ARM.attributes
                0x00000ad3       0x34 C:/ST/STM32CubeCLT_1.16.0/GNU-tools-for-STM32/bin/../lib/gcc/arm-none-eabi/12.3.1/../../../../arm-none-eabi/lib/thumb/v7e-m+fp/hard\libg_nano.a(libc_a-wsetup.o)
 .ARM.attributes
                0x00000b07       0x34 C:/ST/STM32CubeCLT_1.16.0/GNU-tools-for-STM32/bin/../lib/gcc/arm-none-eabi/12.3.1/../../../../arm-none-eabi/lib/thumb/v7e-m+fp/hard\libg_nano.a(libc_a-errno.o)
 .ARM.attributes
                0x00000b3b       0x34 C:/ST/STM32CubeCLT_1.16.0/GNU-tools-for-STM32/bin/../lib/gcc/arm-none-eabi/12.3.1/../../../../arm-none-eabi/lib/thumb/v7e-m+fp/hard\libg_nano.a(libc_a-nano-vfprintf.o)
 .ARM.attributes
                0x00000b6f       0x34 C:/ST/STM32CubeCLT_1.16.0/GNU-tools-for-STM32/bin/../lib/gcc/arm-none-eabi/12.3.1/../../../../arm-none-eabi/lib/thumb/v7e-m+fp/hard\libg_nano.a(libc_a-nano-vfprintf_i.o)
 .ARM.attributes
                0x00000ba3       0x34 C:/ST/STM32CubeCLT_1.16.0/GNU-tools-for-STM32/bin/../lib/gcc/arm-none-eabi/12.3.1/../../../../arm-none-eabi/lib/thumb/v7e-m+fp/hard\libg_nano.a(libc_a-makebuf.o)
 .ARM.attributes
                0x00000bd7       0x34 C:/ST/STM32CubeCLT_1.16.0/GNU-tools-for-STM32/bin/../lib/gcc/arm-none-eabi/12.3.1/../../../../arm-none-eabi/lib/thumb/v7e-m+fp/hard\libg_nano.a(libc_a-putc.o)
 .ARM.attributes
                0x00000c0b       0x34 C:/ST/STM32CubeCLT_1.16.0/GNU-tools-for-STM32/bin/../lib/gcc/arm-none-eabi/12.3.1/../../../../arm-none-eabi/lib/thumb/v7e-m+fp/hard\libg_nano.a(libc_a-fstatr.o)
 .ARM.attributes
                0x00000c3f       0x34 C:/ST/STM32CubeCLT_1.16.0/GNU-tools-for-STM32/bin/../lib/gcc/arm-none-eabi/12.3.1/../../../../arm-none-eabi/lib/thumb/v7e-m+fp/hard\libg_nano.a(libc_a-isattyr.o)
 .ARM.attributes
                0x00000c73       0x1c C:/ST/STM32CubeCLT_1.16.0/GNU-tools-for-STM32/bin/../lib/gcc/arm-none-eabi/12.3.1/../../../../arm-none-eabi/lib/thumb/v7e-m+fp/hard\libg_nano.a(libc_a-memchr.o)
 .ARM.attributes
                0x00000c8f       0x22 C:/ST/STM32CubeCLT_1.16.0/GNU-tools-for-STM32/bin/../lib/gcc/arm-none-eabi/12.3.1/thumb/v7e-m+fp/hard/crtn.o
OUTPUT(ESC-FIRMWARE-V1.elf elf32-littlearm)
LOAD linker stubs
LOAD C:/ST/STM32CubeCLT_1.16.0/GNU-tools-for-STM32/bin/../lib/gcc/arm-none-eabi/12.3.1/../../../../arm-none-eabi/lib/thumb/v7e-m+fp/hard\libc.a
LOAD C:/ST/STM32CubeCLT_1.16.0/GNU-tools-for-STM32/bin/../lib/gcc/arm-none-eabi/12.3.1/../../../../arm-none-eabi/lib/thumb/v7e-m+fp/hard\libm.a
LOAD C:/ST/STM32CubeCLT_1.16.0/GNU-tools-for-STM32/bin/../lib/gcc/arm-none-eabi/12.3.1/thumb/v7e-m+fp/hard\libgcc.a

.debug_frame    0x00000000     0x797c
 .debug_frame   0x00000000      0x144 C:/ST/STM32CubeCLT_1.16.0/GNU-tools-for-STM32/bin/../lib/gcc/arm-none-eabi/12.3.1/../../../../arm-none-eabi/lib/thumb/v7e-m+fp/hard\libc_nano.a(libc_a-findfp.o)
 .debug_frame   0x00000144       0x34 C:/ST/STM32CubeCLT_1.16.0/GNU-tools-for-STM32/bin/../lib/gcc/arm-none-eabi/12.3.1/../../../../arm-none-eabi/lib/thumb/v7e-m+fp/hard\libc_nano.a(libc_a-fwalk.o)
 .debug_frame   0x00000178       0x88 C:/ST/STM32CubeCLT_1.16.0/GNU-tools-for-STM32/bin/../lib/gcc/arm-none-eabi/12.3.1/../../../../arm-none-eabi/lib/thumb/v7e-m+fp/hard\libc_nano.a(libc_a-stdio.o)
 .debug_frame   0x00000200       0x20 C:/ST/STM32CubeCLT_1.16.0/GNU-tools-for-STM32/bin/../lib/gcc/arm-none-eabi/12.3.1/../../../../arm-none-eabi/lib/thumb/v7e-m+fp/hard\libc_nano.a(libc_a-memset.o)
 .debug_frame   0x00000220       0x2c C:/ST/STM32CubeCLT_1.16.0/GNU-tools-for-STM32/bin/../lib/gcc/arm-none-eabi/12.3.1/../../../../arm-none-eabi/lib/thumb/v7e-m+fp/hard\libc_nano.a(libc_a-closer.o)
 .debug_frame   0x0000024c       0x38 C:/ST/STM32CubeCLT_1.16.0/GNU-tools-for-STM32/bin/../lib/gcc/arm-none-eabi/12.3.1/../../../../arm-none-eabi/lib/thumb/v7e-m+fp/hard\libc_nano.a(libc_a-reent.o)
 .debug_frame   0x00000284       0x2c C:/ST/STM32CubeCLT_1.16.0/GNU-tools-for-STM32/bin/../lib/gcc/arm-none-eabi/12.3.1/../../../../arm-none-eabi/lib/thumb/v7e-m+fp/hard\libc_nano.a(libc_a-lseekr.o)
 .debug_frame   0x000002b0       0x2c C:/ST/STM32CubeCLT_1.16.0/GNU-tools-for-STM32/bin/../lib/gcc/arm-none-eabi/12.3.1/../../../../arm-none-eabi/lib/thumb/v7e-m+fp/hard\libc_nano.a(libc_a-readr.o)
 .debug_frame   0x000002dc       0x2c C:/ST/STM32CubeCLT_1.16.0/GNU-tools-for-STM32/bin/../lib/gcc/arm-none-eabi/12.3.1/../../../../arm-none-eabi/lib/thumb/v7e-m+fp/hard\libc_nano.a(libc_a-writer.o)
 .debug_frame   0x00000308       0x2c C:/ST/STM32CubeCLT_1.16.0/GNU-tools-for-STM32/bin/../lib/gcc/arm-none-eabi/12.3.1/../../../../arm-none-eabi/lib/thumb/v7e-m+fp/hard\libc_nano.a(libc_a-init.o)
 .debug_frame   0x00000334       0xb0 C:/ST/STM32CubeCLT_1.16.0/GNU-tools-for-STM32/bin/../lib/gcc/arm-none-eabi/12.3.1/../../../../arm-none-eabi/lib/thumb/v7e-m+fp/hard\libc_nano.a(libc_a-lock.o)
 .debug_frame   0x000003e4       0x38 C:/ST/STM32CubeCLT_1.16.0/GNU-tools-for-STM32/bin/../lib/gcc/arm-none-eabi/12.3.1/../../../../arm-none-eabi/lib/thumb/v7e-m+fp/hard\libc_nano.a(libc_a-freer.o)
 .debug_frame   0x0000041c       0x50 C:/ST/STM32CubeCLT_1.16.0/GNU-tools-for-STM32/bin/../lib/gcc/arm-none-eabi/12.3.1/../../../../arm-none-eabi/lib/thumb/v7e-m+fp/hard\libc_nano.a(libc_a-mallocr.o)
 .debug_frame   0x0000046c       0x30 C:/ST/STM32CubeCLT_1.16.0/GNU-tools-for-STM32/bin/../lib/gcc/arm-none-eabi/12.3.1/../../../../arm-none-eabi/lib/thumb/v7e-m+fp/hard\libc_nano.a(libc_a-mlock.o)
 .debug_frame   0x0000049c       0x5c C:/ST/STM32CubeCLT_1.16.0/GNU-tools-for-STM32/bin/../lib/gcc/arm-none-eabi/12.3.1/../../../../arm-none-eabi/lib/thumb/v7e-m+fp/hard\libc_nano.a(libc_a-fflush.o)
 .debug_frame   0x000004f8       0x2c C:/ST/STM32CubeCLT_1.16.0/GNU-tools-for-STM32/bin/../lib/gcc/arm-none-eabi/12.3.1/../../../../arm-none-eabi/lib/thumb/v7e-m+fp/hard\libc_nano.a(libc_a-sbrkr.o)
 .debug_frame   0x00000524      0x15c CMakeFiles/ESC-FIRMWARE-V1.dir/Src/main.c.obj
 .debug_frame   0x00000680       0x2c CMakeFiles/ESC-FIRMWARE-V1.dir/Src/usb_device.c.obj
 .debug_frame   0x000006ac      0x494 CMakeFiles/ESC-FIRMWARE-V1.dir/Src/usbd_conf.c.obj
 .debug_frame   0x00000b40      0x188 CMakeFiles/ESC-FIRMWARE-V1.dir/Src/usbd_desc.c.obj
 .debug_frame   0x00000cc8       0xe4 CMakeFiles/ESC-FIRMWARE-V1.dir/Src/usbd_cdc_if.c.obj
 .debug_frame   0x00000dac      0x13c CMakeFiles/ESC-FIRMWARE-V1.dir/Src/stm32l4xx_it.c.obj
 .debug_frame   0x00000ee8      0x13c CMakeFiles/ESC-FIRMWARE-V1.dir/Src/stm32l4xx_hal_msp.c.obj